[0.003s][warning][gc] -XX:+PrintGCDetails is deprecated. Will use -Xlog:gc* instead.
[0.008s][info   ][gc,heap] Heap region size: 1M
[0.017s][info   ][gc     ] Using G1
[0.017s][info   ][gc,heap,coops] Heap address: 0x00000007c0000000, size: 1024 MB, Compressed Oops mode: Zero based, Oop shift amount: 3
正在执行...
[0.116s][info   ][gc,start     ] GC(0) Pause Young (Normal) (G1 Evacuation Pause)
[0.116s][info   ][gc,task      ] GC(0) Using 13 workers of 13 for evacuation
[0.125s][info   ][gc,phases    ] GC(0)   Pre Evacuate Collection Set: 0.0ms
[0.125s][info   ][gc,phases    ] GC(0)   Evacuate Collection Set: 8.4ms
[0.125s][info   ][gc,phases    ] GC(0)   Post Evacuate Collection Set: 0.2ms
[0.125s][info   ][gc,phases    ] GC(0)   Other: 0.7ms
[0.125s][info   ][gc,heap      ] GC(0) Eden regions: 51->0(44)
[0.125s][info   ][gc,heap      ] GC(0) Survivor regions: 0->7(7)
[0.125s][info   ][gc,heap      ] GC(0) Old regions: 0->14
[0.125s][info   ][gc,heap      ] GC(0) Humongous regions: 21->13
[0.125s][info   ][gc,metaspace ] GC(0) Metaspace: 3898K->3898K(1056768K)
[0.125s][info   ][gc           ] GC(0) Pause Young (Normal) (G1 Evacuation Pause) 71M->33M(1024M) 9.379ms
[0.125s][info   ][gc,cpu       ] GC(0) User=0.01s Sys=0.06s Real=0.01s
[0.135s][info   ][gc,start     ] GC(1) Pause Young (Normal) (G1 Evacuation Pause)
[0.135s][info   ][gc,task      ] GC(1) Using 13 workers of 13 for evacuation
[0.144s][info   ][gc,phases    ] GC(1)   Pre Evacuate Collection Set: 0.0ms
[0.144s][info   ][gc,phases    ] GC(1)   Evacuate Collection Set: 8.1ms
[0.144s][info   ][gc,phases    ] GC(1)   Post Evacuate Collection Set: 0.2ms
[0.144s][info   ][gc,phases    ] GC(1)   Other: 0.2ms
[0.144s][info   ][gc,heap      ] GC(1) Eden regions: 44->0(44)
[0.144s][info   ][gc,heap      ] GC(1) Survivor regions: 7->7(7)
[0.144s][info   ][gc,heap      ] GC(1) Old regions: 14->30
[0.144s][info   ][gc,heap      ] GC(1) Humongous regions: 33->23
[0.144s][info   ][gc,metaspace ] GC(1) Metaspace: 3898K->3898K(1056768K)
[0.144s][info   ][gc           ] GC(1) Pause Young (Normal) (G1 Evacuation Pause) 96M->59M(1024M) 8.594ms
[0.144s][info   ][gc,cpu       ] GC(1) User=0.02s Sys=0.06s Real=0.00s
[0.156s][info   ][gc,start     ] GC(2) Pause Young (Normal) (G1 Evacuation Pause)
[0.156s][info   ][gc,task      ] GC(2) Using 13 workers of 13 for evacuation
[0.164s][info   ][gc,phases    ] GC(2)   Pre Evacuate Collection Set: 0.0ms
[0.164s][info   ][gc,phases    ] GC(2)   Evacuate Collection Set: 8.0ms
[0.164s][info   ][gc,phases    ] GC(2)   Post Evacuate Collection Set: 0.2ms
[0.164s][info   ][gc,phases    ] GC(2)   Other: 0.1ms
[0.164s][info   ][gc,heap      ] GC(2) Eden regions: 44->0(50)
[0.164s][info   ][gc,heap      ] GC(2) Survivor regions: 7->7(7)
[0.164s][info   ][gc,heap      ] GC(2) Old regions: 30->46
[0.164s][info   ][gc,heap      ] GC(2) Humongous regions: 56->39
[0.164s][info   ][gc,metaspace ] GC(2) Metaspace: 3898K->3898K(1056768K)
[0.164s][info   ][gc           ] GC(2) Pause Young (Normal) (G1 Evacuation Pause) 136M->91M(1024M) 8.375ms
[0.164s][info   ][gc,cpu       ] GC(2) User=0.01s Sys=0.05s Real=0.00s
[0.172s][info   ][gc,start     ] GC(3) Pause Young (Normal) (G1 Evacuation Pause)
[0.172s][info   ][gc,task      ] GC(3) Using 13 workers of 13 for evacuation
[0.183s][info   ][gc,phases    ] GC(3)   Pre Evacuate Collection Set: 0.0ms
[0.183s][info   ][gc,phases    ] GC(3)   Evacuate Collection Set: 10.6ms
[0.183s][info   ][gc,phases    ] GC(3)   Post Evacuate Collection Set: 0.2ms
[0.183s][info   ][gc,phases    ] GC(3)   Other: 0.1ms
[0.183s][info   ][gc,heap      ] GC(3) Eden regions: 50->0(68)
[0.183s][info   ][gc,heap      ] GC(3) Survivor regions: 7->8(8)
[0.183s][info   ][gc,heap      ] GC(3) Old regions: 46->66
[0.183s][info   ][gc,heap      ] GC(3) Humongous regions: 60->49
[0.183s][info   ][gc,metaspace ] GC(3) Metaspace: 3898K->3898K(1056768K)
[0.183s][info   ][gc           ] GC(3) Pause Young (Normal) (G1 Evacuation Pause) 162M->122M(1024M) 11.016ms
[0.183s][info   ][gc,cpu       ] GC(3) User=0.01s Sys=0.08s Real=0.01s
[0.203s][info   ][gc,start     ] GC(4) Pause Young (Normal) (G1 Evacuation Pause)
[0.203s][info   ][gc,task      ] GC(4) Using 13 workers of 13 for evacuation
[0.217s][info   ][gc,phases    ] GC(4)   Pre Evacuate Collection Set: 0.0ms
[0.217s][info   ][gc,phases    ] GC(4)   Evacuate Collection Set: 13.5ms
[0.217s][info   ][gc,phases    ] GC(4)   Post Evacuate Collection Set: 0.3ms
[0.217s][info   ][gc,phases    ] GC(4)   Other: 0.2ms
[0.217s][info   ][gc,heap      ] GC(4) Eden regions: 68->0(604)
[0.217s][info   ][gc,heap      ] GC(4) Survivor regions: 8->10(10)
[0.217s][info   ][gc,heap      ] GC(4) Old regions: 66->91
[0.217s][info   ][gc,heap      ] GC(4) Humongous regions: 92->63
[0.217s][info   ][gc,metaspace ] GC(4) Metaspace: 3898K->3898K(1056768K)
[0.217s][info   ][gc           ] GC(4) Pause Young (Normal) (G1 Evacuation Pause) 233M->163M(1024M) 14.066ms
[0.217s][info   ][gc,cpu       ] GC(4) User=0.02s Sys=0.11s Real=0.02s
[0.521s][info   ][gc,start     ] GC(5) Pause Young (Concurrent Start) (G1 Humongous Allocation)
[0.521s][info   ][gc,task      ] GC(5) Using 13 workers of 13 for evacuation
[0.541s][info   ][gc           ] GC(5) To-space exhausted
[0.541s][info   ][gc,phases    ] GC(5)   Pre Evacuate Collection Set: 0.1ms
[0.541s][info   ][gc,phases    ] GC(5)   Evacuate Collection Set: 14.7ms
[0.541s][info   ][gc,phases    ] GC(5)   Post Evacuate Collection Set: 4.5ms
[0.541s][info   ][gc,phases    ] GC(5)   Other: 0.4ms
[0.541s][info   ][gc,heap      ] GC(5) Eden regions: 514->0(137)
[0.541s][info   ][gc,heap      ] GC(5) Survivor regions: 10->39(77)
[0.541s][info   ][gc,heap      ] GC(5) Old regions: 91->508
[0.541s][info   ][gc,heap      ] GC(5) Humongous regions: 370->144
[0.541s][info   ][gc,metaspace ] GC(5) Metaspace: 3898K->3898K(1056768K)
[0.541s][info   ][gc           ] GC(5) Pause Young (Concurrent Start) (G1 Humongous Allocation) 984M->691M(1024M) 19.760ms
[0.541s][info   ][gc,cpu       ] GC(5) User=0.03s Sys=0.14s Real=0.02s
[0.541s][info   ][gc           ] GC(6) Concurrent Cycle
[0.541s][info   ][gc,marking   ] GC(6) Concurrent Clear Claimed Marks
[0.541s][info   ][gc,marking   ] GC(6) Concurrent Clear Claimed Marks 0.021ms
[0.541s][info   ][gc,marking   ] GC(6) Concurrent Scan Root Regions
[0.541s][info   ][gc,marking   ] GC(6) Concurrent Scan Root Regions 0.266ms
[0.541s][info   ][gc,marking   ] GC(6) Concurrent Mark (0.541s)
[0.541s][info   ][gc,marking   ] GC(6) Concurrent Mark From Roots
[0.541s][info   ][gc,task      ] GC(6) Using 3 workers of 3 for marking
[0.544s][info   ][gc,marking   ] GC(6) Concurrent Mark From Roots 2.636ms
[0.544s][info   ][gc,marking   ] GC(6) Concurrent Preclean
[0.544s][info   ][gc,marking   ] GC(6) Concurrent Preclean 0.026ms
[0.544s][info   ][gc,marking   ] GC(6) Concurrent Mark (0.541s, 0.544s) 2.782ms
[0.544s][info   ][gc,start     ] GC(6) Pause Remark
[0.545s][info   ][gc,stringtable] GC(6) Cleaned string and symbol table, strings: 1523 processed, 0 removed, symbols: 17835 processed, 0 removed
[0.545s][info   ][gc            ] GC(6) Pause Remark 713M->712M(1024M) 0.716ms
[0.545s][info   ][gc,cpu        ] GC(6) User=0.00s Sys=0.00s Real=0.01s
[0.545s][info   ][gc,marking    ] GC(6) Concurrent Rebuild Remembered Sets
[0.546s][info   ][gc,marking    ] GC(6) Concurrent Rebuild Remembered Sets 1.105ms
[0.546s][info   ][gc,start      ] GC(6) Pause Cleanup
[0.547s][info   ][gc            ] GC(6) Pause Cleanup 724M->724M(1024M) 0.275ms
[0.547s][info   ][gc,cpu        ] GC(6) User=0.01s Sys=0.00s Real=0.00s
[0.547s][info   ][gc,marking    ] GC(6) Concurrent Cleanup for Next Mark
[0.550s][info   ][gc,marking    ] GC(6) Concurrent Cleanup for Next Mark 2.977ms
[0.550s][info   ][gc            ] GC(6) Concurrent Cycle 8.723ms
[0.573s][info   ][gc,start      ] GC(7) Pause Young (Prepare Mixed) (G1 Evacuation Pause)
[0.573s][info   ][gc,task       ] GC(7) Using 13 workers of 13 for evacuation
[0.584s][info   ][gc,phases     ] GC(7)   Pre Evacuate Collection Set: 0.1ms
[0.584s][info   ][gc,phases     ] GC(7)   Evacuate Collection Set: 9.8ms
[0.584s][info   ][gc,phases     ] GC(7)   Post Evacuate Collection Set: 0.3ms
[0.584s][info   ][gc,phases     ] GC(7)   Other: 0.2ms
[0.584s][info   ][gc,heap       ] GC(7) Eden regions: 137->0(29)
[0.584s][info   ][gc,heap       ] GC(7) Survivor regions: 39->22(22)
[0.584s][info   ][gc,heap       ] GC(7) Old regions: 507->570
[0.584s][info   ][gc,heap       ] GC(7) Humongous regions: 240->155
[0.584s][info   ][gc,metaspace  ] GC(7) Metaspace: 3898K->3898K(1056768K)
[0.584s][info   ][gc            ] GC(7) Pause Young (Prepare Mixed) (G1 Evacuation Pause) 923M->746M(1024M) 10.316ms
[0.584s][info   ][gc,cpu        ] GC(7) User=0.04s Sys=0.06s Real=0.01s
[0.589s][info   ][gc,start      ] GC(8) Pause Young (Mixed) (G1 Evacuation Pause)
[0.589s][info   ][gc,task       ] GC(8) Using 13 workers of 13 for evacuation
[0.593s][info   ][gc,phases     ] GC(8)   Pre Evacuate Collection Set: 0.1ms
[0.593s][info   ][gc,phases     ] GC(8)   Evacuate Collection Set: 3.7ms
[0.593s][info   ][gc,phases     ] GC(8)   Post Evacuate Collection Set: 0.2ms
[0.593s][info   ][gc,phases     ] GC(8)   Other: 0.2ms
[0.593s][info   ][gc,heap       ] GC(8) Eden regions: 29->0(44)
[0.593s][info   ][gc,heap       ] GC(8) Survivor regions: 22->7(7)
[0.593s][info   ][gc,heap       ] GC(8) Old regions: 570->495
[0.593s][info   ][gc,heap       ] GC(8) Humongous regions: 172->157
[0.593s][info   ][gc,metaspace  ] GC(8) Metaspace: 3898K->3898K(1056768K)
[0.593s][info   ][gc            ] GC(8) Pause Young (Mixed) (G1 Evacuation Pause) 792M->658M(1024M) 4.247ms
[0.593s][info   ][gc,cpu        ] GC(8) User=0.02s Sys=0.02s Real=0.00s
[0.600s][info   ][gc,start      ] GC(9) Pause Young (Mixed) (G1 Evacuation Pause)
[0.600s][info   ][gc,task       ] GC(9) Using 13 workers of 13 for evacuation
[0.605s][info   ][gc,phases     ] GC(9)   Pre Evacuate Collection Set: 0.1ms
[0.605s][info   ][gc,phases     ] GC(9)   Evacuate Collection Set: 4.1ms
[0.605s][info   ][gc,phases     ] GC(9)   Post Evacuate Collection Set: 0.2ms
[0.605s][info   ][gc,phases     ] GC(9)   Other: 0.1ms
[0.605s][info   ][gc,heap       ] GC(9) Eden regions: 44->0(44)
[0.605s][info   ][gc,heap       ] GC(9) Survivor regions: 7->7(7)
[0.605s][info   ][gc,heap       ] GC(9) Old regions: 495->421
[0.605s][info   ][gc,heap       ] GC(9) Humongous regions: 183->168
[0.605s][info   ][gc,metaspace  ] GC(9) Metaspace: 3898K->3898K(1056768K)
[0.605s][info   ][gc            ] GC(9) Pause Young (Mixed) (G1 Evacuation Pause) 728M->595M(1024M) 4.593ms
[0.605s][info   ][gc,cpu        ] GC(9) User=0.02s Sys=0.02s Real=0.00s
[0.613s][info   ][gc,start      ] GC(10) Pause Young (Mixed) (G1 Evacuation Pause)
[0.613s][info   ][gc,task       ] GC(10) Using 13 workers of 13 for evacuation
[0.617s][info   ][gc,phases     ] GC(10)   Pre Evacuate Collection Set: 0.1ms
[0.617s][info   ][gc,phases     ] GC(10)   Evacuate Collection Set: 3.4ms
[0.617s][info   ][gc,phases     ] GC(10)   Post Evacuate Collection Set: 0.2ms
[0.617s][info   ][gc,phases     ] GC(10)   Other: 0.1ms
[0.617s][info   ][gc,heap       ] GC(10) Eden regions: 44->0(44)
[0.617s][info   ][gc,heap       ] GC(10) Survivor regions: 7->7(7)
[0.617s][info   ][gc,heap       ] GC(10) Old regions: 421->349
[0.617s][info   ][gc,heap       ] GC(10) Humongous regions: 200->176
[0.617s][info   ][gc,metaspace  ] GC(10) Metaspace: 3898K->3898K(1056768K)
[0.617s][info   ][gc            ] GC(10) Pause Young (Mixed) (G1 Evacuation Pause) 671M->531M(1024M) 3.959ms
[0.617s][info   ][gc,cpu        ] GC(10) User=0.02s Sys=0.01s Real=0.01s
[0.624s][info   ][gc,start      ] GC(11) Pause Young (Mixed) (G1 Evacuation Pause)
[0.624s][info   ][gc,task       ] GC(11) Using 13 workers of 13 for evacuation
[0.628s][info   ][gc,phases     ] GC(11)   Pre Evacuate Collection Set: 0.1ms
[0.628s][info   ][gc,phases     ] GC(11)   Evacuate Collection Set: 4.0ms
[0.628s][info   ][gc,phases     ] GC(11)   Post Evacuate Collection Set: 0.2ms
[0.628s][info   ][gc,phases     ] GC(11)   Other: 0.2ms
[0.628s][info   ][gc,heap       ] GC(11) Eden regions: 44->0(233)
[0.628s][info   ][gc,heap       ] GC(11) Survivor regions: 7->7(7)
[0.628s][info   ][gc,heap       ] GC(11) Old regions: 349->303
[0.628s][info   ][gc,heap       ] GC(11) Humongous regions: 194->174
[0.628s][info   ][gc,metaspace  ] GC(11) Metaspace: 3898K->3898K(1056768K)
[0.628s][info   ][gc            ] GC(11) Pause Young (Mixed) (G1 Evacuation Pause) 593M->483M(1024M) 4.605ms
[0.628s][info   ][gc,cpu        ] GC(11) User=0.04s Sys=0.01s Real=0.01s
[0.629s][info   ][gc,start      ] GC(12) Pause Young (Concurrent Start) (G1 Humongous Allocation)
[0.629s][info   ][gc,task       ] GC(12) Using 13 workers of 13 for evacuation
[0.630s][info   ][gc,phases     ] GC(12)   Pre Evacuate Collection Set: 0.1ms
[0.630s][info   ][gc,phases     ] GC(12)   Evacuate Collection Set: 0.8ms
[0.630s][info   ][gc,phases     ] GC(12)   Post Evacuate Collection Set: 0.1ms
[0.630s][info   ][gc,phases     ] GC(12)   Other: 0.1ms
[0.630s][info   ][gc,heap       ] GC(12) Eden regions: 1->0(177)
[0.630s][info   ][gc,heap       ] GC(12) Survivor regions: 7->7(30)
[0.630s][info   ][gc,heap       ] GC(12) Old regions: 303->303
[0.630s][info   ][gc,heap       ] GC(12) Humongous regions: 174->174
[0.630s][info   ][gc,metaspace  ] GC(12) Metaspace: 3898K->3898K(1056768K)
[0.630s][info   ][gc            ] GC(12) Pause Young (Concurrent Start) (G1 Humongous Allocation) 483M->482M(1024M) 1.120ms
[0.630s][info   ][gc,cpu        ] GC(12) User=0.01s Sys=0.00s Real=0.00s
[0.630s][info   ][gc            ] GC(13) Concurrent Cycle
[0.630s][info   ][gc,marking    ] GC(13) Concurrent Clear Claimed Marks
[0.630s][info   ][gc,marking    ] GC(13) Concurrent Clear Claimed Marks 0.006ms
[0.630s][info   ][gc,marking    ] GC(13) Concurrent Scan Root Regions
[0.630s][info   ][gc,marking    ] GC(13) Concurrent Scan Root Regions 0.030ms
[0.630s][info   ][gc,marking    ] GC(13) Concurrent Mark (0.630s)
[0.630s][info   ][gc,marking    ] GC(13) Concurrent Mark From Roots
[0.630s][info   ][gc,task       ] GC(13) Using 3 workers of 3 for marking
[0.631s][info   ][gc,marking    ] GC(13) Concurrent Mark From Roots 0.844ms
[0.631s][info   ][gc,marking    ] GC(13) Concurrent Preclean
[0.631s][info   ][gc,marking    ] GC(13) Concurrent Preclean 0.030ms
[0.631s][info   ][gc,marking    ] GC(13) Concurrent Mark (0.630s, 0.631s) 0.898ms
[0.631s][info   ][gc,start      ] GC(13) Pause Remark
[0.631s][info   ][gc,stringtable] GC(13) Cleaned string and symbol table, strings: 1524 processed, 0 removed, symbols: 17835 processed, 0 removed
[0.631s][info   ][gc            ] GC(13) Pause Remark 492M->482M(1024M) 0.549ms
[0.631s][info   ][gc,cpu        ] GC(13) User=0.00s Sys=0.00s Real=0.00s
[0.631s][info   ][gc,marking    ] GC(13) Concurrent Rebuild Remembered Sets
[0.632s][info   ][gc,marking    ] GC(13) Concurrent Rebuild Remembered Sets 0.821ms
[0.632s][info   ][gc,start      ] GC(13) Pause Cleanup
[0.633s][info   ][gc            ] GC(13) Pause Cleanup 487M->487M(1024M) 0.170ms
[0.633s][info   ][gc,cpu        ] GC(13) User=0.00s Sys=0.00s Real=0.00s
[0.633s][info   ][gc,marking    ] GC(13) Concurrent Cleanup for Next Mark
[0.636s][info   ][gc,marking    ] GC(13) Concurrent Cleanup for Next Mark 3.009ms
[0.636s][info   ][gc            ] GC(13) Concurrent Cycle 5.899ms
[0.667s][info   ][gc,start      ] GC(14) Pause Young (Prepare Mixed) (G1 Evacuation Pause)
[0.667s][info   ][gc,task       ] GC(14) Using 13 workers of 13 for evacuation
[0.673s][info   ][gc,phases     ] GC(14)   Pre Evacuate Collection Set: 0.1ms
[0.673s][info   ][gc,phases     ] GC(14)   Evacuate Collection Set: 5.6ms
[0.673s][info   ][gc,phases     ] GC(14)   Post Evacuate Collection Set: 0.3ms
[0.673s][info   ][gc,phases     ] GC(14)   Other: 0.1ms
[0.673s][info   ][gc,heap       ] GC(14) Eden regions: 177->0(28)
[0.673s][info   ][gc,heap       ] GC(14) Survivor regions: 7->23(23)
[0.673s][info   ][gc,heap       ] GC(14) Old regions: 293->336
[0.673s][info   ][gc,heap       ] GC(14) Humongous regions: 292->174
[0.673s][info   ][gc,metaspace  ] GC(14) Metaspace: 3898K->3898K(1056768K)
[0.673s][info   ][gc            ] GC(14) Pause Young (Prepare Mixed) (G1 Evacuation Pause) 767M->532M(1024M) 6.208ms
[0.673s][info   ][gc,cpu        ] GC(14) User=0.07s Sys=0.00s Real=0.00s
[0.679s][info   ][gc,start      ] GC(15) Pause Young (Mixed) (G1 Evacuation Pause)
[0.679s][info   ][gc,task       ] GC(15) Using 13 workers of 13 for evacuation
[0.685s][info   ][gc,phases     ] GC(15)   Pre Evacuate Collection Set: 0.1ms
[0.685s][info   ][gc,phases     ] GC(15)   Evacuate Collection Set: 4.8ms
[0.685s][info   ][gc,phases     ] GC(15)   Post Evacuate Collection Set: 0.2ms
[0.685s][info   ][gc,phases     ] GC(15)   Other: 0.2ms
[0.685s][info   ][gc,heap       ] GC(15) Eden regions: 28->0(198)
[0.685s][info   ][gc,heap       ] GC(15) Survivor regions: 23->7(7)
[0.685s][info   ][gc,heap       ] GC(15) Old regions: 336->300
[0.685s][info   ][gc,heap       ] GC(15) Humongous regions: 190->172
[0.685s][info   ][gc,metaspace  ] GC(15) Metaspace: 3898K->3898K(1056768K)
[0.685s][info   ][gc            ] GC(15) Pause Young (Mixed) (G1 Evacuation Pause) 576M->478M(1024M) 5.426ms
[0.685s][info   ][gc,cpu        ] GC(15) User=0.03s Sys=0.02s Real=0.01s
[0.685s][info   ][gc,start      ] GC(16) Pause Young (Concurrent Start) (G1 Humongous Allocation)
[0.685s][info   ][gc,task       ] GC(16) Using 13 workers of 13 for evacuation
[0.686s][info   ][gc,phases     ] GC(16)   Pre Evacuate Collection Set: 0.1ms
[0.686s][info   ][gc,phases     ] GC(16)   Evacuate Collection Set: 0.9ms
[0.686s][info   ][gc,phases     ] GC(16)   Post Evacuate Collection Set: 0.1ms
[0.686s][info   ][gc,phases     ] GC(16)   Other: 0.1ms
[0.686s][info   ][gc,heap       ] GC(16) Eden regions: 1->0(169)
[0.686s][info   ][gc,heap       ] GC(16) Survivor regions: 7->8(26)
[0.686s][info   ][gc,heap       ] GC(16) Old regions: 300->300
[0.686s][info   ][gc,heap       ] GC(16) Humongous regions: 172->172
[0.686s][info   ][gc,metaspace  ] GC(16) Metaspace: 3898K->3898K(1056768K)
[0.686s][info   ][gc            ] GC(16) Pause Young (Concurrent Start) (G1 Humongous Allocation) 479M->478M(1024M) 1.264ms
[0.686s][info   ][gc,cpu        ] GC(16) User=0.01s Sys=0.00s Real=0.00s
[0.686s][info   ][gc            ] GC(17) Concurrent Cycle
[0.686s][info   ][gc,marking    ] GC(17) Concurrent Clear Claimed Marks
[0.686s][info   ][gc,marking    ] GC(17) Concurrent Clear Claimed Marks 0.007ms
[0.686s][info   ][gc,marking    ] GC(17) Concurrent Scan Root Regions
[0.686s][info   ][gc,marking    ] GC(17) Concurrent Scan Root Regions 0.030ms
[0.686s][info   ][gc,marking    ] GC(17) Concurrent Mark (0.686s)
[0.686s][info   ][gc,marking    ] GC(17) Concurrent Mark From Roots
[0.686s][info   ][gc,task       ] GC(17) Using 3 workers of 3 for marking
[0.687s][info   ][gc,marking    ] GC(17) Concurrent Mark From Roots 0.873ms
[0.687s][info   ][gc,marking    ] GC(17) Concurrent Preclean
[0.687s][info   ][gc,marking    ] GC(17) Concurrent Preclean 0.034ms
[0.687s][info   ][gc,marking    ] GC(17) Concurrent Mark (0.686s, 0.687s) 0.942ms
[0.687s][info   ][gc,start      ] GC(17) Pause Remark
[0.688s][info   ][gc,stringtable] GC(17) Cleaned string and symbol table, strings: 1524 processed, 0 removed, symbols: 17835 processed, 0 removed
[0.688s][info   ][gc            ] GC(17) Pause Remark 485M->481M(1024M) 0.590ms
[0.688s][info   ][gc,cpu        ] GC(17) User=0.00s Sys=0.00s Real=0.00s
[0.688s][info   ][gc,marking    ] GC(17) Concurrent Rebuild Remembered Sets
[0.689s][info   ][gc,marking    ] GC(17) Concurrent Rebuild Remembered Sets 0.799ms
[0.689s][info   ][gc,start      ] GC(17) Pause Cleanup
[0.689s][info   ][gc            ] GC(17) Pause Cleanup 487M->487M(1024M) 0.178ms
[0.689s][info   ][gc,cpu        ] GC(17) User=0.01s Sys=0.00s Real=0.00s
[0.689s][info   ][gc,marking    ] GC(17) Concurrent Cleanup for Next Mark
[0.690s][info   ][gc,marking    ] GC(17) Concurrent Cleanup for Next Mark 1.168ms
[0.690s][info   ][gc            ] GC(17) Concurrent Cycle 4.098ms
[0.722s][info   ][gc,start      ] GC(18) Pause Young (Prepare Mixed) (G1 Evacuation Pause)
[0.722s][info   ][gc,task       ] GC(18) Using 13 workers of 13 for evacuation
[0.729s][info   ][gc,phases     ] GC(18)   Pre Evacuate Collection Set: 0.1ms
[0.729s][info   ][gc,phases     ] GC(18)   Evacuate Collection Set: 5.7ms
[0.729s][info   ][gc,phases     ] GC(18)   Post Evacuate Collection Set: 0.3ms
[0.729s][info   ][gc,phases     ] GC(18)   Other: 0.1ms
[0.729s][info   ][gc,heap       ] GC(18) Eden regions: 169->0(28)
[0.729s][info   ][gc,heap       ] GC(18) Survivor regions: 8->23(23)
[0.729s][info   ][gc,heap       ] GC(18) Old regions: 296->339
[0.729s][info   ][gc,heap       ] GC(18) Humongous regions: 261->173
[0.729s][info   ][gc,metaspace  ] GC(18) Metaspace: 3898K->3898K(1056768K)
[0.729s][info   ][gc            ] GC(18) Pause Young (Prepare Mixed) (G1 Evacuation Pause) 732M->534M(1024M) 6.339ms
[0.729s][info   ][gc,cpu        ] GC(18) User=0.07s Sys=0.01s Real=0.01s
[0.734s][info   ][gc,start      ] GC(19) Pause Young (Mixed) (G1 Evacuation Pause)
[0.734s][info   ][gc,task       ] GC(19) Using 13 workers of 13 for evacuation
[0.740s][info   ][gc,phases     ] GC(19)   Pre Evacuate Collection Set: 0.1ms
[0.740s][info   ][gc,phases     ] GC(19)   Evacuate Collection Set: 5.5ms
[0.740s][info   ][gc,phases     ] GC(19)   Post Evacuate Collection Set: 0.2ms
[0.740s][info   ][gc,phases     ] GC(19)   Other: 0.2ms
[0.740s][info   ][gc,heap       ] GC(19) Eden regions: 28->0(183)
[0.740s][info   ][gc,heap       ] GC(19) Survivor regions: 23->7(7)
[0.740s][info   ][gc,heap       ] GC(19) Old regions: 339->308
[0.740s][info   ][gc,heap       ] GC(19) Humongous regions: 184->170
[0.740s][info   ][gc,metaspace  ] GC(19) Metaspace: 3898K->3898K(1056768K)
[0.740s][info   ][gc            ] GC(19) Pause Young (Mixed) (G1 Evacuation Pause) 573M->484M(1024M) 6.148ms
[0.740s][info   ][gc,cpu        ] GC(19) User=0.04s Sys=0.02s Real=0.01s
[0.775s][info   ][gc,start      ] GC(20) Pause Young (Concurrent Start) (G1 Evacuation Pause)
[0.775s][info   ][gc,task       ] GC(20) Using 13 workers of 13 for evacuation
[0.782s][info   ][gc,phases     ] GC(20)   Pre Evacuate Collection Set: 0.2ms
[0.782s][info   ][gc,phases     ] GC(20)   Evacuate Collection Set: 6.5ms
[0.782s][info   ][gc,phases     ] GC(20)   Post Evacuate Collection Set: 0.3ms
[0.782s][info   ][gc,phases     ] GC(20)   Other: 0.3ms
[0.782s][info   ][gc,heap       ] GC(20) Eden regions: 183->0(163)
[0.782s][info   ][gc,heap       ] GC(20) Survivor regions: 7->24(24)
[0.782s][info   ][gc,heap       ] GC(20) Old regions: 308->354
[0.782s][info   ][gc,heap       ] GC(20) Humongous regions: 275->174
[0.782s][info   ][gc,metaspace  ] GC(20) Metaspace: 3898K->3898K(1056768K)
[0.782s][info   ][gc            ] GC(20) Pause Young (Concurrent Start) (G1 Evacuation Pause) 772M->551M(1024M) 7.394ms
[0.782s][info   ][gc,cpu        ] GC(20) User=0.07s Sys=0.00s Real=0.01s
[0.782s][info   ][gc            ] GC(21) Concurrent Cycle
[0.782s][info   ][gc,marking    ] GC(21) Concurrent Clear Claimed Marks
[0.782s][info   ][gc,marking    ] GC(21) Concurrent Clear Claimed Marks 0.008ms
[0.782s][info   ][gc,marking    ] GC(21) Concurrent Scan Root Regions
[0.782s][info   ][gc,marking    ] GC(21) Concurrent Scan Root Regions 0.060ms
[0.782s][info   ][gc,marking    ] GC(21) Concurrent Mark (0.782s)
[0.782s][info   ][gc,marking    ] GC(21) Concurrent Mark From Roots
[0.782s][info   ][gc,task       ] GC(21) Using 3 workers of 3 for marking
[0.784s][info   ][gc,marking    ] GC(21) Concurrent Mark From Roots 1.584ms
[0.784s][info   ][gc,marking    ] GC(21) Concurrent Preclean
[0.784s][info   ][gc,marking    ] GC(21) Concurrent Preclean 0.040ms
[0.784s][info   ][gc,marking    ] GC(21) Concurrent Mark (0.782s, 0.784s) 1.682ms
[0.784s][info   ][gc,start      ] GC(21) Pause Remark
[0.784s][info   ][gc,stringtable] GC(21) Cleaned string and symbol table, strings: 1524 processed, 0 removed, symbols: 17835 processed, 0 removed
[0.785s][info   ][gc            ] GC(21) Pause Remark 564M->556M(1024M) 0.705ms
[0.785s][info   ][gc,cpu        ] GC(21) User=0.00s Sys=0.00s Real=0.01s
[0.785s][info   ][gc,marking    ] GC(21) Concurrent Rebuild Remembered Sets
[0.786s][info   ][gc,marking    ] GC(21) Concurrent Rebuild Remembered Sets 1.187ms
[0.786s][info   ][gc,start      ] GC(21) Pause Cleanup
[0.786s][info   ][gc            ] GC(21) Pause Cleanup 563M->563M(1024M) 0.241ms
[0.786s][info   ][gc,cpu        ] GC(21) User=0.00s Sys=0.00s Real=0.00s
[0.786s][info   ][gc,marking    ] GC(21) Concurrent Cleanup for Next Mark
[0.788s][info   ][gc,marking    ] GC(21) Concurrent Cleanup for Next Mark 1.524ms
[0.788s][info   ][gc            ] GC(21) Concurrent Cycle 5.917ms
[0.819s][info   ][gc,start      ] GC(22) Pause Young (Prepare Mixed) (G1 Evacuation Pause)
[0.819s][info   ][gc,task       ] GC(22) Using 13 workers of 13 for evacuation
[0.827s][info   ][gc,phases     ] GC(22)   Pre Evacuate Collection Set: 0.1ms
[0.827s][info   ][gc,phases     ] GC(22)   Evacuate Collection Set: 7.9ms
[0.827s][info   ][gc,phases     ] GC(22)   Post Evacuate Collection Set: 0.4ms
[0.827s][info   ][gc,phases     ] GC(22)   Other: 0.1ms
[0.827s][info   ][gc,heap       ] GC(22) Eden regions: 163->0(27)
[0.827s][info   ][gc,heap       ] GC(22) Survivor regions: 24->24(24)
[0.827s][info   ][gc,heap       ] GC(22) Old regions: 346->407
[0.827s][info   ][gc,heap       ] GC(22) Humongous regions: 267->164
[0.827s][info   ][gc,metaspace  ] GC(22) Metaspace: 3898K->3898K(1056768K)
[0.827s][info   ][gc            ] GC(22) Pause Young (Prepare Mixed) (G1 Evacuation Pause) 799M->594M(1024M) 8.653ms
[0.827s][info   ][gc,cpu        ] GC(22) User=0.10s Sys=0.01s Real=0.01s
[0.835s][info   ][gc,start      ] GC(23) Pause Young (Mixed) (G1 Evacuation Pause)
[0.835s][info   ][gc,task       ] GC(23) Using 13 workers of 13 for evacuation
[0.841s][info   ][gc,phases     ] GC(23)   Pre Evacuate Collection Set: 0.1ms
[0.841s][info   ][gc,phases     ] GC(23)   Evacuate Collection Set: 5.2ms
[0.841s][info   ][gc,phases     ] GC(23)   Post Evacuate Collection Set: 0.3ms
[0.841s][info   ][gc,phases     ] GC(23)   Other: 0.2ms
[0.841s][info   ][gc,heap       ] GC(23) Eden regions: 27->0(44)
[0.841s][info   ][gc,heap       ] GC(23) Survivor regions: 24->7(7)
[0.841s][info   ][gc,heap       ] GC(23) Old regions: 407->354
[0.841s][info   ][gc,heap       ] GC(23) Humongous regions: 179->166
[0.841s][info   ][gc,metaspace  ] GC(23) Metaspace: 3898K->3898K(1056768K)
[0.841s][info   ][gc            ] GC(23) Pause Young (Mixed) (G1 Evacuation Pause) 636M->526M(1024M) 5.945ms
[0.841s][info   ][gc,cpu        ] GC(23) User=0.04s Sys=0.01s Real=0.00s
[0.852s][info   ][gc,start      ] GC(24) Pause Young (Mixed) (G1 Evacuation Pause)
[0.852s][info   ][gc,task       ] GC(24) Using 13 workers of 13 for evacuation
[0.857s][info   ][gc,phases     ] GC(24)   Pre Evacuate Collection Set: 0.1ms
[0.857s][info   ][gc,phases     ] GC(24)   Evacuate Collection Set: 4.0ms
[0.857s][info   ][gc,phases     ] GC(24)   Post Evacuate Collection Set: 0.3ms
[0.857s][info   ][gc,phases     ] GC(24)   Other: 0.2ms
[0.857s][info   ][gc,heap       ] GC(24) Eden regions: 44->0(189)
[0.857s][info   ][gc,heap       ] GC(24) Survivor regions: 7->7(7)
[0.857s][info   ][gc,heap       ] GC(24) Old regions: 354->342
[0.857s][info   ][gc,heap       ] GC(24) Humongous regions: 204->173
[0.857s][info   ][gc,metaspace  ] GC(24) Metaspace: 3898K->3898K(1056768K)
[0.857s][info   ][gc            ] GC(24) Pause Young (Mixed) (G1 Evacuation Pause) 608M->521M(1024M) 4.706ms
[0.857s][info   ][gc,cpu        ] GC(24) User=0.05s Sys=0.00s Real=0.01s
[0.894s][info   ][gc,start      ] GC(25) Pause Young (Normal) (G1 Evacuation Pause)
[0.894s][info   ][gc,task       ] GC(25) Using 13 workers of 13 for evacuation
[0.902s][info   ][gc,phases     ] GC(25)   Pre Evacuate Collection Set: 0.1ms
[0.902s][info   ][gc,phases     ] GC(25)   Evacuate Collection Set: 7.0ms
[0.902s][info   ][gc,phases     ] GC(25)   Post Evacuate Collection Set: 0.3ms
[0.902s][info   ][gc,phases     ] GC(25)   Other: 0.2ms
[0.902s][info   ][gc,heap       ] GC(25) Eden regions: 189->0(165)
[0.902s][info   ][gc,heap       ] GC(25) Survivor regions: 7->25(25)
[0.902s][info   ][gc,heap       ] GC(25) Old regions: 342->395
[0.902s][info   ][gc,heap       ] GC(25) Humongous regions: 253->156
[0.902s][info   ][gc,metaspace  ] GC(25) Metaspace: 3898K->3898K(1056768K)
[0.902s][info   ][gc            ] GC(25) Pause Young (Normal) (G1 Evacuation Pause) 790M->575M(1024M) 7.746ms
[0.902s][info   ][gc,cpu        ] GC(25) User=0.08s Sys=0.00s Real=0.01s
[0.919s][info   ][gc,start      ] GC(26) Pause Young (Concurrent Start) (G1 Humongous Allocation)
[0.919s][info   ][gc,task       ] GC(26) Using 13 workers of 13 for evacuation
[0.925s][info   ][gc,phases     ] GC(26)   Pre Evacuate Collection Set: 0.1ms
[0.925s][info   ][gc,phases     ] GC(26)   Evacuate Collection Set: 5.6ms
[0.925s][info   ][gc,phases     ] GC(26)   Post Evacuate Collection Set: 0.3ms
[0.925s][info   ][gc,phases     ] GC(26)   Other: 0.2ms
[0.925s][info   ][gc,heap       ] GC(26) Eden regions: 83->0(138)
[0.925s][info   ][gc,heap       ] GC(26) Survivor regions: 25->24(24)
[0.925s][info   ][gc,heap       ] GC(26) Old regions: 395->429
[0.925s][info   ][gc,heap       ] GC(26) Humongous regions: 208->159
[0.925s][info   ][gc,metaspace  ] GC(26) Metaspace: 3898K->3898K(1056768K)
[0.925s][info   ][gc            ] GC(26) Pause Young (Concurrent Start) (G1 Humongous Allocation) 709M->611M(1024M) 6.261ms
[0.925s][info   ][gc,cpu        ] GC(26) User=0.06s Sys=0.01s Real=0.01s
[0.925s][info   ][gc            ] GC(27) Concurrent Cycle
[0.925s][info   ][gc,marking    ] GC(27) Concurrent Clear Claimed Marks
[0.925s][info   ][gc,marking    ] GC(27) Concurrent Clear Claimed Marks 0.008ms
[0.925s][info   ][gc,marking    ] GC(27) Concurrent Scan Root Regions
[0.925s][info   ][gc,marking    ] GC(27) Concurrent Scan Root Regions 0.070ms
[0.925s][info   ][gc,marking    ] GC(27) Concurrent Mark (0.925s)
[0.925s][info   ][gc,marking    ] GC(27) Concurrent Mark From Roots
[0.925s][info   ][gc,task       ] GC(27) Using 3 workers of 3 for marking
[0.926s][info   ][gc,marking    ] GC(27) Concurrent Mark From Roots 1.204ms
[0.926s][info   ][gc,marking    ] GC(27) Concurrent Preclean
[0.926s][info   ][gc,marking    ] GC(27) Concurrent Preclean 0.038ms
[0.926s][info   ][gc,marking    ] GC(27) Concurrent Mark (0.925s, 0.926s) 1.284ms
[0.926s][info   ][gc,start      ] GC(27) Pause Remark
[0.927s][info   ][gc,stringtable] GC(27) Cleaned string and symbol table, strings: 1524 processed, 0 removed, symbols: 17835 processed, 0 removed
[0.927s][info   ][gc            ] GC(27) Pause Remark 621M->600M(1024M) 0.671ms
[0.927s][info   ][gc,cpu        ] GC(27) User=0.00s Sys=0.00s Real=0.00s
[0.927s][info   ][gc,marking    ] GC(27) Concurrent Rebuild Remembered Sets
[0.928s][info   ][gc,marking    ] GC(27) Concurrent Rebuild Remembered Sets 1.217ms
[0.928s][info   ][gc,start      ] GC(27) Pause Cleanup
[0.929s][info   ][gc            ] GC(27) Pause Cleanup 607M->607M(1024M) 0.217ms
[0.929s][info   ][gc,cpu        ] GC(27) User=0.00s Sys=0.00s Real=0.00s
[0.929s][info   ][gc,marking    ] GC(27) Concurrent Cleanup for Next Mark
[0.930s][info   ][gc,marking    ] GC(27) Concurrent Cleanup for Next Mark 1.217ms
[0.930s][info   ][gc            ] GC(27) Concurrent Cycle 5.130ms
[0.954s][info   ][gc,start      ] GC(28) Pause Young (Prepare Mixed) (G1 Evacuation Pause)
[0.954s][info   ][gc,task       ] GC(28) Using 13 workers of 13 for evacuation
[0.962s][info   ][gc,phases     ] GC(28)   Pre Evacuate Collection Set: 0.1ms
[0.962s][info   ][gc,phases     ] GC(28)   Evacuate Collection Set: 6.9ms
[0.962s][info   ][gc,phases     ] GC(28)   Post Evacuate Collection Set: 0.3ms
[0.962s][info   ][gc,phases     ] GC(28)   Other: 0.2ms
[0.962s][info   ][gc,heap       ] GC(28) Eden regions: 138->0(30)
[0.962s][info   ][gc,heap       ] GC(28) Survivor regions: 24->21(21)
[0.962s][info   ][gc,heap       ] GC(28) Old regions: 408->457
[0.962s][info   ][gc,heap       ] GC(28) Humongous regions: 238->161
[0.962s][info   ][gc,metaspace  ] GC(28) Metaspace: 3898K->3898K(1056768K)
[0.962s][info   ][gc            ] GC(28) Pause Young (Prepare Mixed) (G1 Evacuation Pause) 807M->638M(1024M) 7.613ms
[0.962s][info   ][gc,cpu        ] GC(28) User=0.08s Sys=0.00s Real=0.01s
[0.969s][info   ][gc,start      ] GC(29) Pause Young (Mixed) (G1 Evacuation Pause)
[0.969s][info   ][gc,task       ] GC(29) Using 13 workers of 13 for evacuation
[0.974s][info   ][gc,phases     ] GC(29)   Pre Evacuate Collection Set: 0.1ms
[0.974s][info   ][gc,phases     ] GC(29)   Evacuate Collection Set: 4.5ms
[0.974s][info   ][gc,phases     ] GC(29)   Post Evacuate Collection Set: 0.3ms
[0.974s][info   ][gc,phases     ] GC(29)   Other: 0.2ms
[0.974s][info   ][gc,heap       ] GC(29) Eden regions: 30->0(44)
[0.974s][info   ][gc,heap       ] GC(29) Survivor regions: 21->7(7)
[0.974s][info   ][gc,heap       ] GC(29) Old regions: 457->393
[0.974s][info   ][gc,heap       ] GC(29) Humongous regions: 171->159
[0.974s][info   ][gc,metaspace  ] GC(29) Metaspace: 3898K->3898K(1056768K)
[0.974s][info   ][gc            ] GC(29) Pause Young (Mixed) (G1 Evacuation Pause) 678M->558M(1024M) 5.140ms
[0.974s][info   ][gc,cpu        ] GC(29) User=0.04s Sys=0.01s Real=0.00s
[0.983s][info   ][gc,start      ] GC(30) Pause Young (Mixed) (G1 Evacuation Pause)
[0.983s][info   ][gc,task       ] GC(30) Using 13 workers of 13 for evacuation
[0.990s][info   ][gc,phases     ] GC(30)   Pre Evacuate Collection Set: 0.1ms
[0.990s][info   ][gc,phases     ] GC(30)   Evacuate Collection Set: 5.6ms
[0.990s][info   ][gc,phases     ] GC(30)   Post Evacuate Collection Set: 0.3ms
[0.990s][info   ][gc,phases     ] GC(30)   Other: 0.2ms
[0.990s][info   ][gc,heap       ] GC(30) Eden regions: 44->0(185)
[0.990s][info   ][gc,heap       ] GC(30) Survivor regions: 7->7(7)
[0.990s][info   ][gc,heap       ] GC(30) Old regions: 393->346
[0.990s][info   ][gc,heap       ] GC(30) Humongous regions: 177->156
[0.990s][info   ][gc,metaspace  ] GC(30) Metaspace: 3898K->3898K(1056768K)
[0.990s][info   ][gc            ] GC(30) Pause Young (Mixed) (G1 Evacuation Pause) 620M->508M(1024M) 6.357ms
[0.990s][info   ][gc,cpu        ] GC(30) User=0.05s Sys=0.02s Real=0.01s
[1.029s][info   ][gc,start      ] GC(31) Pause Young (Normal) (G1 Evacuation Pause)
[1.029s][info   ][gc,task       ] GC(31) Using 13 workers of 13 for evacuation
[1.036s][info   ][gc,phases     ] GC(31)   Pre Evacuate Collection Set: 0.1ms
[1.036s][info   ][gc,phases     ] GC(31)   Evacuate Collection Set: 6.0ms
[1.036s][info   ][gc,phases     ] GC(31)   Post Evacuate Collection Set: 0.3ms
[1.036s][info   ][gc,phases     ] GC(31)   Other: 0.1ms
[1.036s][info   ][gc,heap       ] GC(31) Eden regions: 185->0(161)
[1.036s][info   ][gc,heap       ] GC(31) Survivor regions: 7->24(24)
[1.036s][info   ][gc,heap       ] GC(31) Old regions: 346->385
[1.036s][info   ][gc,heap       ] GC(31) Humongous regions: 260->174
[1.036s][info   ][gc,metaspace  ] GC(31) Metaspace: 3898K->3898K(1056768K)
[1.036s][info   ][gc            ] GC(31) Pause Young (Normal) (G1 Evacuation Pause) 797M->582M(1024M) 6.675ms
[1.036s][info   ][gc,cpu        ] GC(31) User=0.07s Sys=0.00s Real=0.01s
[1.053s][info   ][gc,start      ] GC(32) Pause Young (Concurrent Start) (G1 Humongous Allocation)
[1.053s][info   ][gc,task       ] GC(32) Using 13 workers of 13 for evacuation
[1.059s][info   ][gc,phases     ] GC(32)   Pre Evacuate Collection Set: 0.1ms
[1.059s][info   ][gc,phases     ] GC(32)   Evacuate Collection Set: 5.4ms
[1.059s][info   ][gc,phases     ] GC(32)   Post Evacuate Collection Set: 0.3ms
[1.059s][info   ][gc,phases     ] GC(32)   Other: 0.2ms
[1.059s][info   ][gc,heap       ] GC(32) Eden regions: 83->0(143)
[1.059s][info   ][gc,heap       ] GC(32) Survivor regions: 24->24(24)
[1.059s][info   ][gc,heap       ] GC(32) Old regions: 385->416
[1.059s][info   ][gc,heap       ] GC(32) Humongous regions: 226->184
[1.059s][info   ][gc,metaspace  ] GC(32) Metaspace: 3898K->3898K(1056768K)
[1.059s][info   ][gc            ] GC(32) Pause Young (Concurrent Start) (G1 Humongous Allocation) 717M->623M(1024M) 6.120ms
[1.059s][info   ][gc,cpu        ] GC(32) User=0.05s Sys=0.01s Real=0.01s
[1.059s][info   ][gc            ] GC(33) Concurrent Cycle
[1.059s][info   ][gc,marking    ] GC(33) Concurrent Clear Claimed Marks
[1.059s][info   ][gc,marking    ] GC(33) Concurrent Clear Claimed Marks 0.011ms
[1.059s][info   ][gc,marking    ] GC(33) Concurrent Scan Root Regions
[1.059s][info   ][gc,marking    ] GC(33) Concurrent Scan Root Regions 0.090ms
[1.059s][info   ][gc,marking    ] GC(33) Concurrent Mark (1.059s)
[1.059s][info   ][gc,marking    ] GC(33) Concurrent Mark From Roots
[1.059s][info   ][gc,task       ] GC(33) Using 3 workers of 3 for marking
[1.060s][info   ][gc,marking    ] GC(33) Concurrent Mark From Roots 1.059ms
[1.060s][info   ][gc,marking    ] GC(33) Concurrent Preclean
[1.060s][info   ][gc,marking    ] GC(33) Concurrent Preclean 0.037ms
[1.060s][info   ][gc,marking    ] GC(33) Concurrent Mark (1.059s, 1.060s) 1.138ms
[1.061s][info   ][gc,start      ] GC(33) Pause Remark
[1.061s][info   ][gc,stringtable] GC(33) Cleaned string and symbol table, strings: 1524 processed, 0 removed, symbols: 17835 processed, 0 removed
[1.061s][info   ][gc            ] GC(33) Pause Remark 632M->620M(1024M) 0.679ms
[1.061s][info   ][gc,cpu        ] GC(33) User=0.00s Sys=0.00s Real=0.00s
[1.061s][info   ][gc,marking    ] GC(33) Concurrent Rebuild Remembered Sets
[1.062s][info   ][gc,marking    ] GC(33) Concurrent Rebuild Remembered Sets 1.175ms
[1.063s][info   ][gc,start      ] GC(33) Pause Cleanup
[1.063s][info   ][gc            ] GC(33) Pause Cleanup 631M->631M(1024M) 0.234ms
[1.063s][info   ][gc,cpu        ] GC(33) User=0.00s Sys=0.00s Real=0.00s
[1.063s][info   ][gc,marking    ] GC(33) Concurrent Cleanup for Next Mark
[1.064s][info   ][gc,marking    ] GC(33) Concurrent Cleanup for Next Mark 1.320ms
[1.064s][info   ][gc            ] GC(33) Concurrent Cycle 5.153ms
执行结束!共生成对象次数:17803
[1.103s][info   ][gc,heap,exit  ] Heap
[1.103s][info   ][gc,heap,exit  ]  garbage-first heap   total 1048576K, used 744680K [0x00000007c0000000, 0x0000000800000000)
[1.103s][info   ][gc,heap,exit  ]   region size 1024K, 97 young (99328K), 24 survivors (24576K)
[1.103s][info   ][gc,heap,exit  ]  Metaspace       used 4904K, capacity 4957K, committed 5120K, reserved 1056768K
[1.103s][info   ][gc,heap,exit  ]   class space    used 405K, capacity 444K, committed 512K, reserved 1048576K
