[0.003s][warning][gc] -XX:+PrintGCDetails is deprecated. Will use -Xlog:gc* instead.
[0.009s][info   ][gc,heap] Heap region size: 1M
[0.012s][info   ][gc     ] Using G1
[0.012s][info   ][gc,heap,coops] Heap address: 0x00000007f0000000, size: 256 MB, Compressed Oops mode: Zero based, Oop shift amount: 3
正在执行...
[0.092s][info   ][gc,start     ] GC(0) Pause Young (Normal) (G1 Evacuation Pause)
[0.092s][info   ][gc,task      ] GC(0) Using 6 workers of 13 for evacuation
[0.098s][info   ][gc,phases    ] GC(0)   Pre Evacuate Collection Set: 0.0ms
[0.098s][info   ][gc,phases    ] GC(0)   Evacuate Collection Set: 5.3ms
[0.098s][info   ][gc,phases    ] GC(0)   Post Evacuate Collection Set: 0.1ms
[0.098s][info   ][gc,phases    ] GC(0)   Other: 0.3ms
[0.098s][info   ][gc,heap      ] GC(0) Eden regions: 24->0(17)
[0.098s][info   ][gc,heap      ] GC(0) Survivor regions: 0->3(3)
[0.098s][info   ][gc,heap      ] GC(0) Old regions: 0->8
[0.098s][info   ][gc,heap      ] GC(0) Humongous regions: 14->7
[0.098s][info   ][gc,metaspace ] GC(0) Metaspace: 3884K->3884K(1056768K)
[0.098s][info   ][gc           ] GC(0) Pause Young (Normal) (G1 Evacuation Pause) 37M->17M(256M) 5.839ms
[0.098s][info   ][gc,cpu       ] GC(0) User=0.01s Sys=0.02s Real=0.00s
[0.102s][info   ][gc,start     ] GC(1) Pause Young (Normal) (G1 Evacuation Pause)
[0.102s][info   ][gc,task      ] GC(1) Using 6 workers of 13 for evacuation
[0.105s][info   ][gc,phases    ] GC(1)   Pre Evacuate Collection Set: 0.0ms
[0.106s][info   ][gc,phases    ] GC(1)   Evacuate Collection Set: 3.6ms
[0.106s][info   ][gc,phases    ] GC(1)   Post Evacuate Collection Set: 0.1ms
[0.106s][info   ][gc,phases    ] GC(1)   Other: 0.2ms
[0.106s][info   ][gc,heap      ] GC(1) Eden regions: 17->0(36)
[0.106s][info   ][gc,heap      ] GC(1) Survivor regions: 3->3(3)
[0.106s][info   ][gc,heap      ] GC(1) Old regions: 8->17
[0.106s][info   ][gc,heap      ] GC(1) Humongous regions: 12->11
[0.106s][info   ][gc,metaspace ] GC(1) Metaspace: 3892K->3892K(1056768K)
[0.106s][info   ][gc           ] GC(1) Pause Young (Normal) (G1 Evacuation Pause) 39M->30M(256M) 3.835ms
[0.106s][info   ][gc,cpu       ] GC(1) User=0.01s Sys=0.01s Real=0.00s
[0.118s][info   ][gc,start     ] GC(2) Pause Young (Normal) (G1 Evacuation Pause)
[0.118s][info   ][gc,task      ] GC(2) Using 6 workers of 13 for evacuation
[0.126s][info   ][gc,phases    ] GC(2)   Pre Evacuate Collection Set: 0.0ms
[0.126s][info   ][gc,phases    ] GC(2)   Evacuate Collection Set: 7.7ms
[0.126s][info   ][gc,phases    ] GC(2)   Post Evacuate Collection Set: 0.2ms
[0.126s][info   ][gc,phases    ] GC(2)   Other: 0.1ms
[0.126s][info   ][gc,heap      ] GC(2) Eden regions: 36->0(46)
[0.126s][info   ][gc,heap      ] GC(2) Survivor regions: 3->5(5)
[0.126s][info   ][gc,heap      ] GC(2) Old regions: 17->30
[0.126s][info   ][gc,heap      ] GC(2) Humongous regions: 26->17
[0.126s][info   ][gc,metaspace ] GC(2) Metaspace: 3896K->3896K(1056768K)
[0.126s][info   ][gc           ] GC(2) Pause Young (Normal) (G1 Evacuation Pause) 81M->51M(256M) 8.069ms
[0.126s][info   ][gc,cpu       ] GC(2) User=0.01s Sys=0.04s Real=0.01s
[0.140s][info   ][gc,start     ] GC(3) Pause Young (Normal) (G1 Evacuation Pause)
[0.140s][info   ][gc,task      ] GC(3) Using 6 workers of 13 for evacuation
[0.149s][info   ][gc,phases    ] GC(3)   Pre Evacuate Collection Set: 0.0ms
[0.149s][info   ][gc,phases    ] GC(3)   Evacuate Collection Set: 9.3ms
[0.149s][info   ][gc,phases    ] GC(3)   Post Evacuate Collection Set: 0.2ms
[0.149s][info   ][gc,phases    ] GC(3)   Other: 0.1ms
[0.149s][info   ][gc,heap      ] GC(3) Eden regions: 46->0(59)
[0.149s][info   ][gc,heap      ] GC(3) Survivor regions: 5->7(7)
[0.149s][info   ][gc,heap      ] GC(3) Old regions: 30->45
[0.149s][info   ][gc,heap      ] GC(3) Humongous regions: 49->32
[0.149s][info   ][gc,metaspace ] GC(3) Metaspace: 3896K->3896K(1056768K)
[0.150s][info   ][gc           ] GC(3) Pause Young (Normal) (G1 Evacuation Pause) 129M->83M(256M) 9.668ms
[0.150s][info   ][gc,cpu       ] GC(3) User=0.01s Sys=0.04s Real=0.00s
[0.161s][info   ][gc,start     ] GC(4) Pause Young (Concurrent Start) (G1 Humongous Allocation)
[0.161s][info   ][gc,task      ] GC(4) Using 6 workers of 13 for evacuation
[0.170s][info   ][gc,phases    ] GC(4)   Pre Evacuate Collection Set: 0.0ms
[0.170s][info   ][gc,phases    ] GC(4)   Evacuate Collection Set: 8.4ms
[0.170s][info   ][gc,phases    ] GC(4)   Post Evacuate Collection Set: 0.1ms
[0.170s][info   ][gc,phases    ] GC(4)   Other: 0.2ms
[0.170s][info   ][gc,heap      ] GC(4) Eden regions: 51->0(49)
[0.170s][info   ][gc,heap      ] GC(4) Survivor regions: 7->9(9)
[0.170s][info   ][gc,heap      ] GC(4) Old regions: 45->64
[0.170s][info   ][gc,heap      ] GC(4) Humongous regions: 70->49
[0.170s][info   ][gc,metaspace ] GC(4) Metaspace: 3896K->3896K(1056768K)
[0.170s][info   ][gc           ] GC(4) Pause Young (Concurrent Start) (G1 Humongous Allocation) 172M->121M(256M) 8.773ms
[0.170s][info   ][gc,cpu       ] GC(4) User=0.01s Sys=0.03s Real=0.01s
[0.170s][info   ][gc           ] GC(5) Concurrent Cycle
[0.170s][info   ][gc,marking   ] GC(5) Concurrent Clear Claimed Marks
[0.170s][info   ][gc,marking   ] GC(5) Concurrent Clear Claimed Marks 0.005ms
[0.170s][info   ][gc,marking   ] GC(5) Concurrent Scan Root Regions
[0.170s][info   ][gc,marking   ] GC(5) Concurrent Scan Root Regions 0.136ms
[0.170s][info   ][gc,marking   ] GC(5) Concurrent Mark (0.170s)
[0.170s][info   ][gc,marking   ] GC(5) Concurrent Mark From Roots
[0.170s][info   ][gc,task      ] GC(5) Using 3 workers of 3 for marking
[0.171s][info   ][gc,marking   ] GC(5) Concurrent Mark From Roots 0.695ms
[0.171s][info   ][gc,marking   ] GC(5) Concurrent Preclean
[0.171s][info   ][gc,marking   ] GC(5) Concurrent Preclean 0.026ms
[0.171s][info   ][gc,marking   ] GC(5) Concurrent Mark (0.170s, 0.171s) 0.748ms
[0.171s][info   ][gc,start     ] GC(5) Pause Remark
[0.171s][info   ][gc,stringtable] GC(5) Cleaned string and symbol table, strings: 1522 processed, 0 removed, symbols: 17835 processed, 0 removed
[0.172s][info   ][gc            ] GC(5) Pause Remark 132M->132M(256M) 0.356ms
[0.172s][info   ][gc,cpu        ] GC(5) User=0.01s Sys=0.00s Real=0.00s
[0.172s][info   ][gc,marking    ] GC(5) Concurrent Rebuild Remembered Sets
[0.172s][info   ][gc,marking    ] GC(5) Concurrent Rebuild Remembered Sets 0.299ms
[0.172s][info   ][gc,start      ] GC(5) Pause Cleanup
[0.172s][info   ][gc            ] GC(5) Pause Cleanup 137M->137M(256M) 0.037ms
[0.172s][info   ][gc,cpu        ] GC(5) User=0.00s Sys=0.00s Real=0.00s
[0.172s][info   ][gc,marking    ] GC(5) Concurrent Cleanup for Next Mark
[0.173s][info   ][gc,marking    ] GC(5) Concurrent Cleanup for Next Mark 1.109ms
[0.173s][info   ][gc            ] GC(5) Concurrent Cycle 2.941ms
[0.180s][info   ][gc,start      ] GC(6) Pause Young (Prepare Mixed) (G1 Evacuation Pause)
[0.180s][info   ][gc,task       ] GC(6) Using 6 workers of 13 for evacuation
[0.187s][info   ][gc,phases     ] GC(6)   Pre Evacuate Collection Set: 0.0ms
[0.187s][info   ][gc,phases     ] GC(6)   Evacuate Collection Set: 7.0ms
[0.187s][info   ][gc,phases     ] GC(6)   Post Evacuate Collection Set: 0.1ms
[0.187s][info   ][gc,phases     ] GC(6)   Other: 0.1ms
[0.187s][info   ][gc,heap       ] GC(6) Eden regions: 49->0(5)
[0.187s][info   ][gc,heap       ] GC(6) Survivor regions: 9->8(8)
[0.187s][info   ][gc,heap       ] GC(6) Old regions: 64->81
[0.187s][info   ][gc,heap       ] GC(6) Humongous regions: 77->65
[0.187s][info   ][gc,metaspace  ] GC(6) Metaspace: 3896K->3896K(1056768K)
[0.188s][info   ][gc            ] GC(6) Pause Young (Prepare Mixed) (G1 Evacuation Pause) 198M->153M(256M) 7.293ms
[0.188s][info   ][gc,cpu        ] GC(6) User=0.01s Sys=0.03s Real=0.00s
[0.188s][info   ][gc,start      ] GC(7) Pause Young (Mixed) (G1 Evacuation Pause)
[0.188s][info   ][gc,task       ] GC(7) Using 6 workers of 13 for evacuation
[0.190s][info   ][gc,phases     ] GC(7)   Pre Evacuate Collection Set: 0.0ms
[0.190s][info   ][gc,phases     ] GC(7)   Evacuate Collection Set: 1.2ms
[0.190s][info   ][gc,phases     ] GC(7)   Post Evacuate Collection Set: 0.1ms
[0.190s][info   ][gc,phases     ] GC(7)   Other: 0.1ms
[0.190s][info   ][gc,heap       ] GC(7) Eden regions: 5->0(38)
[0.190s][info   ][gc,heap       ] GC(7) Survivor regions: 8->2(2)
[0.190s][info   ][gc,heap       ] GC(7) Old regions: 81->86
[0.190s][info   ][gc,heap       ] GC(7) Humongous regions: 68->64
[0.190s][info   ][gc,metaspace  ] GC(7) Metaspace: 3896K->3896K(1056768K)
[0.190s][info   ][gc            ] GC(7) Pause Young (Mixed) (G1 Evacuation Pause) 161M->151M(256M) 1.456ms
[0.190s][info   ][gc,cpu        ] GC(7) User=0.00s Sys=0.00s Real=0.01s
[0.191s][info   ][gc,start      ] GC(8) Pause Young (Concurrent Start) (G1 Humongous Allocation)
[0.191s][info   ][gc,task       ] GC(8) Using 6 workers of 13 for evacuation
[0.191s][info   ][gc,phases     ] GC(8)   Pre Evacuate Collection Set: 0.0ms
[0.191s][info   ][gc,phases     ] GC(8)   Evacuate Collection Set: 0.3ms
[0.191s][info   ][gc,phases     ] GC(8)   Post Evacuate Collection Set: 0.0ms
[0.191s][info   ][gc,phases     ] GC(8)   Other: 0.1ms
[0.191s][info   ][gc,heap       ] GC(8) Eden regions: 6->0(31)
[0.191s][info   ][gc,heap       ] GC(8) Survivor regions: 2->4(5)
[0.191s][info   ][gc,heap       ] GC(8) Old regions: 86->86
[0.191s][info   ][gc,heap       ] GC(8) Humongous regions: 64->63
[0.191s][info   ][gc,metaspace  ] GC(8) Metaspace: 3896K->3896K(1056768K)
[0.191s][info   ][gc            ] GC(8) Pause Young (Concurrent Start) (G1 Humongous Allocation) 157M->152M(256M) 0.472ms
[0.191s][info   ][gc,cpu        ] GC(8) User=0.00s Sys=0.00s Real=0.00s
[0.191s][info   ][gc            ] GC(9) Concurrent Cycle
[0.191s][info   ][gc,marking    ] GC(9) Concurrent Clear Claimed Marks
[0.191s][info   ][gc,marking    ] GC(9) Concurrent Clear Claimed Marks 0.005ms
[0.191s][info   ][gc,marking    ] GC(9) Concurrent Scan Root Regions
[0.191s][info   ][gc,marking    ] GC(9) Concurrent Scan Root Regions 0.021ms
[0.191s][info   ][gc,marking    ] GC(9) Concurrent Mark (0.191s)
[0.191s][info   ][gc,marking    ] GC(9) Concurrent Mark From Roots
[0.191s][info   ][gc,task       ] GC(9) Using 3 workers of 3 for marking
[0.192s][info   ][gc,marking    ] GC(9) Concurrent Mark From Roots 0.515ms
[0.192s][info   ][gc,marking    ] GC(9) Concurrent Preclean
[0.192s][info   ][gc,marking    ] GC(9) Concurrent Preclean 0.026ms
[0.192s][info   ][gc,marking    ] GC(9) Concurrent Mark (0.191s, 0.192s) 0.558ms
[0.192s][info   ][gc,start      ] GC(9) Pause Remark
[0.192s][info   ][gc,stringtable] GC(9) Cleaned string and symbol table, strings: 1522 processed, 0 removed, symbols: 17835 processed, 0 removed
[0.192s][info   ][gc            ] GC(9) Pause Remark 160M->160M(256M) 0.298ms
[0.192s][info   ][gc,cpu        ] GC(9) User=0.01s Sys=0.00s Real=0.00s
[0.192s][info   ][gc,marking    ] GC(9) Concurrent Rebuild Remembered Sets
[0.193s][info   ][gc,marking    ] GC(9) Concurrent Rebuild Remembered Sets 0.327ms
[0.193s][info   ][gc,start      ] GC(9) Pause Cleanup
[0.193s][info   ][gc            ] GC(9) Pause Cleanup 163M->163M(256M) 0.047ms
[0.193s][info   ][gc,cpu        ] GC(9) User=0.00s Sys=0.00s Real=0.00s
[0.193s][info   ][gc,marking    ] GC(9) Concurrent Cleanup for Next Mark
[0.194s][info   ][gc,marking    ] GC(9) Concurrent Cleanup for Next Mark 1.024ms
[0.194s][info   ][gc            ] GC(9) Concurrent Cycle 2.504ms
[0.199s][info   ][gc,start      ] GC(10) Pause Young (Prepare Mixed) (G1 Evacuation Pause)
[0.199s][info   ][gc,task       ] GC(10) Using 6 workers of 13 for evacuation
[0.203s][info   ][gc,phases     ] GC(10)   Pre Evacuate Collection Set: 0.0ms
[0.203s][info   ][gc,phases     ] GC(10)   Evacuate Collection Set: 4.1ms
[0.203s][info   ][gc,phases     ] GC(10)   Post Evacuate Collection Set: 0.1ms
[0.203s][info   ][gc,phases     ] GC(10)   Other: 0.1ms
[0.203s][info   ][gc,heap       ] GC(10) Eden regions: 31->0(7)
[0.203s][info   ][gc,heap       ] GC(10) Survivor regions: 4->5(5)
[0.203s][info   ][gc,heap       ] GC(10) Old regions: 86->98
[0.203s][info   ][gc,heap       ] GC(10) Humongous regions: 80->70
[0.203s][info   ][gc,metaspace  ] GC(10) Metaspace: 3896K->3896K(1056768K)
[0.203s][info   ][gc            ] GC(10) Pause Young (Prepare Mixed) (G1 Evacuation Pause) 200M->172M(256M) 4.323ms
[0.203s][info   ][gc,cpu        ] GC(10) User=0.01s Sys=0.02s Real=0.01s
[0.204s][info   ][gc,start      ] GC(11) Pause Young (Mixed) (G1 Evacuation Pause)
[0.204s][info   ][gc,task       ] GC(11) Using 6 workers of 13 for evacuation
[0.206s][info   ][gc,phases     ] GC(11)   Pre Evacuate Collection Set: 0.0ms
[0.206s][info   ][gc,phases     ] GC(11)   Evacuate Collection Set: 1.6ms
[0.206s][info   ][gc,phases     ] GC(11)   Post Evacuate Collection Set: 0.1ms
[0.206s][info   ][gc,phases     ] GC(11)   Other: 0.1ms
[0.206s][info   ][gc,heap       ] GC(11) Eden regions: 7->0(24)
[0.206s][info   ][gc,heap       ] GC(11) Survivor regions: 5->2(2)
[0.206s][info   ][gc,heap       ] GC(11) Old regions: 98->100
[0.206s][info   ][gc,heap       ] GC(11) Humongous regions: 72->71
[0.206s][info   ][gc,metaspace  ] GC(11) Metaspace: 3896K->3896K(1056768K)
[0.206s][info   ][gc            ] GC(11) Pause Young (Mixed) (G1 Evacuation Pause) 181M->172M(256M) 1.806ms
[0.206s][info   ][gc,cpu        ] GC(11) User=0.01s Sys=0.00s Real=0.00s
[0.206s][info   ][gc,start      ] GC(12) Pause Young (Concurrent Start) (G1 Humongous Allocation)
[0.206s][info   ][gc,task       ] GC(12) Using 6 workers of 13 for evacuation
[0.206s][info   ][gc,phases     ] GC(12)   Pre Evacuate Collection Set: 0.0ms
[0.206s][info   ][gc,phases     ] GC(12)   Evacuate Collection Set: 0.2ms
[0.206s][info   ][gc,phases     ] GC(12)   Post Evacuate Collection Set: 0.0ms
[0.206s][info   ][gc,phases     ] GC(12)   Other: 0.1ms
[0.206s][info   ][gc,heap       ] GC(12) Eden regions: 2->0(22)
[0.206s][info   ][gc,heap       ] GC(12) Survivor regions: 2->3(4)
[0.206s][info   ][gc,heap       ] GC(12) Old regions: 100->100
[0.206s][info   ][gc,heap       ] GC(12) Humongous regions: 71->70
[0.206s][info   ][gc,metaspace  ] GC(12) Metaspace: 3896K->3896K(1056768K)
[0.206s][info   ][gc            ] GC(12) Pause Young (Concurrent Start) (G1 Humongous Allocation) 173M->171M(256M) 0.422ms
[0.206s][info   ][gc,cpu        ] GC(12) User=0.00s Sys=0.00s Real=0.00s
[0.206s][info   ][gc            ] GC(13) Concurrent Cycle
[0.206s][info   ][gc,marking    ] GC(13) Concurrent Clear Claimed Marks
[0.206s][info   ][gc,marking    ] GC(13) Concurrent Clear Claimed Marks 0.007ms
[0.206s][info   ][gc,marking    ] GC(13) Concurrent Scan Root Regions
[0.207s][info   ][gc,marking    ] GC(13) Concurrent Scan Root Regions 0.023ms
[0.207s][info   ][gc,marking    ] GC(13) Concurrent Mark (0.207s)
[0.207s][info   ][gc,marking    ] GC(13) Concurrent Mark From Roots
[0.207s][info   ][gc,task       ] GC(13) Using 3 workers of 3 for marking
[0.207s][info   ][gc,marking    ] GC(13) Concurrent Mark From Roots 0.529ms
[0.207s][info   ][gc,marking    ] GC(13) Concurrent Preclean
[0.207s][info   ][gc,marking    ] GC(13) Concurrent Preclean 0.027ms
[0.207s][info   ][gc,marking    ] GC(13) Concurrent Mark (0.207s, 0.207s) 0.574ms
[0.207s][info   ][gc,start      ] GC(13) Pause Remark
[0.207s][info   ][gc,stringtable] GC(13) Cleaned string and symbol table, strings: 1522 processed, 0 removed, symbols: 17835 processed, 0 removed
[0.207s][info   ][gc            ] GC(13) Pause Remark 180M->180M(256M) 0.297ms
[0.207s][info   ][gc,cpu        ] GC(13) User=0.00s Sys=0.00s Real=0.00s
[0.207s][info   ][gc,marking    ] GC(13) Concurrent Rebuild Remembered Sets
[0.208s][info   ][gc,marking    ] GC(13) Concurrent Rebuild Remembered Sets 0.362ms
[0.208s][info   ][gc,start      ] GC(13) Pause Cleanup
[0.208s][info   ][gc            ] GC(13) Pause Cleanup 185M->185M(256M) 0.047ms
[0.208s][info   ][gc,cpu        ] GC(13) User=0.00s Sys=0.00s Real=0.00s
[0.208s][info   ][gc,marking    ] GC(13) Concurrent Cleanup for Next Mark
[0.208s][info   ][gc,marking    ] GC(13) Concurrent Cleanup for Next Mark 0.319ms
[0.208s][info   ][gc            ] GC(13) Concurrent Cycle 1.835ms
[0.211s][info   ][gc,start      ] GC(14) Pause Young (Prepare Mixed) (G1 Evacuation Pause)
[0.211s][info   ][gc,task       ] GC(14) Using 6 workers of 13 for evacuation
[0.214s][info   ][gc,phases     ] GC(14)   Pre Evacuate Collection Set: 0.0ms
[0.214s][info   ][gc,phases     ] GC(14)   Evacuate Collection Set: 2.4ms
[0.214s][info   ][gc,phases     ] GC(14)   Post Evacuate Collection Set: 0.1ms
[0.214s][info   ][gc,phases     ] GC(14)   Other: 0.1ms
[0.214s][info   ][gc,heap       ] GC(14) Eden regions: 22->0(8)
[0.214s][info   ][gc,heap       ] GC(14) Survivor regions: 3->4(4)
[0.214s][info   ][gc,heap       ] GC(14) Old regions: 100->106
[0.214s][info   ][gc,heap       ] GC(14) Humongous regions: 83->74
[0.214s][info   ][gc,metaspace  ] GC(14) Metaspace: 3896K->3896K(1056768K)
[0.214s][info   ][gc            ] GC(14) Pause Young (Prepare Mixed) (G1 Evacuation Pause) 206M->183M(256M) 2.670ms
[0.214s][info   ][gc,cpu        ] GC(14) User=0.00s Sys=0.01s Real=0.00s
[0.215s][info   ][gc,start      ] GC(15) Pause Young (Mixed) (G1 Evacuation Pause)
[0.215s][info   ][gc,task       ] GC(15) Using 6 workers of 13 for evacuation
[0.217s][info   ][gc,phases     ] GC(15)   Pre Evacuate Collection Set: 0.0ms
[0.217s][info   ][gc,phases     ] GC(15)   Evacuate Collection Set: 1.0ms
[0.217s][info   ][gc,phases     ] GC(15)   Post Evacuate Collection Set: 0.1ms
[0.217s][info   ][gc,phases     ] GC(15)   Other: 0.1ms
[0.217s][info   ][gc,heap       ] GC(15) Eden regions: 8->0(18)
[0.217s][info   ][gc,heap       ] GC(15) Survivor regions: 4->2(2)
[0.217s][info   ][gc,heap       ] GC(15) Old regions: 106->108
[0.217s][info   ][gc,heap       ] GC(15) Humongous regions: 81->76
[0.217s][info   ][gc,metaspace  ] GC(15) Metaspace: 3896K->3896K(1056768K)
[0.217s][info   ][gc            ] GC(15) Pause Young (Mixed) (G1 Evacuation Pause) 198M->185M(256M) 1.237ms
[0.217s][info   ][gc,cpu        ] GC(15) User=0.01s Sys=0.00s Real=0.00s
[0.220s][info   ][gc,start      ] GC(16) Pause Young (Concurrent Start) (G1 Evacuation Pause)
[0.220s][info   ][gc,task       ] GC(16) Using 6 workers of 13 for evacuation
[0.221s][info   ][gc,phases     ] GC(16)   Pre Evacuate Collection Set: 0.0ms
[0.221s][info   ][gc,phases     ] GC(16)   Evacuate Collection Set: 0.7ms
[0.221s][info   ][gc,phases     ] GC(16)   Post Evacuate Collection Set: 0.1ms
[0.221s][info   ][gc,phases     ] GC(16)   Other: 0.1ms
[0.221s][info   ][gc,heap       ] GC(16) Eden regions: 18->0(17)
[0.221s][info   ][gc,heap       ] GC(16) Survivor regions: 2->3(3)
[0.221s][info   ][gc,heap       ] GC(16) Old regions: 108->112
[0.221s][info   ][gc,heap       ] GC(16) Humongous regions: 81->75
[0.221s][info   ][gc,metaspace  ] GC(16) Metaspace: 3896K->3896K(1056768K)
[0.221s][info   ][gc            ] GC(16) Pause Young (Concurrent Start) (G1 Evacuation Pause) 208M->189M(256M) 0.978ms
[0.221s][info   ][gc,cpu        ] GC(16) User=0.00s Sys=0.00s Real=0.00s
[0.221s][info   ][gc            ] GC(17) Concurrent Cycle
[0.221s][info   ][gc,marking    ] GC(17) Concurrent Clear Claimed Marks
[0.221s][info   ][gc,marking    ] GC(17) Concurrent Clear Claimed Marks 0.007ms
[0.221s][info   ][gc,marking    ] GC(17) Concurrent Scan Root Regions
[0.221s][info   ][gc,marking    ] GC(17) Concurrent Scan Root Regions 0.025ms
[0.221s][info   ][gc,marking    ] GC(17) Concurrent Mark (0.221s)
[0.221s][info   ][gc,marking    ] GC(17) Concurrent Mark From Roots
[0.221s][info   ][gc,task       ] GC(17) Using 3 workers of 3 for marking
[0.221s][info   ][gc,marking    ] GC(17) Concurrent Mark From Roots 0.575ms
[0.221s][info   ][gc,marking    ] GC(17) Concurrent Preclean
[0.221s][info   ][gc,marking    ] GC(17) Concurrent Preclean 0.027ms
[0.221s][info   ][gc,marking    ] GC(17) Concurrent Mark (0.221s, 0.221s) 0.620ms
[0.221s][info   ][gc,start      ] GC(17) Pause Remark
[0.222s][info   ][gc,stringtable] GC(17) Cleaned string and symbol table, strings: 1522 processed, 0 removed, symbols: 17835 processed, 0 removed
[0.222s][info   ][gc            ] GC(17) Pause Remark 198M->198M(256M) 0.334ms
[0.222s][info   ][gc,cpu        ] GC(17) User=0.00s Sys=0.00s Real=0.00s
[0.222s][info   ][gc,marking    ] GC(17) Concurrent Rebuild Remembered Sets
[0.222s][info   ][gc,marking    ] GC(17) Concurrent Rebuild Remembered Sets 0.383ms
[0.222s][info   ][gc,start      ] GC(17) Pause Cleanup
[0.222s][info   ][gc            ] GC(17) Pause Cleanup 201M->201M(256M) 0.053ms
[0.222s][info   ][gc,cpu        ] GC(17) User=0.00s Sys=0.00s Real=0.00s
[0.222s][info   ][gc,marking    ] GC(17) Concurrent Cleanup for Next Mark
[0.223s][info   ][gc,marking    ] GC(17) Concurrent Cleanup for Next Mark 0.333ms
[0.223s][info   ][gc            ] GC(17) Concurrent Cycle 1.978ms
[0.224s][info   ][gc,start      ] GC(18) Pause Young (Prepare Mixed) (G1 Evacuation Pause)
[0.224s][info   ][gc,task       ] GC(18) Using 6 workers of 13 for evacuation
[0.225s][info   ][gc,phases     ] GC(18)   Pre Evacuate Collection Set: 0.0ms
[0.225s][info   ][gc,phases     ] GC(18)   Evacuate Collection Set: 0.9ms
[0.225s][info   ][gc,phases     ] GC(18)   Post Evacuate Collection Set: 0.1ms
[0.225s][info   ][gc,phases     ] GC(18)   Other: 0.1ms
[0.225s][info   ][gc,heap       ] GC(18) Eden regions: 17->0(9)
[0.225s][info   ][gc,heap       ] GC(18) Survivor regions: 3->3(3)
[0.225s][info   ][gc,heap       ] GC(18) Old regions: 112->119
[0.225s][info   ][gc,heap       ] GC(18) Humongous regions: 90->81
[0.225s][info   ][gc,metaspace  ] GC(18) Metaspace: 3896K->3896K(1056768K)
[0.225s][info   ][gc            ] GC(18) Pause Young (Prepare Mixed) (G1 Evacuation Pause) 221M->202M(256M) 1.104ms
[0.225s][info   ][gc,cpu        ] GC(18) User=0.01s Sys=0.00s Real=0.00s
[0.227s][info   ][gc,start      ] GC(19) Pause Young (Mixed) (G1 Evacuation Pause)
[0.227s][info   ][gc,task       ] GC(19) Using 6 workers of 13 for evacuation
[0.229s][info   ][gc,phases     ] GC(19)   Pre Evacuate Collection Set: 0.0ms
[0.229s][info   ][gc,phases     ] GC(19)   Evacuate Collection Set: 1.2ms
[0.229s][info   ][gc,phases     ] GC(19)   Post Evacuate Collection Set: 0.1ms
[0.229s][info   ][gc,phases     ] GC(19)   Other: 0.1ms
[0.229s][info   ][gc,heap       ] GC(19) Eden regions: 9->0(11)
[0.229s][info   ][gc,heap       ] GC(19) Survivor regions: 3->2(2)
[0.229s][info   ][gc,heap       ] GC(19) Old regions: 119->120
[0.229s][info   ][gc,heap       ] GC(19) Humongous regions: 90->84
[0.229s][info   ][gc,metaspace  ] GC(19) Metaspace: 3896K->3896K(1056768K)
[0.229s][info   ][gc            ] GC(19) Pause Young (Mixed) (G1 Evacuation Pause) 220M->205M(256M) 1.480ms
[0.229s][info   ][gc,cpu        ] GC(19) User=0.01s Sys=0.00s Real=0.00s
[0.229s][info   ][gc,start      ] GC(20) Pause Young (Concurrent Start) (G1 Humongous Allocation)
[0.229s][info   ][gc,task       ] GC(20) Using 6 workers of 13 for evacuation
[0.230s][info   ][gc,phases     ] GC(20)   Pre Evacuate Collection Set: 0.0ms
[0.230s][info   ][gc,phases     ] GC(20)   Evacuate Collection Set: 0.4ms
[0.230s][info   ][gc,phases     ] GC(20)   Post Evacuate Collection Set: 0.0ms
[0.230s][info   ][gc,phases     ] GC(20)   Other: 0.1ms
[0.230s][info   ][gc,heap       ] GC(20) Eden regions: 4->0(10)
[0.230s][info   ][gc,heap       ] GC(20) Survivor regions: 2->2(2)
[0.230s][info   ][gc,heap       ] GC(20) Old regions: 120->122
[0.230s][info   ][gc,heap       ] GC(20) Humongous regions: 84->84
[0.230s][info   ][gc,metaspace  ] GC(20) Metaspace: 3896K->3896K(1056768K)
[0.230s][info   ][gc            ] GC(20) Pause Young (Concurrent Start) (G1 Humongous Allocation) 208M->207M(256M) 0.553ms
[0.230s][info   ][gc,cpu        ] GC(20) User=0.00s Sys=0.00s Real=0.01s
[0.230s][info   ][gc            ] GC(21) Concurrent Cycle
[0.230s][info   ][gc,marking    ] GC(21) Concurrent Clear Claimed Marks
[0.230s][info   ][gc,marking    ] GC(21) Concurrent Clear Claimed Marks 0.005ms
[0.230s][info   ][gc,marking    ] GC(21) Concurrent Scan Root Regions
[0.230s][info   ][gc,marking    ] GC(21) Concurrent Scan Root Regions 0.015ms
[0.230s][info   ][gc,marking    ] GC(21) Concurrent Mark (0.230s)
[0.230s][info   ][gc,marking    ] GC(21) Concurrent Mark From Roots
[0.230s][info   ][gc,task       ] GC(21) Using 3 workers of 3 for marking
[0.230s][info   ][gc,marking    ] GC(21) Concurrent Mark From Roots 0.523ms
[0.230s][info   ][gc,marking    ] GC(21) Concurrent Preclean
[0.230s][info   ][gc,marking    ] GC(21) Concurrent Preclean 0.028ms
[0.230s][info   ][gc,marking    ] GC(21) Concurrent Mark (0.230s, 0.230s) 0.597ms
[0.231s][info   ][gc,start      ] GC(21) Pause Remark
[0.231s][info   ][gc,stringtable] GC(21) Cleaned string and symbol table, strings: 1522 processed, 0 removed, symbols: 17835 processed, 0 removed
[0.231s][info   ][gc            ] GC(21) Pause Remark 212M->212M(256M) 0.330ms
[0.231s][info   ][gc,cpu        ] GC(21) User=0.00s Sys=0.00s Real=0.00s
[0.231s][info   ][gc,marking    ] GC(21) Concurrent Rebuild Remembered Sets
[0.231s][info   ][gc,marking    ] GC(21) Concurrent Rebuild Remembered Sets 0.374ms
[0.231s][info   ][gc,start      ] GC(21) Pause Cleanup
[0.231s][info   ][gc            ] GC(21) Pause Cleanup 216M->216M(256M) 0.058ms
[0.231s][info   ][gc,cpu        ] GC(21) User=0.00s Sys=0.00s Real=0.00s
[0.231s][info   ][gc,marking    ] GC(21) Concurrent Cleanup for Next Mark
[0.232s][info   ][gc,marking    ] GC(21) Concurrent Cleanup for Next Mark 0.290ms
[0.232s][info   ][gc            ] GC(21) Concurrent Cycle 1.870ms
[0.232s][info   ][gc,start      ] GC(22) Pause Young (Prepare Mixed) (G1 Evacuation Pause)
[0.232s][info   ][gc,task       ] GC(22) Using 6 workers of 13 for evacuation
[0.233s][info   ][gc,phases     ] GC(22)   Pre Evacuate Collection Set: 0.0ms
[0.233s][info   ][gc,phases     ] GC(22)   Evacuate Collection Set: 0.4ms
[0.233s][info   ][gc,phases     ] GC(22)   Post Evacuate Collection Set: 0.0ms
[0.233s][info   ][gc,phases     ] GC(22)   Other: 0.0ms
[0.233s][info   ][gc,heap       ] GC(22) Eden regions: 10->0(10)
[0.233s][info   ][gc,heap       ] GC(22) Survivor regions: 2->2(2)
[0.233s][info   ][gc,heap       ] GC(22) Old regions: 122->125
[0.233s][info   ][gc,heap       ] GC(22) Humongous regions: 91->86
[0.233s][info   ][gc,metaspace  ] GC(22) Metaspace: 3896K->3896K(1056768K)
[0.233s][info   ][gc            ] GC(22) Pause Young (Prepare Mixed) (G1 Evacuation Pause) 224M->212M(256M) 0.574ms
[0.233s][info   ][gc,cpu        ] GC(22) User=0.00s Sys=0.00s Real=0.00s
[0.235s][info   ][gc,start      ] GC(23) Pause Young (Mixed) (G1 Evacuation Pause)
[0.235s][info   ][gc,task       ] GC(23) Using 6 workers of 13 for evacuation
[0.237s][info   ][gc,phases     ] GC(23)   Pre Evacuate Collection Set: 0.0ms
[0.237s][info   ][gc,phases     ] GC(23)   Evacuate Collection Set: 1.7ms
[0.237s][info   ][gc,phases     ] GC(23)   Post Evacuate Collection Set: 0.1ms
[0.237s][info   ][gc,phases     ] GC(23)   Other: 0.1ms
[0.237s][info   ][gc,heap       ] GC(23) Eden regions: 10->0(10)
[0.237s][info   ][gc,heap       ] GC(23) Survivor regions: 2->2(2)
[0.237s][info   ][gc,heap       ] GC(23) Old regions: 125->124
[0.237s][info   ][gc,heap       ] GC(23) Humongous regions: 92->88
[0.237s][info   ][gc,metaspace  ] GC(23) Metaspace: 3896K->3896K(1056768K)
[0.237s][info   ][gc            ] GC(23) Pause Young (Mixed) (G1 Evacuation Pause) 228M->213M(256M) 1.912ms
[0.237s][info   ][gc,cpu        ] GC(23) User=0.01s Sys=0.00s Real=0.00s
[0.237s][info   ][gc,start      ] GC(24) Pause Young (Concurrent Start) (G1 Humongous Allocation)
[0.237s][info   ][gc,task       ] GC(24) Using 6 workers of 13 for evacuation
[0.238s][info   ][gc,phases     ] GC(24)   Pre Evacuate Collection Set: 0.0ms
[0.238s][info   ][gc,phases     ] GC(24)   Evacuate Collection Set: 0.5ms
[0.238s][info   ][gc,phases     ] GC(24)   Post Evacuate Collection Set: 0.1ms
[0.238s][info   ][gc,phases     ] GC(24)   Other: 0.1ms
[0.238s][info   ][gc,heap       ] GC(24) Eden regions: 4->0(10)
[0.238s][info   ][gc,heap       ] GC(24) Survivor regions: 2->2(2)
[0.238s][info   ][gc,heap       ] GC(24) Old regions: 124->126
[0.238s][info   ][gc,heap       ] GC(24) Humongous regions: 88->88
[0.238s][info   ][gc,metaspace  ] GC(24) Metaspace: 3896K->3896K(1056768K)
[0.238s][info   ][gc            ] GC(24) Pause Young (Concurrent Start) (G1 Humongous Allocation) 216M->215M(256M) 0.707ms
[0.238s][info   ][gc,cpu        ] GC(24) User=0.00s Sys=0.00s Real=0.00s
[0.238s][info   ][gc            ] GC(25) Concurrent Cycle
[0.238s][info   ][gc,marking    ] GC(25) Concurrent Clear Claimed Marks
[0.238s][info   ][gc,marking    ] GC(25) Concurrent Clear Claimed Marks 0.024ms
[0.238s][info   ][gc,marking    ] GC(25) Concurrent Scan Root Regions
[0.238s][info   ][gc,marking    ] GC(25) Concurrent Scan Root Regions 0.021ms
[0.238s][info   ][gc,marking    ] GC(25) Concurrent Mark (0.238s)
[0.238s][info   ][gc,marking    ] GC(25) Concurrent Mark From Roots
[0.238s][info   ][gc,task       ] GC(25) Using 3 workers of 3 for marking
[0.239s][info   ][gc,marking    ] GC(25) Concurrent Mark From Roots 0.539ms
[0.239s][info   ][gc,marking    ] GC(25) Concurrent Preclean
[0.239s][info   ][gc,marking    ] GC(25) Concurrent Preclean 0.029ms
[0.239s][info   ][gc,marking    ] GC(25) Concurrent Mark (0.238s, 0.239s) 0.590ms
[0.239s][info   ][gc,start      ] GC(25) Pause Remark
[0.239s][info   ][gc,stringtable] GC(25) Cleaned string and symbol table, strings: 1522 processed, 0 removed, symbols: 17835 processed, 0 removed
[0.239s][info   ][gc            ] GC(25) Pause Remark 223M->223M(256M) 0.374ms
[0.239s][info   ][gc,cpu        ] GC(25) User=0.00s Sys=0.00s Real=0.00s
[0.239s][info   ][gc,marking    ] GC(25) Concurrent Rebuild Remembered Sets
[0.240s][info   ][gc,marking    ] GC(25) Concurrent Rebuild Remembered Sets 0.448ms
[0.240s][info   ][gc,start      ] GC(25) Pause Cleanup
[0.240s][info   ][gc            ] GC(25) Pause Cleanup 228M->228M(256M) 0.090ms
[0.240s][info   ][gc,cpu        ] GC(25) User=0.00s Sys=0.00s Real=0.00s
[0.240s][info   ][gc,marking    ] GC(25) Concurrent Cleanup for Next Mark
[0.240s][info   ][gc,marking    ] GC(25) Concurrent Cleanup for Next Mark 0.320ms
[0.240s][info   ][gc            ] GC(25) Concurrent Cycle 2.110ms
[0.241s][info   ][gc,start      ] GC(26) Pause Young (Prepare Mixed) (G1 Evacuation Pause)
[0.241s][info   ][gc,task       ] GC(26) Using 6 workers of 13 for evacuation
[0.241s][info   ][gc,phases     ] GC(26)   Pre Evacuate Collection Set: 0.0ms
[0.241s][info   ][gc,phases     ] GC(26)   Evacuate Collection Set: 0.4ms
[0.241s][info   ][gc,phases     ] GC(26)   Post Evacuate Collection Set: 0.1ms
[0.241s][info   ][gc,phases     ] GC(26)   Other: 0.1ms
[0.241s][info   ][gc,heap       ] GC(26) Eden regions: 10->0(10)
[0.241s][info   ][gc,heap       ] GC(26) Survivor regions: 2->2(2)
[0.241s][info   ][gc,heap       ] GC(26) Old regions: 126->129
[0.241s][info   ][gc,heap       ] GC(26) Humongous regions: 100->93
[0.241s][info   ][gc,metaspace  ] GC(26) Metaspace: 3896K->3896K(1056768K)
[0.241s][info   ][gc            ] GC(26) Pause Young (Prepare Mixed) (G1 Evacuation Pause) 236M->223M(256M) 0.653ms
[0.241s][info   ][gc,cpu        ] GC(26) User=0.00s Sys=0.00s Real=0.00s
[0.244s][info   ][gc,start      ] GC(27) Pause Young (Mixed) (G1 Evacuation Pause)
[0.244s][info   ][gc,task       ] GC(27) Using 6 workers of 13 for evacuation
[0.245s][info   ][gc,phases     ] GC(27)   Pre Evacuate Collection Set: 0.0ms
[0.245s][info   ][gc,phases     ] GC(27)   Evacuate Collection Set: 1.4ms
[0.245s][info   ][gc,phases     ] GC(27)   Post Evacuate Collection Set: 0.1ms
[0.245s][info   ][gc,phases     ] GC(27)   Other: 0.1ms
[0.245s][info   ][gc,heap       ] GC(27) Eden regions: 10->0(10)
[0.245s][info   ][gc,heap       ] GC(27) Survivor regions: 2->2(2)
[0.245s][info   ][gc,heap       ] GC(27) Old regions: 129->130
[0.245s][info   ][gc,heap       ] GC(27) Humongous regions: 98->93
[0.245s][info   ][gc,metaspace  ] GC(27) Metaspace: 3896K->3896K(1056768K)
[0.245s][info   ][gc            ] GC(27) Pause Young (Mixed) (G1 Evacuation Pause) 238M->224M(256M) 1.690ms
[0.245s][info   ][gc,cpu        ] GC(27) User=0.01s Sys=0.01s Real=0.00s
[0.245s][info   ][gc,start      ] GC(28) Pause Young (Concurrent Start) (G1 Humongous Allocation)
[0.245s][info   ][gc,task       ] GC(28) Using 6 workers of 13 for evacuation
[0.246s][info   ][gc,phases     ] GC(28)   Pre Evacuate Collection Set: 0.0ms
[0.246s][info   ][gc,phases     ] GC(28)   Evacuate Collection Set: 0.3ms
[0.246s][info   ][gc,phases     ] GC(28)   Post Evacuate Collection Set: 0.1ms
[0.246s][info   ][gc,phases     ] GC(28)   Other: 0.1ms
[0.246s][info   ][gc,heap       ] GC(28) Eden regions: 1->0(11)
[0.246s][info   ][gc,heap       ] GC(28) Survivor regions: 2->1(2)
[0.246s][info   ][gc,heap       ] GC(28) Old regions: 130->132
[0.246s][info   ][gc,heap       ] GC(28) Humongous regions: 93->93
[0.246s][info   ][gc,metaspace  ] GC(28) Metaspace: 3896K->3896K(1056768K)
[0.246s][info   ][gc            ] GC(28) Pause Young (Concurrent Start) (G1 Humongous Allocation) 225M->224M(256M) 0.571ms
[0.246s][info   ][gc,cpu        ] GC(28) User=0.00s Sys=0.00s Real=0.00s
[0.246s][info   ][gc            ] GC(29) Concurrent Cycle
[0.246s][info   ][gc,marking    ] GC(29) Concurrent Clear Claimed Marks
[0.246s][info   ][gc,marking    ] GC(29) Concurrent Clear Claimed Marks 0.009ms
[0.246s][info   ][gc,marking    ] GC(29) Concurrent Scan Root Regions
[0.246s][info   ][gc,marking    ] GC(29) Concurrent Scan Root Regions 0.025ms
[0.246s][info   ][gc,marking    ] GC(29) Concurrent Mark (0.246s)
[0.246s][info   ][gc,marking    ] GC(29) Concurrent Mark From Roots
[0.246s][info   ][gc,task       ] GC(29) Using 3 workers of 3 for marking
[0.247s][info   ][gc,marking    ] GC(29) Concurrent Mark From Roots 0.604ms
[0.247s][info   ][gc,marking    ] GC(29) Concurrent Preclean
[0.247s][info   ][gc,marking    ] GC(29) Concurrent Preclean 0.034ms
[0.247s][info   ][gc,marking    ] GC(29) Concurrent Mark (0.246s, 0.247s) 0.668ms
[0.247s][info   ][gc,start      ] GC(29) Pause Remark
[0.247s][info   ][gc,stringtable] GC(29) Cleaned string and symbol table, strings: 1522 processed, 0 removed, symbols: 17835 processed, 0 removed
[0.247s][info   ][gc            ] GC(29) Pause Remark 233M->233M(256M) 0.389ms
[0.247s][info   ][gc,cpu        ] GC(29) User=0.00s Sys=0.00s Real=0.00s
[0.247s][info   ][gc,marking    ] GC(29) Concurrent Rebuild Remembered Sets
[0.248s][info   ][gc,marking    ] GC(29) Concurrent Rebuild Remembered Sets 0.464ms
[0.248s][info   ][gc,start      ] GC(29) Pause Cleanup
[0.248s][info   ][gc            ] GC(29) Pause Cleanup 237M->237M(256M) 0.072ms
[0.248s][info   ][gc,cpu        ] GC(29) User=0.00s Sys=0.00s Real=0.00s
[0.248s][info   ][gc,marking    ] GC(29) Concurrent Cleanup for Next Mark
[0.248s][info   ][gc,marking    ] GC(29) Concurrent Cleanup for Next Mark 0.314ms
[0.248s][info   ][gc            ] GC(29) Concurrent Cycle 2.204ms
[0.249s][info   ][gc,start      ] GC(30) Pause Young (Prepare Mixed) (G1 Evacuation Pause)
[0.249s][info   ][gc,task       ] GC(30) Using 6 workers of 13 for evacuation
[0.250s][info   ][gc,phases     ] GC(30)   Pre Evacuate Collection Set: 0.0ms
[0.250s][info   ][gc,phases     ] GC(30)   Evacuate Collection Set: 0.4ms
[0.250s][info   ][gc,phases     ] GC(30)   Post Evacuate Collection Set: 0.1ms
[0.250s][info   ][gc,phases     ] GC(30)   Other: 0.1ms
[0.250s][info   ][gc,heap       ] GC(30) Eden regions: 11->0(10)
[0.250s][info   ][gc,heap       ] GC(30) Survivor regions: 1->2(2)
[0.250s][info   ][gc,heap       ] GC(30) Old regions: 132->133
[0.250s][info   ][gc,heap       ] GC(30) Humongous regions: 101->97
[0.250s][info   ][gc,metaspace  ] GC(30) Metaspace: 3896K->3896K(1056768K)
[0.250s][info   ][gc            ] GC(30) Pause Young (Prepare Mixed) (G1 Evacuation Pause) 243M->231M(256M) 0.642ms
[0.250s][info   ][gc,cpu        ] GC(30) User=0.00s Sys=0.00s Real=0.01s
[0.252s][info   ][gc,start      ] GC(31) Pause Young (Mixed) (G1 Evacuation Pause)
[0.252s][info   ][gc,task       ] GC(31) Using 6 workers of 13 for evacuation
[0.253s][info   ][gc            ] GC(31) To-space exhausted
[0.253s][info   ][gc,phases     ] GC(31)   Pre Evacuate Collection Set: 0.0ms
[0.253s][info   ][gc,phases     ] GC(31)   Evacuate Collection Set: 0.8ms
[0.253s][info   ][gc,phases     ] GC(31)   Post Evacuate Collection Set: 0.1ms
[0.253s][info   ][gc,phases     ] GC(31)   Other: 0.1ms
[0.253s][info   ][gc,heap       ] GC(31) Eden regions: 10->0(10)
[0.253s][info   ][gc,heap       ] GC(31) Survivor regions: 2->2(2)
[0.253s][info   ][gc,heap       ] GC(31) Old regions: 133->137
[0.253s][info   ][gc,heap       ] GC(31) Humongous regions: 100->99
[0.253s][info   ][gc,metaspace  ] GC(31) Metaspace: 3896K->3896K(1056768K)
[0.253s][info   ][gc            ] GC(31) Pause Young (Mixed) (G1 Evacuation Pause) 244M->238M(256M) 1.153ms
[0.253s][info   ][gc,cpu        ] GC(31) User=0.00s Sys=0.00s Real=0.00s
[0.253s][info   ][gc,start      ] GC(32) Pause Young (Concurrent Start) (G1 Humongous Allocation)
[0.253s][info   ][gc,task       ] GC(32) Using 6 workers of 13 for evacuation
[0.254s][info   ][gc,phases     ] GC(32)   Pre Evacuate Collection Set: 0.0ms
[0.254s][info   ][gc,phases     ] GC(32)   Evacuate Collection Set: 0.3ms
[0.254s][info   ][gc,phases     ] GC(32)   Post Evacuate Collection Set: 0.0ms
[0.254s][info   ][gc,phases     ] GC(32)   Other: 0.1ms
[0.254s][info   ][gc,heap       ] GC(32) Eden regions: 2->0(10)
[0.254s][info   ][gc,heap       ] GC(32) Survivor regions: 2->2(2)
[0.254s][info   ][gc,heap       ] GC(32) Old regions: 137->139
[0.254s][info   ][gc,heap       ] GC(32) Humongous regions: 99->99
[0.254s][info   ][gc,metaspace  ] GC(32) Metaspace: 3896K->3896K(1056768K)
[0.254s][info   ][gc            ] GC(32) Pause Young (Concurrent Start) (G1 Humongous Allocation) 239M->239M(256M) 0.551ms
[0.254s][info   ][gc,cpu        ] GC(32) User=0.00s Sys=0.00s Real=0.00s
[0.254s][info   ][gc            ] GC(33) Concurrent Cycle
[0.254s][info   ][gc,marking    ] GC(33) Concurrent Clear Claimed Marks
[0.254s][info   ][gc,marking    ] GC(33) Concurrent Clear Claimed Marks 0.006ms
[0.254s][info   ][gc,marking    ] GC(33) Concurrent Scan Root Regions
[0.254s][info   ][gc,marking    ] GC(33) Concurrent Scan Root Regions 0.023ms
[0.254s][info   ][gc,marking    ] GC(33) Concurrent Mark (0.254s)
[0.254s][info   ][gc,marking    ] GC(33) Concurrent Mark From Roots
[0.254s][info   ][gc,task       ] GC(33) Using 3 workers of 3 for marking
[0.254s][info   ][gc,marking    ] GC(33) Concurrent Mark From Roots 0.581ms
[0.254s][info   ][gc,marking    ] GC(33) Concurrent Preclean
[0.254s][info   ][gc,marking    ] GC(33) Concurrent Preclean 0.032ms
[0.254s][info   ][gc,marking    ] GC(33) Concurrent Mark (0.254s, 0.254s) 0.640ms
[0.254s][info   ][gc,start      ] GC(33) Pause Remark
[0.255s][info   ][gc,stringtable] GC(33) Cleaned string and symbol table, strings: 1523 processed, 0 removed, symbols: 17835 processed, 0 removed
[0.255s][info   ][gc            ] GC(33) Pause Remark 244M->244M(256M) 0.329ms
[0.255s][info   ][gc,cpu        ] GC(33) User=0.00s Sys=0.00s Real=0.00s
[0.255s][info   ][gc,marking    ] GC(33) Concurrent Rebuild Remembered Sets
[0.255s][info   ][gc,marking    ] GC(33) Concurrent Rebuild Remembered Sets 0.465ms
[0.255s][info   ][gc,start      ] GC(33) Pause Cleanup
[0.255s][info   ][gc            ] GC(33) Pause Cleanup 249M->249M(256M) 0.078ms
[0.255s][info   ][gc,cpu        ] GC(33) User=0.00s Sys=0.00s Real=0.00s
[0.255s][info   ][gc,marking    ] GC(33) Concurrent Cleanup for Next Mark
[0.256s][info   ][gc,marking    ] GC(33) Concurrent Cleanup for Next Mark 0.312ms
[0.256s][info   ][gc            ] GC(33) Concurrent Cycle 2.057ms
[0.256s][info   ][gc,start      ] GC(34) Pause Young (Prepare Mixed) (G1 Evacuation Pause)
[0.256s][info   ][gc,task       ] GC(34) Using 6 workers of 13 for evacuation
[0.256s][info   ][gc            ] GC(34) To-space exhausted
[0.256s][info   ][gc,phases     ] GC(34)   Pre Evacuate Collection Set: 0.0ms
[0.256s][info   ][gc,phases     ] GC(34)   Evacuate Collection Set: 0.1ms
[0.256s][info   ][gc,phases     ] GC(34)   Post Evacuate Collection Set: 0.1ms
[0.257s][info   ][gc,phases     ] GC(34)   Other: 0.1ms
[0.257s][info   ][gc,heap       ] GC(34) Eden regions: 10->0(12)
[0.257s][info   ][gc,heap       ] GC(34) Survivor regions: 2->0(2)
[0.257s][info   ][gc,heap       ] GC(34) Old regions: 139->151
[0.257s][info   ][gc,heap       ] GC(34) Humongous regions: 105->100
[0.257s][info   ][gc,metaspace  ] GC(34) Metaspace: 3896K->3896K(1056768K)
[0.257s][info   ][gc            ] GC(34) Pause Young (Prepare Mixed) (G1 Evacuation Pause) 254M->250M(256M) 0.385ms
[0.257s][info   ][gc,cpu        ] GC(34) User=0.00s Sys=0.00s Real=0.00s
[0.257s][info   ][gc,start      ] GC(35) Pause Young (Mixed) (G1 Humongous Allocation)
[0.257s][info   ][gc,task       ] GC(35) Using 6 workers of 13 for evacuation
[0.258s][info   ][gc            ] GC(35) To-space exhausted
[0.258s][info   ][gc,phases     ] GC(35)   Pre Evacuate Collection Set: 0.0ms
[0.258s][info   ][gc,phases     ] GC(35)   Evacuate Collection Set: 0.1ms
[0.258s][info   ][gc,phases     ] GC(35)   Post Evacuate Collection Set: 0.1ms
[0.258s][info   ][gc,phases     ] GC(35)   Other: 0.1ms
[0.258s][info   ][gc,heap       ] GC(35) Eden regions: 4->0(12)
[0.258s][info   ][gc,heap       ] GC(35) Survivor regions: 0->0(2)
[0.258s][info   ][gc,heap       ] GC(35) Old regions: 151->155
[0.258s][info   ][gc,heap       ] GC(35) Humongous regions: 101->99
[0.258s][info   ][gc,metaspace  ] GC(35) Metaspace: 3896K->3896K(1056768K)
[0.258s][info   ][gc            ] GC(35) Pause Young (Mixed) (G1 Humongous Allocation) 254M->252M(256M) 0.373ms
[0.258s][info   ][gc,cpu        ] GC(35) User=0.00s Sys=0.00s Real=0.00s
[0.258s][info   ][gc,start      ] GC(36) Pause Young (Concurrent Start) (G1 Humongous Allocation)
[0.258s][info   ][gc,task       ] GC(36) Using 6 workers of 13 for evacuation
[0.258s][info   ][gc,phases     ] GC(36)   Pre Evacuate Collection Set: 0.0ms
[0.258s][info   ][gc,phases     ] GC(36)   Evacuate Collection Set: 0.2ms
[0.258s][info   ][gc,phases     ] GC(36)   Post Evacuate Collection Set: 0.0ms
[0.258s][info   ][gc,phases     ] GC(36)   Other: 0.1ms
[0.258s][info   ][gc,heap       ] GC(36) Eden regions: 0->0(12)
[0.258s][info   ][gc,heap       ] GC(36) Survivor regions: 0->0(2)
[0.258s][info   ][gc,heap       ] GC(36) Old regions: 155->155
[0.258s][info   ][gc,heap       ] GC(36) Humongous regions: 100->99
[0.258s][info   ][gc,metaspace  ] GC(36) Metaspace: 3896K->3896K(1056768K)
[0.258s][info   ][gc            ] GC(36) Pause Young (Concurrent Start) (G1 Humongous Allocation) 253M->252M(256M) 0.378ms
[0.258s][info   ][gc,cpu        ] GC(36) User=0.00s Sys=0.00s Real=0.00s
[0.258s][info   ][gc            ] GC(37) Concurrent Cycle
[0.258s][info   ][gc,marking    ] GC(37) Concurrent Clear Claimed Marks
[0.258s][info   ][gc,marking    ] GC(37) Concurrent Clear Claimed Marks 0.006ms
[0.258s][info   ][gc,marking    ] GC(37) Concurrent Scan Root Regions
[0.258s][info   ][gc,marking    ] GC(37) Concurrent Scan Root Regions 0.005ms
[0.258s][info   ][gc,marking    ] GC(37) Concurrent Mark (0.258s)
[0.258s][info   ][gc,marking    ] GC(37) Concurrent Mark From Roots
[0.258s][info   ][gc,task       ] GC(37) Using 3 workers of 3 for marking
[0.259s][info   ][gc,start      ] GC(38) Pause Young (Normal) (G1 Evacuation Pause)
[0.259s][info   ][gc,task       ] GC(38) Using 6 workers of 13 for evacuation
[0.259s][info   ][gc            ] GC(38) To-space exhausted
[0.259s][info   ][gc,phases     ] GC(38)   Pre Evacuate Collection Set: 0.0ms
[0.259s][info   ][gc,phases     ] GC(38)   Evacuate Collection Set: 0.1ms
[0.259s][info   ][gc,phases     ] GC(38)   Post Evacuate Collection Set: 0.1ms
[0.259s][info   ][gc,phases     ] GC(38)   Other: 0.1ms
[0.259s][info   ][gc,heap       ] GC(38) Eden regions: 1->0(12)
[0.259s][info   ][gc,heap       ] GC(38) Survivor regions: 0->0(2)
[0.259s][info   ][gc,heap       ] GC(38) Old regions: 155->156
[0.259s][info   ][gc,heap       ] GC(38) Humongous regions: 100->98
[0.259s][info   ][gc,metaspace  ] GC(38) Metaspace: 3896K->3896K(1056768K)
[0.259s][info   ][gc            ] GC(38) Pause Young (Normal) (G1 Evacuation Pause) 254M->252M(256M) 0.296ms
[0.259s][info   ][gc,cpu        ] GC(38) User=0.00s Sys=0.00s Real=0.00s
[0.259s][info   ][gc,marking    ] GC(37) Concurrent Mark From Roots 0.972ms
[0.259s][info   ][gc,marking    ] GC(37) Concurrent Preclean
[0.259s][info   ][gc,marking    ] GC(37) Concurrent Preclean 0.031ms
[0.259s][info   ][gc,marking    ] GC(37) Concurrent Mark (0.258s, 0.259s) 1.025ms
[0.259s][info   ][gc,start      ] GC(37) Pause Remark
[0.260s][info   ][gc,stringtable] GC(37) Cleaned string and symbol table, strings: 1523 processed, 0 removed, symbols: 17835 processed, 0 removed
[0.260s][info   ][gc            ] GC(37) Pause Remark 252M->252M(256M) 0.332ms
[0.260s][info   ][gc,cpu        ] GC(37) User=0.00s Sys=0.00s Real=0.01s
[0.260s][info   ][gc,marking    ] GC(37) Concurrent Rebuild Remembered Sets
[0.260s][info   ][gc,marking    ] GC(37) Concurrent Rebuild Remembered Sets 0.475ms
[0.260s][info   ][gc,start      ] GC(37) Pause Cleanup
[0.260s][info   ][gc            ] GC(37) Pause Cleanup 253M->253M(256M) 0.083ms
[0.260s][info   ][gc,cpu        ] GC(37) User=0.00s Sys=0.00s Real=0.00s
[0.260s][info   ][gc,marking    ] GC(37) Concurrent Cleanup for Next Mark
[0.261s][info   ][gc,start      ] GC(39) Pause Young (Prepare Mixed) (G1 Evacuation Pause)
[0.261s][info   ][gc,task       ] GC(39) Using 6 workers of 13 for evacuation
[0.261s][info   ][gc            ] GC(39) To-space exhausted
[0.261s][info   ][gc,phases     ] GC(39)   Pre Evacuate Collection Set: 0.0ms
[0.261s][info   ][gc,phases     ] GC(39)   Evacuate Collection Set: 0.1ms
[0.261s][info   ][gc,phases     ] GC(39)   Post Evacuate Collection Set: 0.1ms
[0.261s][info   ][gc,phases     ] GC(39)   Other: 0.1ms
[0.261s][info   ][gc,heap       ] GC(39) Eden regions: 2->0(12)
[0.261s][info   ][gc,heap       ] GC(39) Survivor regions: 0->0(2)
[0.261s][info   ][gc,heap       ] GC(39) Old regions: 156->158
[0.261s][info   ][gc,heap       ] GC(39) Humongous regions: 98->98
[0.261s][info   ][gc,metaspace  ] GC(39) Metaspace: 3896K->3896K(1056768K)
[0.261s][info   ][gc            ] GC(39) Pause Young (Prepare Mixed) (G1 Evacuation Pause) 254M->254M(256M) 0.315ms
[0.261s][info   ][gc,cpu        ] GC(39) User=0.00s Sys=0.00s Real=0.00s
[0.261s][info   ][gc,task       ] GC(40) Using 6 workers of 13 for full compaction
[0.261s][info   ][gc,start      ] GC(40) Pause Full (G1 Evacuation Pause)
[0.261s][info   ][gc,phases,start] GC(40) Phase 1: Mark live objects
[0.262s][info   ][gc,stringtable ] GC(40) Cleaned string and symbol table, strings: 1523 processed, 0 removed, symbols: 17835 processed, 0 removed
[0.262s][info   ][gc,phases      ] GC(40) Phase 1: Mark live objects 0.510ms
[0.262s][info   ][gc,phases,start] GC(40) Phase 2: Prepare for compaction
[0.262s][info   ][gc,phases      ] GC(40) Phase 2: Prepare for compaction 0.143ms
[0.262s][info   ][gc,phases,start] GC(40) Phase 3: Adjust pointers
[0.262s][info   ][gc,phases      ] GC(40) Phase 3: Adjust pointers 0.272ms
[0.262s][info   ][gc,phases,start] GC(40) Phase 4: Compact heap
[0.271s][info   ][gc,phases      ] GC(40) Phase 4: Compact heap 8.995ms
[0.271s][info   ][gc,heap        ] GC(40) Eden regions: 0->0(12)
[0.272s][info   ][gc,heap        ] GC(40) Survivor regions: 0->0(2)
[0.272s][info   ][gc,heap        ] GC(40) Old regions: 158->134
[0.272s][info   ][gc,heap        ] GC(40) Humongous regions: 98->98
[0.272s][info   ][gc,metaspace   ] GC(40) Metaspace: 3896K->3896K(1056768K)
[0.272s][info   ][gc             ] GC(40) Pause Full (G1 Evacuation Pause) 254M->213M(256M) 10.523ms
[0.272s][info   ][gc,cpu         ] GC(40) User=0.05s Sys=0.00s Real=0.01s
[0.272s][info   ][gc,marking     ] GC(37) Concurrent Cleanup for Next Mark 11.604ms
[0.272s][info   ][gc,marking     ] GC(37) Concurrent Mark Abort
[0.272s][info   ][gc             ] GC(37) Concurrent Cycle 13.820ms
[0.272s][info   ][gc,start       ] GC(41) Pause Young (Concurrent Start) (G1 Humongous Allocation)
[0.272s][info   ][gc,task        ] GC(41) Using 6 workers of 13 for evacuation
[0.272s][info   ][gc,phases      ] GC(41)   Pre Evacuate Collection Set: 0.0ms
[0.272s][info   ][gc,phases      ] GC(41)   Evacuate Collection Set: 0.1ms
[0.272s][info   ][gc,phases      ] GC(41)   Post Evacuate Collection Set: 0.1ms
[0.272s][info   ][gc,phases      ] GC(41)   Other: 0.1ms
[0.272s][info   ][gc,heap        ] GC(41) Eden regions: 1->0(11)
[0.272s][info   ][gc,heap        ] GC(41) Survivor regions: 0->1(2)
[0.272s][info   ][gc,heap        ] GC(41) Old regions: 134->134
[0.272s][info   ][gc,heap        ] GC(41) Humongous regions: 98->98
[0.272s][info   ][gc,metaspace   ] GC(41) Metaspace: 3896K->3896K(1056768K)
[0.273s][info   ][gc             ] GC(41) Pause Young (Concurrent Start) (G1 Humongous Allocation) 213M->213M(256M) 0.428ms
[0.273s][info   ][gc,cpu         ] GC(41) User=0.00s Sys=0.00s Real=0.00s
[0.273s][info   ][gc             ] GC(42) Concurrent Cycle
[0.273s][info   ][gc,marking     ] GC(42) Concurrent Clear Claimed Marks
[0.273s][info   ][gc,marking     ] GC(42) Concurrent Clear Claimed Marks 0.007ms
[0.273s][info   ][gc,marking     ] GC(42) Concurrent Scan Root Regions
[0.273s][info   ][gc,marking     ] GC(42) Concurrent Scan Root Regions 0.021ms
[0.273s][info   ][gc,marking     ] GC(42) Concurrent Mark (0.273s)
[0.273s][info   ][gc,marking     ] GC(42) Concurrent Mark From Roots
[0.273s][info   ][gc,task        ] GC(42) Using 3 workers of 3 for marking
[0.273s][info   ][gc,marking     ] GC(42) Concurrent Mark From Roots 0.696ms
[0.273s][info   ][gc,marking     ] GC(42) Concurrent Preclean
[0.273s][info   ][gc,marking     ] GC(42) Concurrent Preclean 0.038ms
[0.273s][info   ][gc,marking     ] GC(42) Concurrent Mark (0.273s, 0.273s) 0.763ms
[0.274s][info   ][gc,start       ] GC(42) Pause Remark
[0.274s][info   ][gc,stringtable ] GC(42) Cleaned string and symbol table, strings: 1523 processed, 0 removed, symbols: 17835 processed, 0 removed
[0.274s][info   ][gc             ] GC(42) Pause Remark 219M->218M(256M) 0.516ms
[0.274s][info   ][gc,cpu         ] GC(42) User=0.00s Sys=0.00s Real=0.00s
[0.274s][info   ][gc,marking     ] GC(42) Concurrent Rebuild Remembered Sets
[0.275s][info   ][gc,marking     ] GC(42) Concurrent Rebuild Remembered Sets 0.573ms
[0.275s][info   ][gc,start       ] GC(42) Pause Cleanup
[0.275s][info   ][gc             ] GC(42) Pause Cleanup 225M->225M(256M) 0.108ms
[0.275s][info   ][gc,cpu         ] GC(42) User=0.00s Sys=0.00s Real=0.00s
[0.275s][info   ][gc,marking     ] GC(42) Concurrent Cleanup for Next Mark
[0.275s][info   ][gc,marking     ] GC(42) Concurrent Cleanup for Next Mark 0.337ms
[0.275s][info   ][gc             ] GC(42) Concurrent Cycle 2.744ms
[0.277s][info   ][gc,start       ] GC(43) Pause Young (Prepare Mixed) (G1 Evacuation Pause)
[0.277s][info   ][gc,task        ] GC(43) Using 6 workers of 13 for evacuation
[0.277s][info   ][gc             ] GC(43) To-space exhausted
[0.277s][info   ][gc,phases      ] GC(43)   Pre Evacuate Collection Set: 0.0ms
[0.277s][info   ][gc,phases      ] GC(43)   Evacuate Collection Set: 0.2ms
[0.277s][info   ][gc,phases      ] GC(43)   Post Evacuate Collection Set: 0.2ms
[0.277s][info   ][gc,phases      ] GC(43)   Other: 0.1ms
[0.277s][info   ][gc,heap        ] GC(43) Eden regions: 11->0(12)
[0.277s][info   ][gc,heap        ] GC(43) Survivor regions: 1->0(2)
[0.277s][info   ][gc,heap        ] GC(43) Old regions: 134->146
[0.277s][info   ][gc,heap        ] GC(43) Humongous regions: 110->103
[0.277s][info   ][gc,metaspace   ] GC(43) Metaspace: 3896K->3896K(1056768K)
[0.277s][info   ][gc             ] GC(43) Pause Young (Prepare Mixed) (G1 Evacuation Pause) 236M->229M(256M) 0.587ms
[0.277s][info   ][gc,cpu         ] GC(43) User=0.00s Sys=0.00s Real=0.00s
[0.278s][info   ][gc,start       ] GC(44) Pause Young (Mixed) (G1 Humongous Allocation)
[0.278s][info   ][gc,task        ] GC(44) Using 6 workers of 13 for evacuation
[0.279s][info   ][gc             ] GC(44) To-space exhausted
[0.279s][info   ][gc,phases      ] GC(44)   Pre Evacuate Collection Set: 0.0ms
[0.279s][info   ][gc,phases      ] GC(44)   Evacuate Collection Set: 0.1ms
[0.279s][info   ][gc,phases      ] GC(44)   Post Evacuate Collection Set: 0.1ms
[0.279s][info   ][gc,phases      ] GC(44)   Other: 0.1ms
[0.279s][info   ][gc,heap        ] GC(44) Eden regions: 6->0(12)
[0.279s][info   ][gc,heap        ] GC(44) Survivor regions: 0->0(2)
[0.279s][info   ][gc,heap        ] GC(44) Old regions: 146->152
[0.279s][info   ][gc,heap        ] GC(44) Humongous regions: 104->103
[0.279s][info   ][gc,metaspace   ] GC(44) Metaspace: 3896K->3896K(1056768K)
[0.279s][info   ][gc             ] GC(44) Pause Young (Mixed) (G1 Humongous Allocation) 235M->234M(256M) 0.473ms
[0.279s][info   ][gc,cpu         ] GC(44) User=0.00s Sys=0.00s Real=0.00s
[0.279s][info   ][gc,start       ] GC(45) Pause Young (Concurrent Start) (G1 Evacuation Pause)
[0.279s][info   ][gc,task        ] GC(45) Using 6 workers of 13 for evacuation
[0.279s][info   ][gc,phases      ] GC(45)   Pre Evacuate Collection Set: 0.0ms
[0.279s][info   ][gc,phases      ] GC(45)   Evacuate Collection Set: 0.1ms
[0.279s][info   ][gc,phases      ] GC(45)   Post Evacuate Collection Set: 0.1ms
[0.279s][info   ][gc,phases      ] GC(45)   Other: 0.1ms
[0.279s][info   ][gc,heap        ] GC(45) Eden regions: 0->0(12)
[0.279s][info   ][gc,heap        ] GC(45) Survivor regions: 0->0(2)
[0.279s][info   ][gc,heap        ] GC(45) Old regions: 152->152
[0.279s][info   ][gc,heap        ] GC(45) Humongous regions: 104->103
[0.279s][info   ][gc,metaspace   ] GC(45) Metaspace: 3896K->3896K(1056768K)
[0.279s][info   ][gc             ] GC(45) Pause Young (Concurrent Start) (G1 Evacuation Pause) 235M->234M(256M) 0.360ms
[0.279s][info   ][gc,cpu         ] GC(45) User=0.00s Sys=0.00s Real=0.00s
[0.279s][info   ][gc             ] GC(46) Concurrent Cycle
[0.279s][info   ][gc,marking     ] GC(46) Concurrent Clear Claimed Marks
[0.279s][info   ][gc,marking     ] GC(46) Concurrent Clear Claimed Marks 0.007ms
[0.279s][info   ][gc,marking     ] GC(46) Concurrent Scan Root Regions
[0.279s][info   ][gc,marking     ] GC(46) Concurrent Scan Root Regions 0.006ms
[0.279s][info   ][gc,marking     ] GC(46) Concurrent Mark (0.279s)
[0.279s][info   ][gc,marking     ] GC(46) Concurrent Mark From Roots
[0.279s][info   ][gc,task        ] GC(46) Using 3 workers of 3 for marking
[0.280s][info   ][gc,start       ] GC(47) Pause Young (Normal) (G1 Evacuation Pause)
[0.280s][info   ][gc,task        ] GC(47) Using 6 workers of 13 for evacuation
[0.280s][info   ][gc             ] GC(47) To-space exhausted
[0.280s][info   ][gc,phases      ] GC(47)   Pre Evacuate Collection Set: 0.1ms
[0.280s][info   ][gc,phases      ] GC(47)   Evacuate Collection Set: 0.1ms
[0.280s][info   ][gc,phases      ] GC(47)   Post Evacuate Collection Set: 0.1ms
[0.280s][info   ][gc,phases      ] GC(47)   Other: 0.1ms
[0.280s][info   ][gc,heap        ] GC(47) Eden regions: 1->0(12)
[0.280s][info   ][gc,heap        ] GC(47) Survivor regions: 0->0(2)
[0.280s][info   ][gc,heap        ] GC(47) Old regions: 152->153
[0.280s][info   ][gc,heap        ] GC(47) Humongous regions: 103->103
[0.280s][info   ][gc,metaspace   ] GC(47) Metaspace: 3896K->3896K(1056768K)
[0.280s][info   ][gc             ] GC(47) Pause Young (Normal) (G1 Evacuation Pause) 235M->235M(256M) 0.358ms
[0.280s][info   ][gc,cpu         ] GC(47) User=0.00s Sys=0.00s Real=0.00s
[0.280s][info   ][gc,task        ] GC(48) Using 6 workers of 13 for full compaction
[0.280s][info   ][gc,start       ] GC(48) Pause Full (G1 Evacuation Pause)
[0.281s][info   ][gc,phases,start] GC(48) Phase 1: Mark live objects
[0.281s][info   ][gc,stringtable ] GC(48) Cleaned string and symbol table, strings: 1523 processed, 0 removed, symbols: 17835 processed, 0 removed
[0.281s][info   ][gc,phases      ] GC(48) Phase 1: Mark live objects 0.537ms
[0.281s][info   ][gc,phases,start] GC(48) Phase 2: Prepare for compaction
[0.281s][info   ][gc,phases      ] GC(48) Phase 2: Prepare for compaction 0.153ms
[0.281s][info   ][gc,phases,start] GC(48) Phase 3: Adjust pointers
[0.282s][info   ][gc,phases      ] GC(48) Phase 3: Adjust pointers 0.277ms
[0.282s][info   ][gc,phases,start] GC(48) Phase 4: Compact heap
[0.290s][info   ][gc,phases      ] GC(48) Phase 4: Compact heap 8.485ms
[0.290s][info   ][gc,heap        ] GC(48) Eden regions: 0->0(12)
[0.290s][info   ][gc,heap        ] GC(48) Survivor regions: 0->0(2)
[0.290s][info   ][gc,heap        ] GC(48) Old regions: 153->133
[0.290s][info   ][gc,heap        ] GC(48) Humongous regions: 103->103
[0.290s][info   ][gc,metaspace   ] GC(48) Metaspace: 3896K->3896K(1056768K)
[0.290s][info   ][gc             ] GC(48) Pause Full (G1 Evacuation Pause) 235M->220M(256M) 10.172ms
[0.291s][info   ][gc,cpu         ] GC(48) User=0.04s Sys=0.01s Real=0.01s
[0.291s][info   ][gc,marking     ] GC(46) Concurrent Mark From Roots 11.150ms
[0.291s][info   ][gc,marking     ] GC(46) Concurrent Mark Abort
[0.291s][info   ][gc             ] GC(46) Concurrent Cycle 11.261ms
[0.291s][info   ][gc,start       ] GC(49) Pause Young (Concurrent Start) (G1 Humongous Allocation)
[0.291s][info   ][gc,task        ] GC(49) Using 6 workers of 13 for evacuation
[0.291s][info   ][gc,phases      ] GC(49)   Pre Evacuate Collection Set: 0.0ms
[0.291s][info   ][gc,phases      ] GC(49)   Evacuate Collection Set: 0.2ms
[0.291s][info   ][gc,phases      ] GC(49)   Post Evacuate Collection Set: 0.1ms
[0.291s][info   ][gc,phases      ] GC(49)   Other: 0.1ms
[0.292s][info   ][gc,heap        ] GC(49) Eden regions: 3->0(11)
[0.292s][info   ][gc,heap        ] GC(49) Survivor regions: 0->1(2)
[0.292s][info   ][gc,heap        ] GC(49) Old regions: 133->133
[0.292s][info   ][gc,heap        ] GC(49) Humongous regions: 103->103
[0.292s][info   ][gc,metaspace   ] GC(49) Metaspace: 3896K->3896K(1056768K)
[0.292s][info   ][gc             ] GC(49) Pause Young (Concurrent Start) (G1 Humongous Allocation) 222M->220M(256M) 0.470ms
[0.292s][info   ][gc,cpu         ] GC(49) User=0.00s Sys=0.00s Real=0.00s
[0.292s][info   ][gc             ] GC(50) Concurrent Cycle
[0.292s][info   ][gc,marking     ] GC(50) Concurrent Clear Claimed Marks
[0.292s][info   ][gc,marking     ] GC(50) Concurrent Clear Claimed Marks 0.008ms
[0.292s][info   ][gc,marking     ] GC(50) Concurrent Scan Root Regions
[0.292s][info   ][gc,marking     ] GC(50) Concurrent Scan Root Regions 0.025ms
[0.292s][info   ][gc,marking     ] GC(50) Concurrent Mark (0.292s)
[0.292s][info   ][gc,marking     ] GC(50) Concurrent Mark From Roots
[0.292s][info   ][gc,task        ] GC(50) Using 3 workers of 3 for marking
[0.292s][info   ][gc,marking     ] GC(50) Concurrent Mark From Roots 0.765ms
[0.292s][info   ][gc,marking     ] GC(50) Concurrent Preclean
[0.292s][info   ][gc,marking     ] GC(50) Concurrent Preclean 0.041ms
[0.292s][info   ][gc,marking     ] GC(50) Concurrent Mark (0.292s, 0.292s) 0.836ms
[0.293s][info   ][gc,start       ] GC(50) Pause Remark
[0.293s][info   ][gc,stringtable ] GC(50) Cleaned string and symbol table, strings: 1523 processed, 0 removed, symbols: 17835 processed, 0 removed
[0.293s][info   ][gc             ] GC(50) Pause Remark 232M->232M(256M) 0.579ms
[0.293s][info   ][gc,cpu         ] GC(50) User=0.00s Sys=0.00s Real=0.00s
[0.293s][info   ][gc,marking     ] GC(50) Concurrent Rebuild Remembered Sets
[0.294s][info   ][gc,marking     ] GC(50) Concurrent Rebuild Remembered Sets 0.710ms
[0.294s][info   ][gc,start       ] GC(50) Pause Cleanup
[0.294s][info   ][gc             ] GC(50) Pause Cleanup 236M->236M(256M) 0.139ms
[0.294s][info   ][gc,cpu         ] GC(50) User=0.00s Sys=0.00s Real=0.00s
[0.294s][info   ][gc,marking     ] GC(50) Concurrent Cleanup for Next Mark
[0.295s][info   ][gc,marking     ] GC(50) Concurrent Cleanup for Next Mark 0.308ms
[0.295s][info   ][gc             ] GC(50) Concurrent Cycle 3.061ms
[0.295s][info   ][gc,start       ] GC(51) Pause Young (Concurrent Start) (G1 Humongous Allocation)
[0.295s][info   ][gc,task        ] GC(51) Using 6 workers of 13 for evacuation
[0.295s][info   ][gc             ] GC(51) To-space exhausted
[0.295s][info   ][gc,phases      ] GC(51)   Pre Evacuate Collection Set: 0.0ms
[0.295s][info   ][gc,phases      ] GC(51)   Evacuate Collection Set: 0.2ms
[0.295s][info   ][gc,phases      ] GC(51)   Post Evacuate Collection Set: 0.2ms
[0.296s][info   ][gc,phases      ] GC(51)   Other: 0.1ms
[0.296s][info   ][gc,heap        ] GC(51) Eden regions: 11->0(11)
[0.296s][info   ][gc,heap        ] GC(51) Survivor regions: 1->1(2)
[0.296s][info   ][gc,heap        ] GC(51) Old regions: 133->145
[0.296s][info   ][gc,heap        ] GC(51) Humongous regions: 110->106
[0.296s][info   ][gc,metaspace   ] GC(51) Metaspace: 3896K->3896K(1056768K)
[0.296s][info   ][gc             ] GC(51) Pause Young (Concurrent Start) (G1 Humongous Allocation) 238M->235M(256M) 0.570ms
[0.296s][info   ][gc,cpu         ] GC(51) User=0.00s Sys=0.00s Real=0.00s
[0.296s][info   ][gc             ] GC(52) Concurrent Cycle
[0.296s][info   ][gc,marking     ] GC(52) Concurrent Clear Claimed Marks
[0.296s][info   ][gc,marking     ] GC(52) Concurrent Clear Claimed Marks 0.009ms
[0.296s][info   ][gc,marking     ] GC(52) Concurrent Scan Root Regions
[0.296s][info   ][gc,marking     ] GC(52) Concurrent Scan Root Regions 0.025ms
[0.296s][info   ][gc,marking     ] GC(52) Concurrent Mark (0.296s)
[0.296s][info   ][gc,marking     ] GC(52) Concurrent Mark From Roots
[0.296s][info   ][gc,task        ] GC(52) Using 3 workers of 3 for marking
[0.296s][info   ][gc,start       ] GC(53) Pause Young (Normal) (G1 Evacuation Pause)
[0.296s][info   ][gc,task        ] GC(53) Using 6 workers of 13 for evacuation
[0.297s][info   ][gc             ] GC(53) To-space exhausted
[0.297s][info   ][gc,phases      ] GC(53)   Pre Evacuate Collection Set: 0.0ms
[0.297s][info   ][gc,phases      ] GC(53)   Evacuate Collection Set: 0.1ms
[0.297s][info   ][gc,phases      ] GC(53)   Post Evacuate Collection Set: 0.1ms
[0.297s][info   ][gc,phases      ] GC(53)   Other: 0.1ms
[0.297s][info   ][gc,heap        ] GC(53) Eden regions: 2->0(12)
[0.297s][info   ][gc,heap        ] GC(53) Survivor regions: 1->0(2)
[0.297s][info   ][gc,heap        ] GC(53) Old regions: 145->148
[0.297s][info   ][gc,heap        ] GC(53) Humongous regions: 108->106
[0.297s][info   ][gc,metaspace   ] GC(53) Metaspace: 3896K->3896K(1056768K)
[0.297s][info   ][gc             ] GC(53) Pause Young (Normal) (G1 Evacuation Pause) 239M->237M(256M) 0.415ms
[0.297s][info   ][gc,cpu         ] GC(53) User=0.00s Sys=0.00s Real=0.00s
[0.297s][info   ][gc,marking     ] GC(52) Concurrent Mark From Roots 1.212ms
[0.297s][info   ][gc,marking     ] GC(52) Concurrent Preclean
[0.297s][info   ][gc,start       ] GC(54) Pause Young (Normal) (G1 Evacuation Pause)
[0.297s][info   ][gc,task        ] GC(54) Using 6 workers of 13 for evacuation
[0.297s][info   ][gc             ] GC(54) To-space exhausted
[0.297s][info   ][gc,phases      ] GC(54)   Pre Evacuate Collection Set: 0.0ms
[0.297s][info   ][gc,phases      ] GC(54)   Evacuate Collection Set: 0.1ms
[0.297s][info   ][gc,phases      ] GC(54)   Post Evacuate Collection Set: 0.1ms
[0.297s][info   ][gc,phases      ] GC(54)   Other: 0.1ms
[0.297s][info   ][gc,heap        ] GC(54) Eden regions: 2->0(12)
[0.297s][info   ][gc,heap        ] GC(54) Survivor regions: 0->0(2)
[0.297s][info   ][gc,heap        ] GC(54) Old regions: 148->150
[0.297s][info   ][gc,heap        ] GC(54) Humongous regions: 106->105
[0.297s][info   ][gc,metaspace   ] GC(54) Metaspace: 3896K->3896K(1056768K)
[0.297s][info   ][gc             ] GC(54) Pause Young (Normal) (G1 Evacuation Pause) 238M->237M(256M) 0.398ms
[0.297s][info   ][gc,cpu         ] GC(54) User=0.00s Sys=0.00s Real=0.00s
[0.297s][info   ][gc,marking     ] GC(52) Concurrent Preclean 0.497ms
[0.297s][info   ][gc,marking     ] GC(52) Concurrent Mark (0.296s, 0.297s) 1.756ms
[0.298s][info   ][gc,start       ] GC(52) Pause Remark
[0.298s][info   ][gc,stringtable ] GC(52) Cleaned string and symbol table, strings: 1523 processed, 0 removed, symbols: 17835 processed, 0 removed
[0.298s][info   ][gc             ] GC(52) Pause Remark 238M->238M(256M) 0.384ms
[0.298s][info   ][gc,cpu         ] GC(52) User=0.00s Sys=0.00s Real=0.00s
[0.298s][info   ][gc,marking     ] GC(52) Concurrent Rebuild Remembered Sets
[0.298s][info   ][gc,start       ] GC(55) Pause Young (Normal) (G1 Evacuation Pause)
[0.298s][info   ][gc,task        ] GC(55) Using 6 workers of 13 for evacuation
[0.299s][info   ][gc             ] GC(55) To-space exhausted
[0.299s][info   ][gc,phases      ] GC(55)   Pre Evacuate Collection Set: 0.0ms
[0.299s][info   ][gc,phases      ] GC(55)   Evacuate Collection Set: 0.2ms
[0.299s][info   ][gc,phases      ] GC(55)   Post Evacuate Collection Set: 0.1ms
[0.299s][info   ][gc,phases      ] GC(55)   Other: 0.1ms
[0.299s][info   ][gc,heap        ] GC(55) Eden regions: 1->0(12)
[0.299s][info   ][gc,heap        ] GC(55) Survivor regions: 0->0(2)
[0.299s][info   ][gc,heap        ] GC(55) Old regions: 150->151
[0.299s][info   ][gc,heap        ] GC(55) Humongous regions: 105->105
[0.299s][info   ][gc,metaspace   ] GC(55) Metaspace: 3896K->3896K(1056768K)
[0.299s][info   ][gc             ] GC(55) Pause Young (Normal) (G1 Evacuation Pause) 238M->238M(256M) 0.539ms
[0.299s][info   ][gc,cpu         ] GC(55) User=0.00s Sys=0.00s Real=0.00s
[0.299s][info   ][gc,task        ] GC(56) Using 6 workers of 13 for full compaction
[0.299s][info   ][gc,start       ] GC(56) Pause Full (G1 Evacuation Pause)
[0.299s][info   ][gc,phases,start] GC(56) Phase 1: Mark live objects
[0.300s][info   ][gc,stringtable ] GC(56) Cleaned string and symbol table, strings: 1523 processed, 0 removed, symbols: 17835 processed, 0 removed
[0.300s][info   ][gc,phases      ] GC(56) Phase 1: Mark live objects 0.515ms
[0.300s][info   ][gc,phases,start] GC(56) Phase 2: Prepare for compaction
[0.300s][info   ][gc,phases      ] GC(56) Phase 2: Prepare for compaction 0.242ms
[0.300s][info   ][gc,phases,start] GC(56) Phase 3: Adjust pointers
[0.300s][info   ][gc,phases      ] GC(56) Phase 3: Adjust pointers 0.317ms
[0.300s][info   ][gc,phases,start] GC(56) Phase 4: Compact heap
[0.306s][info   ][gc,phases      ] GC(56) Phase 4: Compact heap 5.725ms
[0.306s][info   ][gc,heap        ] GC(56) Eden regions: 0->0(12)
[0.306s][info   ][gc,heap        ] GC(56) Survivor regions: 0->0(2)
[0.306s][info   ][gc,heap        ] GC(56) Old regions: 151->139
[0.306s][info   ][gc,heap        ] GC(56) Humongous regions: 105->105
[0.306s][info   ][gc,metaspace   ] GC(56) Metaspace: 3896K->3896K(1056768K)
[0.306s][info   ][gc             ] GC(56) Pause Full (G1 Evacuation Pause) 238M->226M(256M) 7.431ms
[0.307s][info   ][gc,cpu         ] GC(56) User=0.03s Sys=0.00s Real=0.01s
[0.307s][info   ][gc,marking     ] GC(52) Concurrent Rebuild Remembered Sets 8.632ms
[0.307s][info   ][gc,marking     ] GC(52) Concurrent Mark Abort
[0.307s][info   ][gc             ] GC(52) Concurrent Cycle 11.037ms
[0.307s][info   ][gc,start       ] GC(57) Pause Young (Concurrent Start) (G1 Humongous Allocation)
[0.307s][info   ][gc,task        ] GC(57) Using 6 workers of 13 for evacuation
[0.307s][info   ][gc,phases      ] GC(57)   Pre Evacuate Collection Set: 0.0ms
[0.307s][info   ][gc,phases      ] GC(57)   Evacuate Collection Set: 0.2ms
[0.307s][info   ][gc,phases      ] GC(57)   Post Evacuate Collection Set: 0.1ms
[0.307s][info   ][gc,phases      ] GC(57)   Other: 0.1ms
[0.307s][info   ][gc,heap        ] GC(57) Eden regions: 1->0(11)
[0.307s][info   ][gc,heap        ] GC(57) Survivor regions: 0->1(2)
[0.307s][info   ][gc,heap        ] GC(57) Old regions: 139->139
[0.307s][info   ][gc,heap        ] GC(57) Humongous regions: 105->105
[0.307s][info   ][gc,metaspace   ] GC(57) Metaspace: 3896K->3896K(1056768K)
[0.307s][info   ][gc             ] GC(57) Pause Young (Concurrent Start) (G1 Humongous Allocation) 227M->227M(256M) 0.437ms
[0.307s][info   ][gc,cpu         ] GC(57) User=0.00s Sys=0.00s Real=0.00s
[0.307s][info   ][gc             ] GC(58) Concurrent Cycle
[0.307s][info   ][gc,marking     ] GC(58) Concurrent Clear Claimed Marks
[0.307s][info   ][gc,marking     ] GC(58) Concurrent Clear Claimed Marks 0.008ms
[0.307s][info   ][gc,marking     ] GC(58) Concurrent Scan Root Regions
[0.307s][info   ][gc,marking     ] GC(58) Concurrent Scan Root Regions 0.015ms
[0.307s][info   ][gc,marking     ] GC(58) Concurrent Mark (0.307s)
[0.307s][info   ][gc,marking     ] GC(58) Concurrent Mark From Roots
[0.307s][info   ][gc,task        ] GC(58) Using 3 workers of 3 for marking
[0.308s][info   ][gc,marking     ] GC(58) Concurrent Mark From Roots 0.756ms
[0.308s][info   ][gc,marking     ] GC(58) Concurrent Preclean
[0.308s][info   ][gc,marking     ] GC(58) Concurrent Preclean 0.042ms
[0.308s][info   ][gc,marking     ] GC(58) Concurrent Mark (0.307s, 0.308s) 0.825ms
[0.308s][info   ][gc,start       ] GC(58) Pause Remark
[0.309s][info   ][gc,stringtable ] GC(58) Cleaned string and symbol table, strings: 1523 processed, 0 removed, symbols: 17835 processed, 0 removed
[0.309s][info   ][gc             ] GC(58) Pause Remark 233M->233M(256M) 0.578ms
[0.309s][info   ][gc,cpu         ] GC(58) User=0.00s Sys=0.00s Real=0.00s
[0.309s][info   ][gc,marking     ] GC(58) Concurrent Rebuild Remembered Sets
[0.310s][info   ][gc,marking     ] GC(58) Concurrent Rebuild Remembered Sets 0.687ms
[0.310s][info   ][gc,start       ] GC(58) Pause Cleanup
[0.310s][info   ][gc             ] GC(58) Pause Cleanup 235M->235M(256M) 0.153ms
[0.310s][info   ][gc,cpu         ] GC(58) User=0.00s Sys=0.00s Real=0.00s
[0.310s][info   ][gc,marking     ] GC(58) Concurrent Cleanup for Next Mark
[0.310s][info   ][gc,marking     ] GC(58) Concurrent Cleanup for Next Mark 0.374ms
[0.310s][info   ][gc             ] GC(58) Concurrent Cycle 3.110ms
[0.311s][info   ][gc,start       ] GC(59) Pause Young (Normal) (G1 Evacuation Pause)
[0.311s][info   ][gc,task        ] GC(59) Using 6 workers of 13 for evacuation
[0.311s][info   ][gc             ] GC(59) To-space exhausted
[0.311s][info   ][gc,phases      ] GC(59)   Pre Evacuate Collection Set: 0.0ms
[0.311s][info   ][gc,phases      ] GC(59)   Evacuate Collection Set: 0.1ms
[0.311s][info   ][gc,phases      ] GC(59)   Post Evacuate Collection Set: 0.1ms
[0.311s][info   ][gc,phases      ] GC(59)   Other: 0.1ms
[0.311s][info   ][gc,heap        ] GC(59) Eden regions: 7->0(12)
[0.311s][info   ][gc,heap        ] GC(59) Survivor regions: 1->0(2)
[0.311s][info   ][gc,heap        ] GC(59) Old regions: 139->147
[0.311s][info   ][gc,heap        ] GC(59) Humongous regions: 109->106
[0.311s][info   ][gc,metaspace   ] GC(59) Metaspace: 3896K->3896K(1056768K)
[0.311s][info   ][gc             ] GC(59) Pause Young (Normal) (G1 Evacuation Pause) 238M->235M(256M) 0.495ms
[0.311s][info   ][gc,cpu         ] GC(59) User=0.00s Sys=0.00s Real=0.00s
[0.312s][info   ][gc,start       ] GC(60) Pause Young (Concurrent Start) (G1 Humongous Allocation)
[0.312s][info   ][gc,task        ] GC(60) Using 6 workers of 13 for evacuation
[0.312s][info   ][gc,phases      ] GC(60)   Pre Evacuate Collection Set: 0.0ms
[0.312s][info   ][gc,phases      ] GC(60)   Evacuate Collection Set: 0.3ms
[0.312s][info   ][gc,phases      ] GC(60)   Post Evacuate Collection Set: 0.1ms
[0.312s][info   ][gc,phases      ] GC(60)   Other: 0.1ms
[0.312s][info   ][gc,heap        ] GC(60) Eden regions: 1->0(11)
[0.312s][info   ][gc,heap        ] GC(60) Survivor regions: 0->1(2)
[0.312s][info   ][gc,heap        ] GC(60) Old regions: 147->147
[0.312s][info   ][gc,heap        ] GC(60) Humongous regions: 106->106
[0.312s][info   ][gc,metaspace   ] GC(60) Metaspace: 3896K->3896K(1056768K)
[0.312s][info   ][gc             ] GC(60) Pause Young (Concurrent Start) (G1 Humongous Allocation) 236M->235M(256M) 0.549ms
[0.312s][info   ][gc,cpu         ] GC(60) User=0.00s Sys=0.00s Real=0.00s
[0.312s][info   ][gc             ] GC(61) Concurrent Cycle
[0.312s][info   ][gc,marking     ] GC(61) Concurrent Clear Claimed Marks
[0.312s][info   ][gc,marking     ] GC(61) Concurrent Clear Claimed Marks 0.010ms
[0.312s][info   ][gc,marking     ] GC(61) Concurrent Scan Root Regions
[0.312s][info   ][gc,marking     ] GC(61) Concurrent Scan Root Regions 0.023ms
[0.312s][info   ][gc,marking     ] GC(61) Concurrent Mark (0.312s)
[0.312s][info   ][gc,marking     ] GC(61) Concurrent Mark From Roots
[0.312s][info   ][gc,task        ] GC(61) Using 3 workers of 3 for marking
[0.312s][info   ][gc,start       ] GC(62) Pause Young (Normal) (G1 Evacuation Pause)
[0.313s][info   ][gc,task        ] GC(62) Using 6 workers of 13 for evacuation
[0.313s][info   ][gc             ] GC(62) To-space exhausted
[0.313s][info   ][gc,phases      ] GC(62)   Pre Evacuate Collection Set: 0.0ms
[0.313s][info   ][gc,phases      ] GC(62)   Evacuate Collection Set: 0.1ms
[0.313s][info   ][gc,phases      ] GC(62)   Post Evacuate Collection Set: 0.1ms
[0.313s][info   ][gc,phases      ] GC(62)   Other: 0.1ms
[0.313s][info   ][gc,heap        ] GC(62) Eden regions: 1->0(12)
[0.313s][info   ][gc,heap        ] GC(62) Survivor regions: 1->0(2)
[0.313s][info   ][gc,heap        ] GC(62) Old regions: 147->149
[0.313s][info   ][gc,heap        ] GC(62) Humongous regions: 107->105
[0.313s][info   ][gc,metaspace   ] GC(62) Metaspace: 3896K->3896K(1056768K)
[0.313s][info   ][gc             ] GC(62) Pause Young (Normal) (G1 Evacuation Pause) 237M->235M(256M) 0.367ms
[0.313s][info   ][gc,cpu         ] GC(62) User=0.00s Sys=0.00s Real=0.00s
[0.313s][info   ][gc,marking     ] GC(61) Concurrent Mark From Roots 1.162ms
[0.313s][info   ][gc,marking     ] GC(61) Concurrent Preclean
[0.313s][info   ][gc,start       ] GC(63) Pause Young (Normal) (G1 Humongous Allocation)
[0.313s][info   ][gc,task        ] GC(63) Using 6 workers of 13 for evacuation
[0.314s][info   ][gc             ] GC(63) To-space exhausted
[0.314s][info   ][gc,phases      ] GC(63)   Pre Evacuate Collection Set: 0.0ms
[0.314s][info   ][gc,phases      ] GC(63)   Evacuate Collection Set: 0.1ms
[0.314s][info   ][gc,phases      ] GC(63)   Post Evacuate Collection Set: 0.1ms
[0.314s][info   ][gc,phases      ] GC(63)   Other: 0.1ms
[0.314s][info   ][gc,heap        ] GC(63) Eden regions: 2->0(12)
[0.314s][info   ][gc,heap        ] GC(63) Survivor regions: 0->0(2)
[0.314s][info   ][gc,heap        ] GC(63) Old regions: 149->150
[0.314s][info   ][gc,heap        ] GC(63) Humongous regions: 105->105
[0.314s][info   ][gc,metaspace   ] GC(63) Metaspace: 3896K->3896K(1056768K)
[0.314s][info   ][gc             ] GC(63) Pause Young (Normal) (G1 Humongous Allocation) 236M->236M(256M) 0.393ms
[0.314s][info   ][gc,cpu         ] GC(63) User=0.00s Sys=0.00s Real=0.00s
[0.314s][info   ][gc,marking     ] GC(61) Concurrent Preclean 0.531ms
[0.314s][info   ][gc,marking     ] GC(61) Concurrent Mark (0.312s, 0.314s) 1.726ms
[0.314s][info   ][gc,start       ] GC(61) Pause Remark
[0.314s][info   ][gc,stringtable ] GC(61) Cleaned string and symbol table, strings: 1523 processed, 0 removed, symbols: 17835 processed, 0 removed
[0.314s][info   ][gc             ] GC(61) Pause Remark 237M->237M(256M) 0.337ms
[0.314s][info   ][gc,cpu         ] GC(61) User=0.00s Sys=0.00s Real=0.00s
[0.314s][info   ][gc,marking     ] GC(61) Concurrent Rebuild Remembered Sets
[0.314s][info   ][gc,start       ] GC(64) Pause Young (Normal) (G1 Evacuation Pause)
[0.315s][info   ][gc,task        ] GC(64) Using 6 workers of 13 for evacuation
[0.315s][info   ][gc,phases      ] GC(64)   Pre Evacuate Collection Set: 0.0ms
[0.315s][info   ][gc,phases      ] GC(64)   Evacuate Collection Set: 0.2ms
[0.315s][info   ][gc,phases      ] GC(64)   Post Evacuate Collection Set: 0.1ms
[0.315s][info   ][gc,phases      ] GC(64)   Other: 0.1ms
[0.315s][info   ][gc,heap        ] GC(64) Eden regions: 0->0(12)
[0.315s][info   ][gc,heap        ] GC(64) Survivor regions: 0->0(2)
[0.315s][info   ][gc,heap        ] GC(64) Old regions: 150->150
[0.315s][info   ][gc,heap        ] GC(64) Humongous regions: 106->106
[0.315s][info   ][gc,metaspace   ] GC(64) Metaspace: 3896K->3896K(1056768K)
[0.315s][info   ][gc             ] GC(64) Pause Young (Normal) (G1 Evacuation Pause) 237M->237M(256M) 0.407ms
[0.315s][info   ][gc,cpu         ] GC(64) User=0.01s Sys=0.00s Real=0.00s
[0.315s][info   ][gc,task        ] GC(65) Using 6 workers of 13 for full compaction
[0.315s][info   ][gc,start       ] GC(65) Pause Full (G1 Evacuation Pause)
[0.315s][info   ][gc,phases,start] GC(65) Phase 1: Mark live objects
[0.316s][info   ][gc,stringtable ] GC(65) Cleaned string and symbol table, strings: 1523 processed, 0 removed, symbols: 17835 processed, 0 removed
[0.316s][info   ][gc,phases      ] GC(65) Phase 1: Mark live objects 0.499ms
[0.316s][info   ][gc,phases,start] GC(65) Phase 2: Prepare for compaction
[0.316s][info   ][gc,phases      ] GC(65) Phase 2: Prepare for compaction 0.149ms
[0.316s][info   ][gc,phases,start] GC(65) Phase 3: Adjust pointers
[0.316s][info   ][gc,phases      ] GC(65) Phase 3: Adjust pointers 0.250ms
[0.316s][info   ][gc,phases,start] GC(65) Phase 4: Compact heap
[0.322s][info   ][gc,phases      ] GC(65) Phase 4: Compact heap 5.400ms
[0.322s][info   ][gc,heap        ] GC(65) Eden regions: 0->0(12)
[0.322s][info   ][gc,heap        ] GC(65) Survivor regions: 0->0(2)
[0.322s][info   ][gc,heap        ] GC(65) Old regions: 150->143
[0.322s][info   ][gc,heap        ] GC(65) Humongous regions: 106->106
[0.322s][info   ][gc,metaspace   ] GC(65) Metaspace: 3896K->3896K(1056768K)
[0.322s][info   ][gc             ] GC(65) Pause Full (G1 Evacuation Pause) 237M->230M(256M) 6.909ms
[0.322s][info   ][gc,cpu         ] GC(65) User=0.02s Sys=0.00s Real=0.01s
[0.322s][info   ][gc,marking     ] GC(61) Concurrent Rebuild Remembered Sets 7.545ms
[0.322s][info   ][gc,marking     ] GC(61) Concurrent Mark Abort
[0.322s][info   ][gc             ] GC(61) Concurrent Cycle 9.871ms
[0.322s][info   ][gc,start       ] GC(66) Pause Young (Concurrent Start) (G1 Humongous Allocation)
[0.322s][info   ][gc,task        ] GC(66) Using 6 workers of 13 for evacuation
[0.323s][info   ][gc,phases      ] GC(66)   Pre Evacuate Collection Set: 0.0ms
[0.323s][info   ][gc,phases      ] GC(66)   Evacuate Collection Set: 0.3ms
[0.323s][info   ][gc,phases      ] GC(66)   Post Evacuate Collection Set: 0.1ms
[0.323s][info   ][gc,phases      ] GC(66)   Other: 0.1ms
[0.323s][info   ][gc,heap        ] GC(66) Eden regions: 3->0(11)
[0.323s][info   ][gc,heap        ] GC(66) Survivor regions: 0->1(2)
[0.323s][info   ][gc,heap        ] GC(66) Old regions: 143->143
[0.323s][info   ][gc,heap        ] GC(66) Humongous regions: 106->106
[0.323s][info   ][gc,metaspace   ] GC(66) Metaspace: 3896K->3896K(1056768K)
[0.323s][info   ][gc             ] GC(66) Pause Young (Concurrent Start) (G1 Humongous Allocation) 232M->230M(256M) 0.593ms
[0.323s][info   ][gc,cpu         ] GC(66) User=0.00s Sys=0.00s Real=0.00s
[0.323s][info   ][gc             ] GC(67) Concurrent Cycle
[0.323s][info   ][gc,marking     ] GC(67) Concurrent Clear Claimed Marks
[0.323s][info   ][gc,marking     ] GC(67) Concurrent Clear Claimed Marks 0.008ms
[0.323s][info   ][gc,marking     ] GC(67) Concurrent Scan Root Regions
[0.323s][info   ][gc,marking     ] GC(67) Concurrent Scan Root Regions 0.024ms
[0.323s][info   ][gc,marking     ] GC(67) Concurrent Mark (0.323s)
[0.323s][info   ][gc,marking     ] GC(67) Concurrent Mark From Roots
[0.323s][info   ][gc,task        ] GC(67) Using 3 workers of 3 for marking
[0.324s][info   ][gc,marking     ] GC(67) Concurrent Mark From Roots 0.776ms
[0.324s][info   ][gc,marking     ] GC(67) Concurrent Preclean
[0.324s][info   ][gc,marking     ] GC(67) Concurrent Preclean 0.043ms
[0.324s][info   ][gc,marking     ] GC(67) Concurrent Mark (0.323s, 0.324s) 0.863ms
[0.324s][info   ][gc,start       ] GC(67) Pause Remark
[0.324s][info   ][gc,stringtable ] GC(67) Cleaned string and symbol table, strings: 1523 processed, 0 removed, symbols: 17835 processed, 0 removed
[0.325s][info   ][gc             ] GC(67) Pause Remark 235M->235M(256M) 0.575ms
[0.325s][info   ][gc,cpu         ] GC(67) User=0.00s Sys=0.00s Real=0.00s
[0.325s][info   ][gc,marking     ] GC(67) Concurrent Rebuild Remembered Sets
[0.325s][info   ][gc,start       ] GC(68) Pause Young (Normal) (G1 Evacuation Pause)
[0.325s][info   ][gc,task        ] GC(68) Using 6 workers of 13 for evacuation
[0.326s][info   ][gc             ] GC(68) To-space exhausted
[0.326s][info   ][gc,phases      ] GC(68)   Pre Evacuate Collection Set: 0.0ms
[0.326s][info   ][gc,phases      ] GC(68)   Evacuate Collection Set: 0.3ms
[0.326s][info   ][gc,phases      ] GC(68)   Post Evacuate Collection Set: 0.1ms
[0.326s][info   ][gc,phases      ] GC(68)   Other: 0.1ms
[0.326s][info   ][gc,heap        ] GC(68) Eden regions: 4->0(12)
[0.326s][info   ][gc,heap        ] GC(68) Survivor regions: 1->0(2)
[0.326s][info   ][gc,heap        ] GC(68) Old regions: 143->148
[0.326s][info   ][gc,heap        ] GC(68) Humongous regions: 108->108
[0.326s][info   ][gc,metaspace   ] GC(68) Metaspace: 3896K->3896K(1056768K)
[0.326s][info   ][gc             ] GC(68) Pause Young (Normal) (G1 Evacuation Pause) 236M->236M(256M) 0.592ms
[0.326s][info   ][gc,cpu         ] GC(68) User=0.00s Sys=0.00s Real=0.00s
[0.326s][info   ][gc,task        ] GC(69) Using 6 workers of 13 for full compaction
[0.326s][info   ][gc,start       ] GC(69) Pause Full (G1 Evacuation Pause)
[0.326s][info   ][gc,phases,start] GC(69) Phase 1: Mark live objects
[0.327s][info   ][gc,stringtable ] GC(69) Cleaned string and symbol table, strings: 1523 processed, 0 removed, symbols: 17835 processed, 0 removed
[0.327s][info   ][gc,phases      ] GC(69) Phase 1: Mark live objects 0.614ms
[0.327s][info   ][gc,phases,start] GC(69) Phase 2: Prepare for compaction
[0.327s][info   ][gc,phases      ] GC(69) Phase 2: Prepare for compaction 0.211ms
[0.327s][info   ][gc,phases,start] GC(69) Phase 3: Adjust pointers
[0.328s][info   ][gc,phases      ] GC(69) Phase 3: Adjust pointers 0.352ms
[0.328s][info   ][gc,phases,start] GC(69) Phase 4: Compact heap
[0.335s][info   ][gc,phases      ] GC(69) Phase 4: Compact heap 7.147ms
[0.335s][info   ][gc,heap        ] GC(69) Eden regions: 0->0(12)
[0.335s][info   ][gc,heap        ] GC(69) Survivor regions: 0->0(2)
[0.335s][info   ][gc,heap        ] GC(69) Old regions: 148->141
[0.335s][info   ][gc,heap        ] GC(69) Humongous regions: 108->108
[0.335s][info   ][gc,metaspace   ] GC(69) Metaspace: 3896K->3896K(1056768K)
[0.335s][info   ][gc             ] GC(69) Pause Full (G1 Evacuation Pause) 236M->232M(256M) 9.108ms
[0.335s][info   ][gc,cpu         ] GC(69) User=0.03s Sys=0.00s Real=0.01s
[0.335s][info   ][gc,marking     ] GC(67) Concurrent Rebuild Remembered Sets 10.588ms
[0.335s][info   ][gc,marking     ] GC(67) Concurrent Mark Abort
[0.335s][info   ][gc             ] GC(67) Concurrent Cycle 12.332ms
[0.336s][info   ][gc,start       ] GC(70) Pause Young (Concurrent Start) (G1 Humongous Allocation)
[0.336s][info   ][gc,task        ] GC(70) Using 6 workers of 13 for evacuation
[0.336s][info   ][gc,phases      ] GC(70)   Pre Evacuate Collection Set: 0.0ms
[0.336s][info   ][gc,phases      ] GC(70)   Evacuate Collection Set: 0.2ms
[0.336s][info   ][gc,phases      ] GC(70)   Post Evacuate Collection Set: 0.1ms
[0.336s][info   ][gc,phases      ] GC(70)   Other: 0.1ms
[0.336s][info   ][gc,heap        ] GC(70) Eden regions: 4->0(10)
[0.336s][info   ][gc,heap        ] GC(70) Survivor regions: 0->2(2)
[0.336s][info   ][gc,heap        ] GC(70) Old regions: 141->142
[0.337s][info   ][gc,heap        ] GC(70) Humongous regions: 108->108
[0.337s][info   ][gc,metaspace   ] GC(70) Metaspace: 3896K->3896K(1056768K)
[0.337s][info   ][gc             ] GC(70) Pause Young (Concurrent Start) (G1 Humongous Allocation) 236M->234M(256M) 0.551ms
[0.337s][info   ][gc,cpu         ] GC(70) User=0.00s Sys=0.00s Real=0.00s
[0.337s][info   ][gc             ] GC(71) Concurrent Cycle
[0.337s][info   ][gc,marking     ] GC(71) Concurrent Clear Claimed Marks
[0.337s][info   ][gc,marking     ] GC(71) Concurrent Clear Claimed Marks 0.008ms
[0.337s][info   ][gc,marking     ] GC(71) Concurrent Scan Root Regions
[0.337s][info   ][gc,marking     ] GC(71) Concurrent Scan Root Regions 0.032ms
[0.337s][info   ][gc,marking     ] GC(71) Concurrent Mark (0.337s)
[0.337s][info   ][gc,marking     ] GC(71) Concurrent Mark From Roots
[0.337s][info   ][gc,task        ] GC(71) Using 3 workers of 3 for marking
[0.337s][info   ][gc,start       ] GC(72) Pause Young (Normal) (G1 Evacuation Pause)
[0.337s][info   ][gc,task        ] GC(72) Using 6 workers of 13 for evacuation
[0.338s][info   ][gc             ] GC(72) To-space exhausted
[0.338s][info   ][gc,phases      ] GC(72)   Pre Evacuate Collection Set: 0.0ms
[0.338s][info   ][gc,phases      ] GC(72)   Evacuate Collection Set: 0.1ms
[0.338s][info   ][gc,phases      ] GC(72)   Post Evacuate Collection Set: 0.2ms
[0.338s][info   ][gc,phases      ] GC(72)   Other: 0.1ms
[0.338s][info   ][gc,heap        ] GC(72) Eden regions: 2->0(12)
[0.338s][info   ][gc,heap        ] GC(72) Survivor regions: 2->0(2)
[0.338s][info   ][gc,heap        ] GC(72) Old regions: 142->146
[0.338s][info   ][gc,heap        ] GC(72) Humongous regions: 110->109
[0.338s][info   ][gc,metaspace   ] GC(72) Metaspace: 3896K->3896K(1056768K)
[0.338s][info   ][gc             ] GC(72) Pause Young (Normal) (G1 Evacuation Pause) 238M->238M(256M) 0.565ms
[0.338s][info   ][gc,cpu         ] GC(72) User=0.01s Sys=0.00s Real=0.00s
[0.338s][info   ][gc,start       ] GC(73) Pause Young (Normal) (G1 Humongous Allocation)
[0.338s][info   ][gc,task        ] GC(73) Using 6 workers of 13 for evacuation
[0.338s][info   ][gc             ] GC(73) To-space exhausted
[0.339s][info   ][gc,phases      ] GC(73)   Pre Evacuate Collection Set: 0.0ms
[0.339s][info   ][gc,phases      ] GC(73)   Evacuate Collection Set: 0.1ms
[0.339s][info   ][gc,phases      ] GC(73)   Post Evacuate Collection Set: 0.1ms
[0.339s][info   ][gc,phases      ] GC(73)   Other: 0.1ms
[0.339s][info   ][gc,heap        ] GC(73) Eden regions: 1->0(12)
[0.339s][info   ][gc,heap        ] GC(73) Survivor regions: 0->0(2)
[0.339s][info   ][gc,heap        ] GC(73) Old regions: 146->147
[0.339s][info   ][gc,heap        ] GC(73) Humongous regions: 109->109
[0.339s][info   ][gc,metaspace   ] GC(73) Metaspace: 3896K->3896K(1056768K)
[0.339s][info   ][gc             ] GC(73) Pause Young (Normal) (G1 Humongous Allocation) 239M->239M(256M) 0.406ms
[0.339s][info   ][gc,cpu         ] GC(73) User=0.00s Sys=0.00s Real=0.00s
[0.339s][info   ][gc,task        ] GC(74) Using 6 workers of 13 for full compaction
[0.339s][info   ][gc,start       ] GC(74) Pause Full (G1 Humongous Allocation)
[0.339s][info   ][gc,phases,start] GC(74) Phase 1: Mark live objects
[0.340s][info   ][gc,stringtable ] GC(74) Cleaned string and symbol table, strings: 1523 processed, 0 removed, symbols: 17835 processed, 0 removed
[0.340s][info   ][gc,phases      ] GC(74) Phase 1: Mark live objects 0.644ms
[0.340s][info   ][gc,phases,start] GC(74) Phase 2: Prepare for compaction
[0.340s][info   ][gc,phases      ] GC(74) Phase 2: Prepare for compaction 0.190ms
[0.340s][info   ][gc,phases,start] GC(74) Phase 3: Adjust pointers
[0.340s][info   ][gc,phases      ] GC(74) Phase 3: Adjust pointers 0.291ms
[0.340s][info   ][gc,phases,start] GC(74) Phase 4: Compact heap
[0.343s][info   ][gc,phases      ] GC(74) Phase 4: Compact heap 2.932ms
[0.343s][info   ][gc,heap        ] GC(74) Eden regions: 0->0(12)
[0.343s][info   ][gc,heap        ] GC(74) Survivor regions: 0->0(2)
[0.343s][info   ][gc,heap        ] GC(74) Old regions: 147->142
[0.343s][info   ][gc,heap        ] GC(74) Humongous regions: 109->108
[0.343s][info   ][gc,metaspace   ] GC(74) Metaspace: 3896K->3896K(1056768K)
[0.343s][info   ][gc             ] GC(74) Pause Full (G1 Humongous Allocation) 239M->234M(256M) 4.769ms
[0.343s][info   ][gc,cpu         ] GC(74) User=0.01s Sys=0.00s Real=0.01s
[0.344s][info   ][gc,marking     ] GC(71) Concurrent Mark From Roots 6.921ms
[0.344s][info   ][gc,marking     ] GC(71) Concurrent Mark Abort
[0.344s][info   ][gc             ] GC(71) Concurrent Cycle 7.047ms
[0.344s][info   ][gc,start       ] GC(75) Pause Young (Concurrent Start) (G1 Humongous Allocation)
[0.344s][info   ][gc,task        ] GC(75) Using 6 workers of 13 for evacuation
[0.344s][info   ][gc,phases      ] GC(75)   Pre Evacuate Collection Set: 0.0ms
[0.344s][info   ][gc,phases      ] GC(75)   Evacuate Collection Set: 0.2ms
[0.344s][info   ][gc,phases      ] GC(75)   Post Evacuate Collection Set: 0.1ms
[0.344s][info   ][gc,phases      ] GC(75)   Other: 0.1ms
[0.344s][info   ][gc,heap        ] GC(75) Eden regions: 2->0(11)
[0.344s][info   ][gc,heap        ] GC(75) Survivor regions: 0->1(2)
[0.344s][info   ][gc,heap        ] GC(75) Old regions: 142->142
[0.344s][info   ][gc,heap        ] GC(75) Humongous regions: 109->109
[0.344s][info   ][gc,metaspace   ] GC(75) Metaspace: 3896K->3896K(1056768K)
[0.344s][info   ][gc             ] GC(75) Pause Young (Concurrent Start) (G1 Humongous Allocation) 237M->236M(256M) 0.511ms
[0.344s][info   ][gc,cpu         ] GC(75) User=0.00s Sys=0.00s Real=0.00s
[0.344s][info   ][gc             ] GC(76) Concurrent Cycle
[0.345s][info   ][gc,marking     ] GC(76) Concurrent Clear Claimed Marks
[0.345s][info   ][gc,marking     ] GC(76) Concurrent Clear Claimed Marks 0.008ms
[0.345s][info   ][gc,marking     ] GC(76) Concurrent Scan Root Regions
[0.345s][info   ][gc,marking     ] GC(76) Concurrent Scan Root Regions 0.018ms
[0.345s][info   ][gc,marking     ] GC(76) Concurrent Mark (0.345s)
[0.345s][info   ][gc,marking     ] GC(76) Concurrent Mark From Roots
[0.345s][info   ][gc,task        ] GC(76) Using 3 workers of 3 for marking
[0.345s][info   ][gc,start       ] GC(77) Pause Young (Normal) (G1 Evacuation Pause)
[0.345s][info   ][gc,task        ] GC(77) Using 6 workers of 13 for evacuation
[0.345s][info   ][gc             ] GC(77) To-space exhausted
[0.345s][info   ][gc,phases      ] GC(77)   Pre Evacuate Collection Set: 0.0ms
[0.345s][info   ][gc,phases      ] GC(77)   Evacuate Collection Set: 0.1ms
[0.346s][info   ][gc,phases      ] GC(77)   Post Evacuate Collection Set: 0.1ms
[0.346s][info   ][gc,phases      ] GC(77)   Other: 0.1ms
[0.346s][info   ][gc,heap        ] GC(77) Eden regions: 2->0(12)
[0.346s][info   ][gc,heap        ] GC(77) Survivor regions: 1->0(2)
[0.346s][info   ][gc,heap        ] GC(77) Old regions: 142->145
[0.346s][info   ][gc,heap        ] GC(77) Humongous regions: 111->110
[0.346s][info   ][gc,metaspace   ] GC(77) Metaspace: 3896K->3896K(1056768K)
[0.346s][info   ][gc             ] GC(77) Pause Young (Normal) (G1 Evacuation Pause) 240M->239M(256M) 0.381ms
[0.346s][info   ][gc,cpu         ] GC(77) User=0.00s Sys=0.00s Real=0.00s
[0.346s][info   ][gc,start       ] GC(78) Pause Young (Normal) (G1 Evacuation Pause)
[0.346s][info   ][gc,task        ] GC(78) Using 6 workers of 13 for evacuation
[0.346s][info   ][gc             ] GC(78) To-space exhausted
[0.346s][info   ][gc,phases      ] GC(78)   Pre Evacuate Collection Set: 0.0ms
[0.346s][info   ][gc,phases      ] GC(78)   Evacuate Collection Set: 0.1ms
[0.346s][info   ][gc,phases      ] GC(78)   Post Evacuate Collection Set: 0.1ms
[0.346s][info   ][gc,phases      ] GC(78)   Other: 0.1ms
[0.346s][info   ][gc,heap        ] GC(78) Eden regions: 1->0(12)
[0.346s][info   ][gc,heap        ] GC(78) Survivor regions: 0->0(2)
[0.346s][info   ][gc,heap        ] GC(78) Old regions: 145->146
[0.346s][info   ][gc,heap        ] GC(78) Humongous regions: 110->110
[0.346s][info   ][gc,metaspace   ] GC(78) Metaspace: 3896K->3896K(1056768K)
[0.346s][info   ][gc             ] GC(78) Pause Young (Normal) (G1 Evacuation Pause) 239M->239M(256M) 0.364ms
[0.346s][info   ][gc,cpu         ] GC(78) User=0.00s Sys=0.00s Real=0.00s
[0.346s][info   ][gc,task        ] GC(79) Using 6 workers of 13 for full compaction
[0.346s][info   ][gc,start       ] GC(79) Pause Full (G1 Evacuation Pause)
[0.347s][info   ][gc,phases,start] GC(79) Phase 1: Mark live objects
[0.347s][info   ][gc,stringtable ] GC(79) Cleaned string and symbol table, strings: 1523 processed, 0 removed, symbols: 17835 processed, 0 removed
[0.347s][info   ][gc,phases      ] GC(79) Phase 1: Mark live objects 0.575ms
[0.347s][info   ][gc,phases,start] GC(79) Phase 2: Prepare for compaction
[0.347s][info   ][gc,phases      ] GC(79) Phase 2: Prepare for compaction 0.225ms
[0.347s][info   ][gc,phases,start] GC(79) Phase 3: Adjust pointers
[0.348s][info   ][gc,phases      ] GC(79) Phase 3: Adjust pointers 0.314ms
[0.348s][info   ][gc,phases,start] GC(79) Phase 4: Compact heap
[0.354s][info   ][gc,phases      ] GC(79) Phase 4: Compact heap 6.151ms
[0.354s][info   ][gc,heap        ] GC(79) Eden regions: 0->0(12)
[0.354s][info   ][gc,heap        ] GC(79) Survivor regions: 0->0(2)
[0.354s][info   ][gc,heap        ] GC(79) Old regions: 146->142
[0.354s][info   ][gc,heap        ] GC(79) Humongous regions: 110->109
[0.354s][info   ][gc,metaspace   ] GC(79) Metaspace: 3896K->3896K(1056768K)
[0.354s][info   ][gc             ] GC(79) Pause Full (G1 Evacuation Pause) 239M->236M(256M) 7.952ms
[0.354s][info   ][gc,cpu         ] GC(79) User=0.02s Sys=0.00s Real=0.01s
[0.354s][info   ][gc,marking     ] GC(76) Concurrent Mark From Roots 9.881ms
[0.354s][info   ][gc,marking     ] GC(76) Concurrent Mark Abort
[0.354s][info   ][gc             ] GC(76) Concurrent Cycle 9.990ms
[0.355s][info   ][gc,start       ] GC(80) Pause Young (Concurrent Start) (G1 Humongous Allocation)
[0.355s][info   ][gc,task        ] GC(80) Using 6 workers of 13 for evacuation
[0.355s][info   ][gc,phases      ] GC(80)   Pre Evacuate Collection Set: 0.0ms
[0.355s][info   ][gc,phases      ] GC(80)   Evacuate Collection Set: 0.2ms
[0.355s][info   ][gc,phases      ] GC(80)   Post Evacuate Collection Set: 0.1ms
[0.355s][info   ][gc,phases      ] GC(80)   Other: 0.1ms
[0.355s][info   ][gc,heap        ] GC(80) Eden regions: 1->0(11)
[0.355s][info   ][gc,heap        ] GC(80) Survivor regions: 0->1(2)
[0.355s][info   ][gc,heap        ] GC(80) Old regions: 142->142
[0.355s][info   ][gc,heap        ] GC(80) Humongous regions: 110->109
[0.355s][info   ][gc,metaspace   ] GC(80) Metaspace: 3896K->3896K(1056768K)
[0.355s][info   ][gc             ] GC(80) Pause Young (Concurrent Start) (G1 Humongous Allocation) 237M->236M(256M) 0.510ms
[0.355s][info   ][gc,cpu         ] GC(80) User=0.00s Sys=0.00s Real=0.00s
[0.355s][info   ][gc             ] GC(81) Concurrent Cycle
[0.355s][info   ][gc,marking     ] GC(81) Concurrent Clear Claimed Marks
[0.355s][info   ][gc,marking     ] GC(81) Concurrent Clear Claimed Marks 0.009ms
[0.355s][info   ][gc,marking     ] GC(81) Concurrent Scan Root Regions
[0.355s][info   ][gc,marking     ] GC(81) Concurrent Scan Root Regions 0.017ms
[0.355s][info   ][gc,marking     ] GC(81) Concurrent Mark (0.355s)
[0.355s][info   ][gc,marking     ] GC(81) Concurrent Mark From Roots
[0.355s][info   ][gc,task        ] GC(81) Using 3 workers of 3 for marking
[0.356s][info   ][gc,start       ] GC(82) Pause Young (Normal) (G1 Evacuation Pause)
[0.356s][info   ][gc,task        ] GC(82) Using 6 workers of 13 for evacuation
[0.356s][info   ][gc             ] GC(82) To-space exhausted
[0.356s][info   ][gc,phases      ] GC(82)   Pre Evacuate Collection Set: 0.0ms
[0.356s][info   ][gc,phases      ] GC(82)   Evacuate Collection Set: 0.1ms
[0.356s][info   ][gc,phases      ] GC(82)   Post Evacuate Collection Set: 0.2ms
[0.356s][info   ][gc,phases      ] GC(82)   Other: 0.1ms
[0.356s][info   ][gc,heap        ] GC(82) Eden regions: 2->0(12)
[0.356s][info   ][gc,heap        ] GC(82) Survivor regions: 1->0(2)
[0.356s][info   ][gc,heap        ] GC(82) Old regions: 142->145
[0.356s][info   ][gc,heap        ] GC(82) Humongous regions: 111->109
[0.356s][info   ][gc,metaspace   ] GC(82) Metaspace: 3896K->3896K(1056768K)
[0.356s][info   ][gc             ] GC(82) Pause Young (Normal) (G1 Evacuation Pause) 240M->238M(256M) 0.474ms
[0.356s][info   ][gc,cpu         ] GC(82) User=0.00s Sys=0.00s Real=0.00s
[0.357s][info   ][gc,marking     ] GC(81) Concurrent Mark From Roots 1.503ms
[0.357s][info   ][gc,marking     ] GC(81) Concurrent Preclean
[0.357s][info   ][gc,marking     ] GC(81) Concurrent Preclean 0.044ms
[0.357s][info   ][gc,marking     ] GC(81) Concurrent Mark (0.355s, 0.357s) 1.592ms
[0.357s][info   ][gc,start       ] GC(81) Pause Remark
[0.357s][info   ][gc,stringtable ] GC(81) Cleaned string and symbol table, strings: 1523 processed, 0 removed, symbols: 17835 processed, 0 removed
[0.357s][info   ][gc             ] GC(81) Pause Remark 239M->239M(256M) 0.587ms
[0.358s][info   ][gc,cpu         ] GC(81) User=0.00s Sys=0.00s Real=0.00s
[0.358s][info   ][gc,marking     ] GC(81) Concurrent Rebuild Remembered Sets
[0.358s][info   ][gc,start       ] GC(83) Pause Young (Normal) (G1 Evacuation Pause)
[0.358s][info   ][gc,task        ] GC(83) Using 6 workers of 13 for evacuation
[0.359s][info   ][gc             ] GC(83) To-space exhausted
[0.359s][info   ][gc,phases      ] GC(83)   Pre Evacuate Collection Set: 0.0ms
[0.359s][info   ][gc,phases      ] GC(83)   Evacuate Collection Set: 0.2ms
[0.359s][info   ][gc,phases      ] GC(83)   Post Evacuate Collection Set: 0.1ms
[0.359s][info   ][gc,phases      ] GC(83)   Other: 0.1ms
[0.359s][info   ][gc,heap        ] GC(83) Eden regions: 2->0(12)
[0.359s][info   ][gc,heap        ] GC(83) Survivor regions: 0->0(2)
[0.359s][info   ][gc,heap        ] GC(83) Old regions: 145->147
[0.359s][info   ][gc,heap        ] GC(83) Humongous regions: 109->109
[0.359s][info   ][gc,metaspace   ] GC(83) Metaspace: 3896K->3896K(1056768K)
[0.359s][info   ][gc             ] GC(83) Pause Young (Normal) (G1 Evacuation Pause) 240M->240M(256M) 0.521ms
[0.359s][info   ][gc,cpu         ] GC(83) User=0.00s Sys=0.00s Real=0.00s
[0.359s][info   ][gc,task        ] GC(84) Using 6 workers of 13 for full compaction
[0.359s][info   ][gc,start       ] GC(84) Pause Full (G1 Evacuation Pause)
[0.359s][info   ][gc,phases,start] GC(84) Phase 1: Mark live objects
[0.360s][info   ][gc,stringtable ] GC(84) Cleaned string and symbol table, strings: 1523 processed, 0 removed, symbols: 17835 processed, 0 removed
[0.360s][info   ][gc,phases      ] GC(84) Phase 1: Mark live objects 0.558ms
[0.360s][info   ][gc,phases,start] GC(84) Phase 2: Prepare for compaction
[0.360s][info   ][gc,phases      ] GC(84) Phase 2: Prepare for compaction 0.163ms
[0.360s][info   ][gc,phases,start] GC(84) Phase 3: Adjust pointers
[0.360s][info   ][gc,phases      ] GC(84) Phase 3: Adjust pointers 0.285ms
[0.360s][info   ][gc,phases,start] GC(84) Phase 4: Compact heap
[0.363s][info   ][gc,phases      ] GC(84) Phase 4: Compact heap 3.022ms
[0.363s][info   ][gc,heap        ] GC(84) Eden regions: 0->0(12)
[0.363s][info   ][gc,heap        ] GC(84) Survivor regions: 0->0(2)
[0.363s][info   ][gc,heap        ] GC(84) Old regions: 147->144
[0.363s][info   ][gc,heap        ] GC(84) Humongous regions: 109->109
[0.363s][info   ][gc,metaspace   ] GC(84) Metaspace: 3896K->3896K(1056768K)
[0.363s][info   ][gc             ] GC(84) Pause Full (G1 Evacuation Pause) 240M->237M(256M) 4.717ms
[0.363s][info   ][gc,cpu         ] GC(84) User=0.02s Sys=0.00s Real=0.01s
[0.364s][info   ][gc,marking     ] GC(81) Concurrent Rebuild Remembered Sets 5.966ms
[0.364s][info   ][gc,marking     ] GC(81) Concurrent Mark Abort
[0.364s][info   ][gc             ] GC(81) Concurrent Cycle 8.456ms
[0.364s][info   ][gc,start       ] GC(85) Pause Young (Concurrent Start) (G1 Humongous Allocation)
[0.364s][info   ][gc,task        ] GC(85) Using 6 workers of 13 for evacuation
[0.364s][info   ][gc             ] GC(85) To-space exhausted
[0.364s][info   ][gc,phases      ] GC(85)   Pre Evacuate Collection Set: 0.0ms
[0.365s][info   ][gc,phases      ] GC(85)   Evacuate Collection Set: 0.2ms
[0.365s][info   ][gc,phases      ] GC(85)   Post Evacuate Collection Set: 0.2ms
[0.365s][info   ][gc,phases      ] GC(85)   Other: 0.1ms
[0.365s][info   ][gc,heap        ] GC(85) Eden regions: 2->0(12)
[0.365s][info   ][gc,heap        ] GC(85) Survivor regions: 0->0(2)
[0.365s][info   ][gc,heap        ] GC(85) Old regions: 144->146
[0.365s][info   ][gc,heap        ] GC(85) Humongous regions: 110->110
[0.365s][info   ][gc,metaspace   ] GC(85) Metaspace: 3896K->3896K(1056768K)
[0.365s][info   ][gc             ] GC(85) Pause Young (Concurrent Start) (G1 Humongous Allocation) 239M->239M(256M) 0.615ms
[0.365s][info   ][gc,cpu         ] GC(85) User=0.00s Sys=0.00s Real=0.00s
[0.365s][info   ][gc             ] GC(86) Concurrent Cycle
[0.365s][info   ][gc,marking     ] GC(86) Concurrent Clear Claimed Marks
[0.365s][info   ][gc,marking     ] GC(86) Concurrent Clear Claimed Marks 0.008ms
[0.365s][info   ][gc,marking     ] GC(86) Concurrent Scan Root Regions
[0.365s][info   ][gc,marking     ] GC(86) Concurrent Scan Root Regions 0.007ms
[0.365s][info   ][gc,marking     ] GC(86) Concurrent Mark (0.365s)
[0.365s][info   ][gc,marking     ] GC(86) Concurrent Mark From Roots
[0.365s][info   ][gc,task        ] GC(86) Using 3 workers of 3 for marking
[0.365s][info   ][gc,start       ] GC(87) Pause Young (Normal) (G1 Humongous Allocation)
[0.365s][info   ][gc,task        ] GC(87) Using 6 workers of 13 for evacuation
[0.365s][info   ][gc,phases      ] GC(87)   Pre Evacuate Collection Set: 0.0ms
[0.365s][info   ][gc,phases      ] GC(87)   Evacuate Collection Set: 0.1ms
[0.365s][info   ][gc,phases      ] GC(87)   Post Evacuate Collection Set: 0.1ms
[0.365s][info   ][gc,phases      ] GC(87)   Other: 0.1ms
[0.365s][info   ][gc,heap        ] GC(87) Eden regions: 0->0(12)
[0.365s][info   ][gc,heap        ] GC(87) Survivor regions: 0->0(2)
[0.365s][info   ][gc,heap        ] GC(87) Old regions: 146->146
[0.365s][info   ][gc,heap        ] GC(87) Humongous regions: 110->110
[0.365s][info   ][gc,metaspace   ] GC(87) Metaspace: 3896K->3896K(1056768K)
[0.365s][info   ][gc             ] GC(87) Pause Young (Normal) (G1 Humongous Allocation) 239M->239M(256M) 0.282ms
[0.365s][info   ][gc,cpu         ] GC(87) User=0.00s Sys=0.00s Real=0.00s
[0.365s][info   ][gc,task        ] GC(88) Using 6 workers of 13 for full compaction
[0.365s][info   ][gc,start       ] GC(88) Pause Full (G1 Humongous Allocation)
[0.365s][info   ][gc,phases,start] GC(88) Phase 1: Mark live objects
[0.366s][info   ][gc,stringtable ] GC(88) Cleaned string and symbol table, strings: 1523 processed, 0 removed, symbols: 17835 processed, 0 removed
[0.366s][info   ][gc,phases      ] GC(88) Phase 1: Mark live objects 0.616ms
[0.366s][info   ][gc,phases,start] GC(88) Phase 2: Prepare for compaction
[0.366s][info   ][gc,phases      ] GC(88) Phase 2: Prepare for compaction 0.173ms
[0.366s][info   ][gc,phases,start] GC(88) Phase 3: Adjust pointers
[0.366s][info   ][gc,phases      ] GC(88) Phase 3: Adjust pointers 0.261ms
[0.366s][info   ][gc,phases,start] GC(88) Phase 4: Compact heap
[0.369s][info   ][gc,phases      ] GC(88) Phase 4: Compact heap 2.990ms
[0.370s][info   ][gc,heap        ] GC(88) Eden regions: 0->0(12)
[0.370s][info   ][gc,heap        ] GC(88) Survivor regions: 0->0(2)
[0.370s][info   ][gc,heap        ] GC(88) Old regions: 146->142
[0.370s][info   ][gc,heap        ] GC(88) Humongous regions: 110->110
[0.370s][info   ][gc,metaspace   ] GC(88) Metaspace: 3896K->3896K(1056768K)
[0.370s][info   ][gc             ] GC(88) Pause Full (G1 Humongous Allocation) 239M->238M(256M) 4.715ms
[0.370s][info   ][gc,cpu         ] GC(88) User=0.01s Sys=0.00s Real=0.01s
[0.370s][info   ][gc,marking     ] GC(86) Concurrent Mark From Roots 5.228ms
[0.370s][info   ][gc,marking     ] GC(86) Concurrent Mark Abort
[0.370s][info   ][gc             ] GC(86) Concurrent Cycle 5.318ms
[0.370s][info   ][gc,start       ] GC(89) Pause Young (Concurrent Start) (G1 Humongous Allocation)
[0.370s][info   ][gc,task        ] GC(89) Using 6 workers of 13 for evacuation
[0.371s][info   ][gc,phases      ] GC(89)   Pre Evacuate Collection Set: 0.0ms
[0.371s][info   ][gc,phases      ] GC(89)   Evacuate Collection Set: 0.2ms
[0.371s][info   ][gc,phases      ] GC(89)   Post Evacuate Collection Set: 0.1ms
[0.371s][info   ][gc,phases      ] GC(89)   Other: 0.1ms
[0.371s][info   ][gc,heap        ] GC(89) Eden regions: 1->0(11)
[0.371s][info   ][gc,heap        ] GC(89) Survivor regions: 0->1(2)
[0.371s][info   ][gc,heap        ] GC(89) Old regions: 142->142
[0.371s][info   ][gc,heap        ] GC(89) Humongous regions: 111->110
[0.371s][info   ][gc,metaspace   ] GC(89) Metaspace: 3896K->3896K(1056768K)
[0.371s][info   ][gc             ] GC(89) Pause Young (Concurrent Start) (G1 Humongous Allocation) 240M->238M(256M) 0.496ms
[0.371s][info   ][gc,cpu         ] GC(89) User=0.00s Sys=0.00s Real=0.00s
[0.371s][info   ][gc             ] GC(90) Concurrent Cycle
[0.371s][info   ][gc,marking     ] GC(90) Concurrent Clear Claimed Marks
[0.371s][info   ][gc,marking     ] GC(90) Concurrent Clear Claimed Marks 0.008ms
[0.371s][info   ][gc,marking     ] GC(90) Concurrent Scan Root Regions
[0.371s][info   ][gc,marking     ] GC(90) Concurrent Scan Root Regions 0.023ms
[0.371s][info   ][gc,marking     ] GC(90) Concurrent Mark (0.371s)
[0.371s][info   ][gc,marking     ] GC(90) Concurrent Mark From Roots
[0.371s][info   ][gc,task        ] GC(90) Using 3 workers of 3 for marking
[0.371s][info   ][gc,start       ] GC(91) Pause Young (Normal) (G1 Evacuation Pause)
[0.372s][info   ][gc,task        ] GC(91) Using 6 workers of 13 for evacuation
[0.372s][info   ][gc             ] GC(91) To-space exhausted
[0.372s][info   ][gc,phases      ] GC(91)   Pre Evacuate Collection Set: 0.0ms
[0.372s][info   ][gc,phases      ] GC(91)   Evacuate Collection Set: 0.1ms
[0.372s][info   ][gc,phases      ] GC(91)   Post Evacuate Collection Set: 0.1ms
[0.372s][info   ][gc,phases      ] GC(91)   Other: 0.1ms
[0.372s][info   ][gc,heap        ] GC(91) Eden regions: 2->0(12)
[0.372s][info   ][gc,heap        ] GC(91) Survivor regions: 1->0(2)
[0.372s][info   ][gc,heap        ] GC(91) Old regions: 142->145
[0.372s][info   ][gc,heap        ] GC(91) Humongous regions: 111->110
[0.372s][info   ][gc,metaspace   ] GC(91) Metaspace: 3896K->3896K(1056768K)
[0.372s][info   ][gc             ] GC(91) Pause Young (Normal) (G1 Evacuation Pause) 241M->240M(256M) 0.363ms
[0.372s][info   ][gc,cpu         ] GC(91) User=0.00s Sys=0.00s Real=0.00s
[0.372s][info   ][gc,start       ] GC(92) Pause Young (Normal) (G1 Evacuation Pause)
[0.372s][info   ][gc,task        ] GC(92) Using 6 workers of 13 for evacuation
[0.372s][info   ][gc             ] GC(92) To-space exhausted
[0.372s][info   ][gc,phases      ] GC(92)   Pre Evacuate Collection Set: 0.0ms
[0.372s][info   ][gc,phases      ] GC(92)   Evacuate Collection Set: 0.1ms
[0.372s][info   ][gc,phases      ] GC(92)   Post Evacuate Collection Set: 0.1ms
[0.372s][info   ][gc,phases      ] GC(92)   Other: 0.1ms
[0.372s][info   ][gc,heap        ] GC(92) Eden regions: 1->0(12)
[0.372s][info   ][gc,heap        ] GC(92) Survivor regions: 0->0(2)
[0.372s][info   ][gc,heap        ] GC(92) Old regions: 145->146
[0.372s][info   ][gc,heap        ] GC(92) Humongous regions: 110->110
[0.372s][info   ][gc,metaspace   ] GC(92) Metaspace: 3896K->3896K(1056768K)
[0.372s][info   ][gc             ] GC(92) Pause Young (Normal) (G1 Evacuation Pause) 241M->241M(256M) 0.316ms
[0.372s][info   ][gc,cpu         ] GC(92) User=0.00s Sys=0.00s Real=0.00s
[0.372s][info   ][gc,task        ] GC(93) Using 6 workers of 13 for full compaction
[0.372s][info   ][gc,start       ] GC(93) Pause Full (G1 Evacuation Pause)
[0.373s][info   ][gc,phases,start] GC(93) Phase 1: Mark live objects
[0.373s][info   ][gc,stringtable ] GC(93) Cleaned string and symbol table, strings: 1523 processed, 0 removed, symbols: 17835 processed, 0 removed
[0.373s][info   ][gc,phases      ] GC(93) Phase 1: Mark live objects 0.577ms
[0.373s][info   ][gc,phases,start] GC(93) Phase 2: Prepare for compaction
[0.373s][info   ][gc,phases      ] GC(93) Phase 2: Prepare for compaction 0.155ms
[0.373s][info   ][gc,phases,start] GC(93) Phase 3: Adjust pointers
[0.374s][info   ][gc,phases      ] GC(93) Phase 3: Adjust pointers 0.244ms
[0.374s][info   ][gc,phases,start] GC(93) Phase 4: Compact heap
[0.375s][info   ][gc,phases      ] GC(93) Phase 4: Compact heap 1.755ms
[0.376s][info   ][gc,heap        ] GC(93) Eden regions: 0->0(12)
[0.376s][info   ][gc,heap        ] GC(93) Survivor regions: 0->0(2)
[0.376s][info   ][gc,heap        ] GC(93) Old regions: 146->144
[0.376s][info   ][gc,heap        ] GC(93) Humongous regions: 110->110
[0.376s][info   ][gc,metaspace   ] GC(93) Metaspace: 3896K->3896K(1056768K)
[0.376s][info   ][gc             ] GC(93) Pause Full (G1 Evacuation Pause) 241M->238M(256M) 3.315ms
[0.376s][info   ][gc,cpu         ] GC(93) User=0.01s Sys=0.00s Real=0.00s
[0.376s][info   ][gc,marking     ] GC(90) Concurrent Mark From Roots 5.085ms
[0.376s][info   ][gc,marking     ] GC(90) Concurrent Mark Abort
[0.376s][info   ][gc             ] GC(90) Concurrent Cycle 5.186ms
[0.376s][info   ][gc,start       ] GC(94) Pause Young (Concurrent Start) (G1 Humongous Allocation)
[0.376s][info   ][gc,task        ] GC(94) Using 6 workers of 13 for evacuation
[0.376s][info   ][gc             ] GC(94) To-space exhausted
[0.376s][info   ][gc,phases      ] GC(94)   Pre Evacuate Collection Set: 0.0ms
[0.376s][info   ][gc,phases      ] GC(94)   Evacuate Collection Set: 0.1ms
[0.376s][info   ][gc,phases      ] GC(94)   Post Evacuate Collection Set: 0.1ms
[0.376s][info   ][gc,phases      ] GC(94)   Other: 0.1ms
[0.376s][info   ][gc,heap        ] GC(94) Eden regions: 2->0(12)
[0.376s][info   ][gc,heap        ] GC(94) Survivor regions: 0->0(2)
[0.376s][info   ][gc,heap        ] GC(94) Old regions: 144->146
[0.376s][info   ][gc,heap        ] GC(94) Humongous regions: 110->110
[0.376s][info   ][gc,metaspace   ] GC(94) Metaspace: 3896K->3896K(1056768K)
[0.376s][info   ][gc             ] GC(94) Pause Young (Concurrent Start) (G1 Humongous Allocation) 240M->240M(256M) 0.387ms
[0.376s][info   ][gc,cpu         ] GC(94) User=0.00s Sys=0.00s Real=0.00s
[0.376s][info   ][gc             ] GC(95) Concurrent Cycle
[0.376s][info   ][gc,marking     ] GC(95) Concurrent Clear Claimed Marks
[0.376s][info   ][gc,marking     ] GC(95) Concurrent Clear Claimed Marks 0.011ms
[0.376s][info   ][gc,marking     ] GC(95) Concurrent Scan Root Regions
[0.376s][info   ][gc,marking     ] GC(95) Concurrent Scan Root Regions 0.007ms
[0.376s][info   ][gc,marking     ] GC(95) Concurrent Mark (0.376s)
[0.377s][info   ][gc,marking     ] GC(95) Concurrent Mark From Roots
[0.377s][info   ][gc,start       ] GC(96) Pause Young (Normal) (G1 Humongous Allocation)
[0.377s][info   ][gc,task        ] GC(96) Using 6 workers of 13 for evacuation
[0.377s][info   ][gc,task        ] GC(95) Using 3 workers of 3 for marking
[0.377s][info   ][gc,phases      ] GC(96)   Pre Evacuate Collection Set: 0.0ms
[0.377s][info   ][gc,phases      ] GC(96)   Evacuate Collection Set: 0.1ms
[0.377s][info   ][gc,phases      ] GC(96)   Post Evacuate Collection Set: 0.1ms
[0.377s][info   ][gc,phases      ] GC(96)   Other: 0.1ms
[0.377s][info   ][gc,heap        ] GC(96) Eden regions: 0->0(12)
[0.377s][info   ][gc,heap        ] GC(96) Survivor regions: 0->0(2)
[0.377s][info   ][gc,heap        ] GC(96) Old regions: 146->146
[0.377s][info   ][gc,heap        ] GC(96) Humongous regions: 110->110
[0.377s][info   ][gc,metaspace   ] GC(96) Metaspace: 3896K->3896K(1056768K)
[0.377s][info   ][gc             ] GC(96) Pause Young (Normal) (G1 Humongous Allocation) 240M->240M(256M) 0.258ms
[0.377s][info   ][gc,cpu         ] GC(96) User=0.00s Sys=0.00s Real=0.00s
[0.377s][info   ][gc,task        ] GC(97) Using 6 workers of 13 for full compaction
[0.377s][info   ][gc,start       ] GC(97) Pause Full (G1 Humongous Allocation)
[0.377s][info   ][gc,phases,start] GC(97) Phase 1: Mark live objects
[0.378s][info   ][gc,stringtable ] GC(97) Cleaned string and symbol table, strings: 1523 processed, 0 removed, symbols: 17835 processed, 0 removed
[0.378s][info   ][gc,phases      ] GC(97) Phase 1: Mark live objects 0.576ms
[0.378s][info   ][gc,phases,start] GC(97) Phase 2: Prepare for compaction
[0.378s][info   ][gc,phases      ] GC(97) Phase 2: Prepare for compaction 0.210ms
[0.378s][info   ][gc,phases,start] GC(97) Phase 3: Adjust pointers
[0.378s][info   ][gc,phases      ] GC(97) Phase 3: Adjust pointers 0.254ms
[0.378s][info   ][gc,phases,start] GC(97) Phase 4: Compact heap
[0.381s][info   ][gc,phases      ] GC(97) Phase 4: Compact heap 2.677ms
[0.381s][info   ][gc,heap        ] GC(97) Eden regions: 0->0(12)
[0.381s][info   ][gc,heap        ] GC(97) Survivor regions: 0->0(2)
[0.381s][info   ][gc,heap        ] GC(97) Old regions: 146->144
[0.381s][info   ][gc,heap        ] GC(97) Humongous regions: 110->110
[0.381s][info   ][gc,metaspace   ] GC(97) Metaspace: 3896K->3896K(1056768K)
[0.381s][info   ][gc             ] GC(97) Pause Full (G1 Humongous Allocation) 240M->238M(256M) 4.331ms
[0.381s][info   ][gc,cpu         ] GC(97) User=0.02s Sys=0.00s Real=0.01s
[0.381s][info   ][gc,marking     ] GC(95) Concurrent Mark From Roots 4.776ms
[0.381s][info   ][gc,marking     ] GC(95) Concurrent Mark Abort
[0.381s][info   ][gc             ] GC(95) Concurrent Cycle 4.859ms
[0.381s][info   ][gc,start       ] GC(98) Pause Young (Concurrent Start) (G1 Humongous Allocation)
[0.381s][info   ][gc,task        ] GC(98) Using 6 workers of 13 for evacuation
[0.382s][info   ][gc,phases      ] GC(98)   Pre Evacuate Collection Set: 0.0ms
[0.382s][info   ][gc,phases      ] GC(98)   Evacuate Collection Set: 0.1ms
[0.382s][info   ][gc,phases      ] GC(98)   Post Evacuate Collection Set: 0.1ms
[0.382s][info   ][gc,phases      ] GC(98)   Other: 0.1ms
[0.382s][info   ][gc,heap        ] GC(98) Eden regions: 0->0(12)
[0.382s][info   ][gc,heap        ] GC(98) Survivor regions: 0->0(2)
[0.382s][info   ][gc,heap        ] GC(98) Old regions: 144->144
[0.382s][info   ][gc,heap        ] GC(98) Humongous regions: 111->111
[0.382s][info   ][gc,metaspace   ] GC(98) Metaspace: 3896K->3896K(1056768K)
[0.382s][info   ][gc             ] GC(98) Pause Young (Concurrent Start) (G1 Humongous Allocation) 239M->239M(256M) 0.391ms
[0.382s][info   ][gc,cpu         ] GC(98) User=0.00s Sys=0.00s Real=0.00s
[0.382s][info   ][gc             ] GC(99) Concurrent Cycle
[0.382s][info   ][gc,marking     ] GC(99) Concurrent Clear Claimed Marks
[0.382s][info   ][gc,marking     ] GC(99) Concurrent Clear Claimed Marks 0.008ms
[0.382s][info   ][gc,marking     ] GC(99) Concurrent Scan Root Regions
[0.382s][info   ][gc,marking     ] GC(99) Concurrent Scan Root Regions 0.007ms
[0.382s][info   ][gc,marking     ] GC(99) Concurrent Mark (0.382s)
[0.382s][info   ][gc,marking     ] GC(99) Concurrent Mark From Roots
[0.382s][info   ][gc,task        ] GC(99) Using 3 workers of 3 for marking
[0.382s][info   ][gc,start       ] GC(100) Pause Young (Normal) (G1 Evacuation Pause)
[0.382s][info   ][gc,task        ] GC(100) Using 6 workers of 13 for evacuation
[0.382s][info   ][gc,phases      ] GC(100)   Pre Evacuate Collection Set: 0.0ms
[0.382s][info   ][gc,phases      ] GC(100)   Evacuate Collection Set: 0.0ms
[0.382s][info   ][gc,phases      ] GC(100)   Post Evacuate Collection Set: 0.1ms
[0.382s][info   ][gc,phases      ] GC(100)   Other: 0.1ms
[0.382s][info   ][gc,heap        ] GC(100) Eden regions: 0->0(12)
[0.382s][info   ][gc,heap        ] GC(100) Survivor regions: 0->0(2)
[0.382s][info   ][gc,heap        ] GC(100) Old regions: 144->144
[0.382s][info   ][gc,heap        ] GC(100) Humongous regions: 112->112
[0.382s][info   ][gc,metaspace   ] GC(100) Metaspace: 3896K->3896K(1056768K)
[0.382s][info   ][gc             ] GC(100) Pause Young (Normal) (G1 Evacuation Pause) 240M->240M(256M) 0.254ms
[0.382s][info   ][gc,cpu         ] GC(100) User=0.00s Sys=0.00s Real=0.00s
[0.382s][info   ][gc,task        ] GC(101) Using 6 workers of 13 for full compaction
[0.382s][info   ][gc,start       ] GC(101) Pause Full (G1 Evacuation Pause)
[0.383s][info   ][gc,phases,start] GC(101) Phase 1: Mark live objects
[0.383s][info   ][gc,stringtable ] GC(101) Cleaned string and symbol table, strings: 1523 processed, 0 removed, symbols: 17835 processed, 0 removed
[0.383s][info   ][gc,phases      ] GC(101) Phase 1: Mark live objects 0.624ms
[0.383s][info   ][gc,phases,start] GC(101) Phase 2: Prepare for compaction
[0.383s][info   ][gc,phases      ] GC(101) Phase 2: Prepare for compaction 0.167ms
[0.383s][info   ][gc,phases,start] GC(101) Phase 3: Adjust pointers
[0.384s][info   ][gc,phases      ] GC(101) Phase 3: Adjust pointers 0.246ms
[0.384s][info   ][gc,phases,start] GC(101) Phase 4: Compact heap
[0.388s][info   ][gc,phases      ] GC(101) Phase 4: Compact heap 3.934ms
[0.388s][info   ][gc,heap        ] GC(101) Eden regions: 0->0(12)
[0.388s][info   ][gc,heap        ] GC(101) Survivor regions: 0->0(2)
[0.388s][info   ][gc,heap        ] GC(101) Old regions: 144->141
[0.388s][info   ][gc,heap        ] GC(101) Humongous regions: 112->112
[0.388s][info   ][gc,metaspace   ] GC(101) Metaspace: 3896K->3896K(1056768K)
[0.388s][info   ][gc             ] GC(101) Pause Full (G1 Evacuation Pause) 240M->240M(256M) 5.669ms
[0.388s][info   ][gc,cpu         ] GC(101) User=0.01s Sys=0.00s Real=0.00s
[0.388s][info   ][gc,marking     ] GC(99) Concurrent Mark From Roots 6.194ms
[0.388s][info   ][gc,marking     ] GC(99) Concurrent Mark Abort
[0.388s][info   ][gc             ] GC(99) Concurrent Cycle 6.275ms
[0.388s][info   ][gc,start       ] GC(102) Pause Young (Concurrent Start) (G1 Humongous Allocation)
[0.388s][info   ][gc,task        ] GC(102) Using 6 workers of 13 for evacuation
[0.389s][info   ][gc,phases      ] GC(102)   Pre Evacuate Collection Set: 0.0ms
[0.389s][info   ][gc,phases      ] GC(102)   Evacuate Collection Set: 0.2ms
[0.389s][info   ][gc,phases      ] GC(102)   Post Evacuate Collection Set: 0.1ms
[0.389s][info   ][gc,phases      ] GC(102)   Other: 0.1ms
[0.389s][info   ][gc,heap        ] GC(102) Eden regions: 1->0(11)
[0.389s][info   ][gc,heap        ] GC(102) Survivor regions: 0->1(2)
[0.389s][info   ][gc,heap        ] GC(102) Old regions: 141->141
[0.389s][info   ][gc,heap        ] GC(102) Humongous regions: 112->112
[0.389s][info   ][gc,metaspace   ] GC(102) Metaspace: 3896K->3896K(1056768K)
[0.389s][info   ][gc             ] GC(102) Pause Young (Concurrent Start) (G1 Humongous Allocation) 241M->240M(256M) 0.453ms
[0.389s][info   ][gc,cpu         ] GC(102) User=0.01s Sys=0.00s Real=0.00s
[0.389s][info   ][gc             ] GC(103) Concurrent Cycle
[0.389s][info   ][gc,marking     ] GC(103) Concurrent Clear Claimed Marks
[0.389s][info   ][gc,marking     ] GC(103) Concurrent Clear Claimed Marks 0.008ms
[0.389s][info   ][gc,marking     ] GC(103) Concurrent Scan Root Regions
[0.389s][info   ][gc,marking     ] GC(103) Concurrent Scan Root Regions 0.024ms
[0.389s][info   ][gc,marking     ] GC(103) Concurrent Mark (0.389s)
[0.389s][info   ][gc,marking     ] GC(103) Concurrent Mark From Roots
[0.389s][info   ][gc,task        ] GC(103) Using 3 workers of 3 for marking
[0.389s][info   ][gc,start       ] GC(104) Pause Young (Normal) (G1 Humongous Allocation)
[0.389s][info   ][gc,task        ] GC(104) Using 6 workers of 13 for evacuation
[0.389s][info   ][gc             ] GC(104) To-space exhausted
[0.389s][info   ][gc,phases      ] GC(104)   Pre Evacuate Collection Set: 0.0ms
[0.390s][info   ][gc,phases      ] GC(104)   Evacuate Collection Set: 0.1ms
[0.390s][info   ][gc,phases      ] GC(104)   Post Evacuate Collection Set: 0.1ms
[0.390s][info   ][gc,phases      ] GC(104)   Other: 0.1ms
[0.390s][info   ][gc,heap        ] GC(104) Eden regions: 1->0(12)
[0.390s][info   ][gc,heap        ] GC(104) Survivor regions: 1->0(2)
[0.390s][info   ][gc,heap        ] GC(104) Old regions: 141->143
[0.390s][info   ][gc,heap        ] GC(104) Humongous regions: 113->112
[0.390s][info   ][gc,metaspace   ] GC(104) Metaspace: 3896K->3896K(1056768K)
[0.390s][info   ][gc             ] GC(104) Pause Young (Normal) (G1 Humongous Allocation) 242M->241M(256M) 0.409ms
[0.390s][info   ][gc,cpu         ] GC(104) User=0.00s Sys=0.01s Real=0.01s
[0.390s][info   ][gc,start       ] GC(105) Pause Young (Normal) (G1 Evacuation Pause)
[0.390s][info   ][gc,task        ] GC(105) Using 6 workers of 13 for evacuation
[0.390s][info   ][gc,phases      ] GC(105)   Pre Evacuate Collection Set: 0.0ms
[0.390s][info   ][gc,phases      ] GC(105)   Evacuate Collection Set: 0.1ms
[0.390s][info   ][gc,phases      ] GC(105)   Post Evacuate Collection Set: 0.1ms
[0.390s][info   ][gc,phases      ] GC(105)   Other: 0.1ms
[0.390s][info   ][gc,heap        ] GC(105) Eden regions: 0->0(12)
[0.390s][info   ][gc,heap        ] GC(105) Survivor regions: 0->0(2)
[0.390s][info   ][gc,heap        ] GC(105) Old regions: 143->143
[0.390s][info   ][gc,heap        ] GC(105) Humongous regions: 113->113
[0.390s][info   ][gc,metaspace   ] GC(105) Metaspace: 3896K->3896K(1056768K)
[0.390s][info   ][gc             ] GC(105) Pause Young (Normal) (G1 Evacuation Pause) 242M->242M(256M) 0.277ms
[0.390s][info   ][gc,cpu         ] GC(105) User=0.00s Sys=0.00s Real=0.00s
[0.390s][info   ][gc,task        ] GC(106) Using 6 workers of 13 for full compaction
[0.390s][info   ][gc,start       ] GC(106) Pause Full (G1 Evacuation Pause)
[0.390s][info   ][gc,phases,start] GC(106) Phase 1: Mark live objects
[0.391s][info   ][gc,stringtable ] GC(106) Cleaned string and symbol table, strings: 1523 processed, 0 removed, symbols: 17835 processed, 0 removed
[0.391s][info   ][gc,phases      ] GC(106) Phase 1: Mark live objects 0.590ms
[0.391s][info   ][gc,phases,start] GC(106) Phase 2: Prepare for compaction
[0.391s][info   ][gc,phases      ] GC(106) Phase 2: Prepare for compaction 0.166ms
[0.391s][info   ][gc,phases,start] GC(106) Phase 3: Adjust pointers
[0.391s][info   ][gc,phases      ] GC(106) Phase 3: Adjust pointers 0.252ms
[0.391s][info   ][gc,phases,start] GC(106) Phase 4: Compact heap
[0.393s][info   ][gc,phases      ] GC(106) Phase 4: Compact heap 1.445ms
[0.393s][info   ][gc,heap        ] GC(106) Eden regions: 0->0(12)
[0.393s][info   ][gc,heap        ] GC(106) Survivor regions: 0->0(2)
[0.393s][info   ][gc,heap        ] GC(106) Old regions: 143->142
[0.393s][info   ][gc,heap        ] GC(106) Humongous regions: 113->113
[0.393s][info   ][gc,metaspace   ] GC(106) Metaspace: 3896K->3896K(1056768K)
[0.393s][info   ][gc             ] GC(106) Pause Full (G1 Evacuation Pause) 242M->241M(256M) 3.069ms
[0.393s][info   ][gc,cpu         ] GC(106) User=0.01s Sys=0.00s Real=0.00s
[0.393s][info   ][gc,marking     ] GC(103) Concurrent Mark From Roots 4.324ms
[0.393s][info   ][gc,marking     ] GC(103) Concurrent Mark Abort
[0.393s][info   ][gc             ] GC(103) Concurrent Cycle 4.417ms
[0.394s][info   ][gc,start       ] GC(107) Pause Young (Normal) (G1 Evacuation Pause)
[0.394s][info   ][gc,task        ] GC(107) Using 6 workers of 13 for evacuation
[0.394s][info   ][gc             ] GC(107) To-space exhausted
[0.394s][info   ][gc,phases      ] GC(107)   Pre Evacuate Collection Set: 0.0ms
[0.394s][info   ][gc,phases      ] GC(107)   Evacuate Collection Set: 0.1ms
[0.394s][info   ][gc,phases      ] GC(107)   Post Evacuate Collection Set: 0.1ms
[0.394s][info   ][gc,phases      ] GC(107)   Other: 0.1ms
[0.394s][info   ][gc,heap        ] GC(107) Eden regions: 1->0(12)
[0.394s][info   ][gc,heap        ] GC(107) Survivor regions: 0->0(2)
[0.394s][info   ][gc,heap        ] GC(107) Old regions: 142->143
[0.394s][info   ][gc,heap        ] GC(107) Humongous regions: 113->113
[0.394s][info   ][gc,metaspace   ] GC(107) Metaspace: 3896K->3896K(1056768K)
[0.394s][info   ][gc             ] GC(107) Pause Young (Normal) (G1 Evacuation Pause) 242M->242M(256M) 0.317ms
[0.394s][info   ][gc,cpu         ] GC(107) User=0.00s Sys=0.00s Real=0.00s
[0.394s][info   ][gc,task        ] GC(108) Using 6 workers of 13 for full compaction
[0.394s][info   ][gc,start       ] GC(108) Pause Full (G1 Evacuation Pause)
[0.394s][info   ][gc,phases,start] GC(108) Phase 1: Mark live objects
[0.394s][info   ][gc,stringtable ] GC(108) Cleaned string and symbol table, strings: 1523 processed, 0 removed, symbols: 17835 processed, 0 removed
[0.394s][info   ][gc,phases      ] GC(108) Phase 1: Mark live objects 0.539ms
[0.394s][info   ][gc,phases,start] GC(108) Phase 2: Prepare for compaction
[0.395s][info   ][gc,phases      ] GC(108) Phase 2: Prepare for compaction 0.180ms
[0.395s][info   ][gc,phases,start] GC(108) Phase 3: Adjust pointers
[0.395s][info   ][gc,phases      ] GC(108) Phase 3: Adjust pointers 0.244ms
[0.395s][info   ][gc,phases,start] GC(108) Phase 4: Compact heap
[0.400s][info   ][gc,phases      ] GC(108) Phase 4: Compact heap 4.586ms
[0.400s][info   ][gc,heap        ] GC(108) Eden regions: 0->0(12)
[0.400s][info   ][gc,heap        ] GC(108) Survivor regions: 0->0(2)
[0.400s][info   ][gc,heap        ] GC(108) Old regions: 143->139
[0.400s][info   ][gc,heap        ] GC(108) Humongous regions: 113->113
[0.400s][info   ][gc,metaspace   ] GC(108) Metaspace: 3896K->3896K(1056768K)
[0.400s][info   ][gc             ] GC(108) Pause Full (G1 Evacuation Pause) 242M->241M(256M) 5.969ms
[0.400s][info   ][gc,cpu         ] GC(108) User=0.01s Sys=0.00s Real=0.01s
[0.401s][info   ][gc,start       ] GC(109) Pause Young (Concurrent Start) (G1 Evacuation Pause)
[0.401s][info   ][gc,task        ] GC(109) Using 6 workers of 13 for evacuation
[0.402s][info   ][gc             ] GC(109) To-space exhausted
[0.402s][info   ][gc,phases      ] GC(109)   Pre Evacuate Collection Set: 0.0ms
[0.402s][info   ][gc,phases      ] GC(109)   Evacuate Collection Set: 0.4ms
[0.402s][info   ][gc,phases      ] GC(109)   Post Evacuate Collection Set: 0.1ms
[0.402s][info   ][gc,phases      ] GC(109)   Other: 0.1ms
[0.402s][info   ][gc,heap        ] GC(109) Eden regions: 4->0(12)
[0.402s][info   ][gc,heap        ] GC(109) Survivor regions: 0->0(2)
[0.402s][info   ][gc,heap        ] GC(109) Old regions: 139->143
[0.402s][info   ][gc,heap        ] GC(109) Humongous regions: 113->113
[0.402s][info   ][gc,metaspace   ] GC(109) Metaspace: 3896K->3896K(1056768K)
[0.402s][info   ][gc             ] GC(109) Pause Young (Concurrent Start) (G1 Evacuation Pause) 245M->245M(256M) 0.755ms
[0.402s][info   ][gc,cpu         ] GC(109) User=0.00s Sys=0.00s Real=0.00s
[0.402s][info   ][gc,task        ] GC(110) Using 6 workers of 13 for full compaction
[0.402s][info   ][gc,start       ] GC(110) Pause Full (G1 Evacuation Pause)
[0.402s][info   ][gc             ] GC(111) Concurrent Cycle
[0.402s][info   ][gc,marking     ] GC(111) Concurrent Clear Claimed Marks
[0.402s][info   ][gc,marking     ] GC(111) Concurrent Clear Claimed Marks 0.012ms
[0.402s][info   ][gc,marking     ] GC(111) Concurrent Scan Root Regions
[0.402s][info   ][gc,marking     ] GC(111) Concurrent Scan Root Regions 0.007ms
[0.402s][info   ][gc,marking     ] GC(111) Concurrent Mark (0.402s)
[0.402s][info   ][gc,marking     ] GC(111) Concurrent Mark From Roots
[0.402s][info   ][gc,task        ] GC(111) Using 3 workers of 3 for marking
[0.402s][info   ][gc,phases,start] GC(110) Phase 1: Mark live objects
[0.403s][info   ][gc,stringtable ] GC(110) Cleaned string and symbol table, strings: 1523 processed, 0 removed, symbols: 17835 processed, 0 removed
[0.403s][info   ][gc,phases      ] GC(110) Phase 1: Mark live objects 0.735ms
[0.403s][info   ][gc,phases,start] GC(110) Phase 2: Prepare for compaction
[0.403s][info   ][gc,phases      ] GC(110) Phase 2: Prepare for compaction 0.238ms
[0.403s][info   ][gc,phases,start] GC(110) Phase 3: Adjust pointers
[0.403s][info   ][gc,phases      ] GC(110) Phase 3: Adjust pointers 0.297ms
[0.403s][info   ][gc,phases,start] GC(110) Phase 4: Compact heap
[0.406s][info   ][gc,phases      ] GC(110) Phase 4: Compact heap 2.699ms
[0.406s][info   ][gc,heap        ] GC(110) Eden regions: 0->0(12)
[0.406s][info   ][gc,heap        ] GC(110) Survivor regions: 0->0(2)
[0.406s][info   ][gc,heap        ] GC(110) Old regions: 143->142
[0.406s][info   ][gc,heap        ] GC(110) Humongous regions: 113->113
[0.406s][info   ][gc,metaspace   ] GC(110) Metaspace: 3896K->3896K(1056768K)
[0.406s][info   ][gc             ] GC(110) Pause Full (G1 Evacuation Pause) 245M->242M(256M) 4.689ms
[0.406s][info   ][gc,cpu         ] GC(110) User=0.02s Sys=0.00s Real=0.00s
[0.407s][info   ][gc,marking     ] GC(111) Concurrent Mark From Roots 4.755ms
[0.407s][info   ][gc,marking     ] GC(111) Concurrent Mark Abort
[0.407s][info   ][gc             ] GC(111) Concurrent Cycle 4.871ms
[0.407s][info   ][gc,start       ] GC(112) Pause Young (Normal) (G1 Evacuation Pause)
[0.407s][info   ][gc,task        ] GC(112) Using 6 workers of 13 for evacuation
[0.407s][info   ][gc             ] GC(112) To-space exhausted
[0.407s][info   ][gc,phases      ] GC(112)   Pre Evacuate Collection Set: 0.0ms
[0.407s][info   ][gc,phases      ] GC(112)   Evacuate Collection Set: 0.1ms
[0.407s][info   ][gc,phases      ] GC(112)   Post Evacuate Collection Set: 0.1ms
[0.407s][info   ][gc,phases      ] GC(112)   Other: 0.1ms
[0.407s][info   ][gc,heap        ] GC(112) Eden regions: 1->0(12)
[0.407s][info   ][gc,heap        ] GC(112) Survivor regions: 0->0(2)
[0.407s][info   ][gc,heap        ] GC(112) Old regions: 142->143
[0.407s][info   ][gc,heap        ] GC(112) Humongous regions: 113->113
[0.407s][info   ][gc,metaspace   ] GC(112) Metaspace: 3896K->3896K(1056768K)
[0.407s][info   ][gc             ] GC(112) Pause Young (Normal) (G1 Evacuation Pause) 243M->243M(256M) 0.421ms
[0.407s][info   ][gc,cpu         ] GC(112) User=0.00s Sys=0.00s Real=0.00s
[0.407s][info   ][gc,task        ] GC(113) Using 6 workers of 13 for full compaction
[0.407s][info   ][gc,start       ] GC(113) Pause Full (G1 Evacuation Pause)
[0.407s][info   ][gc,phases,start] GC(113) Phase 1: Mark live objects
[0.408s][info   ][gc,stringtable ] GC(113) Cleaned string and symbol table, strings: 1523 processed, 0 removed, symbols: 17835 processed, 0 removed
[0.408s][info   ][gc,phases      ] GC(113) Phase 1: Mark live objects 0.707ms
[0.408s][info   ][gc,phases,start] GC(113) Phase 2: Prepare for compaction
[0.408s][info   ][gc,phases      ] GC(113) Phase 2: Prepare for compaction 0.228ms
[0.408s][info   ][gc,phases,start] GC(113) Phase 3: Adjust pointers
[0.409s][info   ][gc,phases      ] GC(113) Phase 3: Adjust pointers 0.297ms
[0.409s][info   ][gc,phases,start] GC(113) Phase 4: Compact heap
[0.411s][info   ][gc,phases      ] GC(113) Phase 4: Compact heap 2.282ms
[0.411s][info   ][gc,heap        ] GC(113) Eden regions: 0->0(12)
[0.411s][info   ][gc,heap        ] GC(113) Survivor regions: 0->0(2)
[0.411s][info   ][gc,heap        ] GC(113) Old regions: 143->141
[0.411s][info   ][gc,heap        ] GC(113) Humongous regions: 113->113
[0.411s][info   ][gc,metaspace   ] GC(113) Metaspace: 3896K->3896K(1056768K)
[0.411s][info   ][gc             ] GC(113) Pause Full (G1 Evacuation Pause) 243M->242M(256M) 4.018ms
[0.411s][info   ][gc,cpu         ] GC(113) User=0.01s Sys=0.00s Real=0.01s
[0.411s][info   ][gc,start       ] GC(114) Pause Young (Concurrent Start) (G1 Humongous Allocation)
[0.411s][info   ][gc,task        ] GC(114) Using 6 workers of 13 for evacuation
[0.412s][info   ][gc,phases      ] GC(114)   Pre Evacuate Collection Set: 0.0ms
[0.412s][info   ][gc,phases      ] GC(114)   Evacuate Collection Set: 0.1ms
[0.412s][info   ][gc,phases      ] GC(114)   Post Evacuate Collection Set: 0.1ms
[0.412s][info   ][gc,phases      ] GC(114)   Other: 0.1ms
[0.412s][info   ][gc,heap        ] GC(114) Eden regions: 1->0(11)
[0.412s][info   ][gc,heap        ] GC(114) Survivor regions: 0->1(2)
[0.412s][info   ][gc,heap        ] GC(114) Old regions: 141->141
[0.412s][info   ][gc,heap        ] GC(114) Humongous regions: 113->113
[0.412s][info   ][gc,metaspace   ] GC(114) Metaspace: 3896K->3896K(1056768K)
[0.412s][info   ][gc             ] GC(114) Pause Young (Concurrent Start) (G1 Humongous Allocation) 243M->243M(256M) 0.395ms
[0.412s][info   ][gc,cpu         ] GC(114) User=0.00s Sys=0.00s Real=0.00s
[0.412s][info   ][gc             ] GC(115) Concurrent Cycle
[0.412s][info   ][gc,marking     ] GC(115) Concurrent Clear Claimed Marks
[0.412s][info   ][gc,marking     ] GC(115) Concurrent Clear Claimed Marks 0.008ms
[0.412s][info   ][gc,marking     ] GC(115) Concurrent Scan Root Regions
[0.412s][info   ][gc,marking     ] GC(115) Concurrent Scan Root Regions 0.016ms
[0.412s][info   ][gc,marking     ] GC(115) Concurrent Mark (0.412s)
[0.412s][info   ][gc,marking     ] GC(115) Concurrent Mark From Roots
[0.412s][info   ][gc,task        ] GC(115) Using 3 workers of 3 for marking
[0.412s][info   ][gc,start       ] GC(116) Pause Young (Normal) (G1 Evacuation Pause)
[0.412s][info   ][gc,task        ] GC(116) Using 6 workers of 13 for evacuation
[0.412s][info   ][gc             ] GC(116) To-space exhausted
[0.412s][info   ][gc,phases      ] GC(116)   Pre Evacuate Collection Set: 0.0ms
[0.412s][info   ][gc,phases      ] GC(116)   Evacuate Collection Set: 0.1ms
[0.412s][info   ][gc,phases      ] GC(116)   Post Evacuate Collection Set: 0.1ms
[0.412s][info   ][gc,phases      ] GC(116)   Other: 0.1ms
[0.412s][info   ][gc,heap        ] GC(116) Eden regions: 0->0(12)
[0.412s][info   ][gc,heap        ] GC(116) Survivor regions: 1->0(2)
[0.412s][info   ][gc,heap        ] GC(116) Old regions: 141->142
[0.412s][info   ][gc,heap        ] GC(116) Humongous regions: 114->113
[0.412s][info   ][gc,metaspace   ] GC(116) Metaspace: 3896K->3896K(1056768K)
[0.412s][info   ][gc             ] GC(116) Pause Young (Normal) (G1 Evacuation Pause) 244M->243M(256M) 0.400ms
[0.413s][info   ][gc,cpu         ] GC(116) User=0.00s Sys=0.00s Real=0.00s
[0.413s][info   ][gc,start       ] GC(117) Pause Young (Normal) (G1 Evacuation Pause)
[0.413s][info   ][gc,task        ] GC(117) Using 6 workers of 13 for evacuation
[0.413s][info   ][gc             ] GC(117) To-space exhausted
[0.413s][info   ][gc,phases      ] GC(117)   Pre Evacuate Collection Set: 0.0ms
[0.413s][info   ][gc,phases      ] GC(117)   Evacuate Collection Set: 0.1ms
[0.413s][info   ][gc,phases      ] GC(117)   Post Evacuate Collection Set: 0.1ms
[0.413s][info   ][gc,phases      ] GC(117)   Other: 0.1ms
[0.413s][info   ][gc,heap        ] GC(117) Eden regions: 1->0(12)
[0.413s][info   ][gc,heap        ] GC(117) Survivor regions: 0->0(2)
[0.413s][info   ][gc,heap        ] GC(117) Old regions: 142->143
[0.413s][info   ][gc,heap        ] GC(117) Humongous regions: 113->113
[0.413s][info   ][gc,metaspace   ] GC(117) Metaspace: 3896K->3896K(1056768K)
[0.413s][info   ][gc             ] GC(117) Pause Young (Normal) (G1 Evacuation Pause) 244M->244M(256M) 0.373ms
[0.413s][info   ][gc,cpu         ] GC(117) User=0.00s Sys=0.00s Real=0.00s
[0.413s][info   ][gc,task        ] GC(118) Using 6 workers of 13 for full compaction
[0.413s][info   ][gc,start       ] GC(118) Pause Full (G1 Evacuation Pause)
[0.414s][info   ][gc,phases,start] GC(118) Phase 1: Mark live objects
[0.414s][info   ][gc,stringtable ] GC(118) Cleaned string and symbol table, strings: 1523 processed, 0 removed, symbols: 17835 processed, 0 removed
[0.414s][info   ][gc,phases      ] GC(118) Phase 1: Mark live objects 0.594ms
[0.414s][info   ][gc,phases,start] GC(118) Phase 2: Prepare for compaction
[0.414s][info   ][gc,phases      ] GC(118) Phase 2: Prepare for compaction 0.254ms
[0.414s][info   ][gc,phases,start] GC(118) Phase 3: Adjust pointers
[0.415s][info   ][gc,phases      ] GC(118) Phase 3: Adjust pointers 0.258ms
[0.415s][info   ][gc,phases,start] GC(118) Phase 4: Compact heap
[0.416s][info   ][gc,phases      ] GC(118) Phase 4: Compact heap 1.493ms
[0.416s][info   ][gc,heap        ] GC(118) Eden regions: 0->0(12)
[0.416s][info   ][gc,heap        ] GC(118) Survivor regions: 0->0(2)
[0.416s][info   ][gc,heap        ] GC(118) Old regions: 143->141
[0.416s][info   ][gc,heap        ] GC(118) Humongous regions: 113->113
[0.416s][info   ][gc,metaspace   ] GC(118) Metaspace: 3896K->3896K(1056768K)
[0.416s][info   ][gc             ] GC(118) Pause Full (G1 Evacuation Pause) 244M->243M(256M) 3.210ms
[0.417s][info   ][gc,cpu         ] GC(118) User=0.02s Sys=0.00s Real=0.00s
[0.417s][info   ][gc,marking     ] GC(115) Concurrent Mark From Roots 4.632ms
[0.417s][info   ][gc,marking     ] GC(115) Concurrent Mark Abort
[0.417s][info   ][gc             ] GC(115) Concurrent Cycle 4.731ms
[0.417s][info   ][gc,start       ] GC(119) Pause Young (Concurrent Start) (G1 Humongous Allocation)
[0.417s][info   ][gc,task        ] GC(119) Using 6 workers of 13 for evacuation
[0.417s][info   ][gc             ] GC(119) To-space exhausted
[0.418s][info   ][gc,phases      ] GC(119)   Pre Evacuate Collection Set: 0.0ms
[0.418s][info   ][gc,phases      ] GC(119)   Evacuate Collection Set: 0.1ms
[0.418s][info   ][gc,phases      ] GC(119)   Post Evacuate Collection Set: 0.1ms
[0.418s][info   ][gc,phases      ] GC(119)   Other: 0.1ms
[0.418s][info   ][gc,heap        ] GC(119) Eden regions: 2->0(12)
[0.418s][info   ][gc,heap        ] GC(119) Survivor regions: 0->0(2)
[0.418s][info   ][gc,heap        ] GC(119) Old regions: 141->143
[0.418s][info   ][gc,heap        ] GC(119) Humongous regions: 113->113
[0.418s][info   ][gc,metaspace   ] GC(119) Metaspace: 3896K->3896K(1056768K)
[0.418s][info   ][gc             ] GC(119) Pause Young (Concurrent Start) (G1 Humongous Allocation) 244M->244M(256M) 0.422ms
[0.418s][info   ][gc,cpu         ] GC(119) User=0.00s Sys=0.00s Real=0.00s
[0.418s][info   ][gc             ] GC(120) Concurrent Cycle
[0.418s][info   ][gc,marking     ] GC(120) Concurrent Clear Claimed Marks
[0.418s][info   ][gc,marking     ] GC(120) Concurrent Clear Claimed Marks 0.011ms
[0.418s][info   ][gc,marking     ] GC(120) Concurrent Scan Root Regions
[0.418s][info   ][gc,marking     ] GC(120) Concurrent Scan Root Regions 0.007ms
[0.418s][info   ][gc,marking     ] GC(120) Concurrent Mark (0.418s)
[0.418s][info   ][gc,marking     ] GC(120) Concurrent Mark From Roots
[0.418s][info   ][gc,start       ] GC(121) Pause Young (Normal) (G1 Humongous Allocation)
[0.418s][info   ][gc,task        ] GC(121) Using 6 workers of 13 for evacuation
[0.418s][info   ][gc,task        ] GC(120) Using 3 workers of 3 for marking
[0.418s][info   ][gc,phases      ] GC(121)   Pre Evacuate Collection Set: 0.0ms
[0.418s][info   ][gc,phases      ] GC(121)   Evacuate Collection Set: 0.0ms
[0.418s][info   ][gc,phases      ] GC(121)   Post Evacuate Collection Set: 0.1ms
[0.418s][info   ][gc,phases      ] GC(121)   Other: 0.1ms
[0.418s][info   ][gc,heap        ] GC(121) Eden regions: 0->0(12)
[0.418s][info   ][gc,heap        ] GC(121) Survivor regions: 0->0(2)
[0.418s][info   ][gc,heap        ] GC(121) Old regions: 143->143
[0.418s][info   ][gc,heap        ] GC(121) Humongous regions: 113->113
[0.418s][info   ][gc,metaspace   ] GC(121) Metaspace: 3896K->3896K(1056768K)
[0.418s][info   ][gc             ] GC(121) Pause Young (Normal) (G1 Humongous Allocation) 244M->244M(256M) 0.313ms
[0.418s][info   ][gc,cpu         ] GC(121) User=0.00s Sys=0.00s Real=0.00s
[0.418s][info   ][gc,task        ] GC(122) Using 6 workers of 13 for full compaction
[0.418s][info   ][gc,start       ] GC(122) Pause Full (G1 Humongous Allocation)
[0.418s][info   ][gc,phases,start] GC(122) Phase 1: Mark live objects
[0.419s][info   ][gc,stringtable ] GC(122) Cleaned string and symbol table, strings: 1523 processed, 0 removed, symbols: 17835 processed, 0 removed
[0.419s][info   ][gc,phases      ] GC(122) Phase 1: Mark live objects 0.564ms
[0.419s][info   ][gc,phases,start] GC(122) Phase 2: Prepare for compaction
[0.419s][info   ][gc,phases      ] GC(122) Phase 2: Prepare for compaction 0.158ms
[0.419s][info   ][gc,phases,start] GC(122) Phase 3: Adjust pointers
[0.419s][info   ][gc,phases      ] GC(122) Phase 3: Adjust pointers 0.240ms
[0.419s][info   ][gc,phases,start] GC(122) Phase 4: Compact heap
[0.420s][info   ][gc,phases      ] GC(122) Phase 4: Compact heap 1.058ms
[0.421s][info   ][gc,heap        ] GC(122) Eden regions: 0->0(12)
[0.421s][info   ][gc,heap        ] GC(122) Survivor regions: 0->0(2)
[0.421s][info   ][gc,heap        ] GC(122) Old regions: 143->141
[0.421s][info   ][gc,heap        ] GC(122) Humongous regions: 113->113
[0.421s][info   ][gc,metaspace   ] GC(122) Metaspace: 3896K->3896K(1056768K)
[0.421s][info   ][gc             ] GC(122) Pause Full (G1 Humongous Allocation) 244M->242M(256M) 2.574ms
[0.421s][info   ][gc,cpu         ] GC(122) User=0.01s Sys=0.00s Real=0.01s
[0.421s][info   ][gc,marking     ] GC(120) Concurrent Mark From Roots 3.043ms
[0.421s][info   ][gc,marking     ] GC(120) Concurrent Mark Abort
[0.421s][info   ][gc             ] GC(120) Concurrent Cycle 3.154ms
[0.421s][info   ][gc,start       ] GC(123) Pause Young (Concurrent Start) (G1 Humongous Allocation)
[0.421s][info   ][gc,task        ] GC(123) Using 6 workers of 13 for evacuation
[0.421s][info   ][gc             ] GC(123) To-space exhausted
[0.421s][info   ][gc,phases      ] GC(123)   Pre Evacuate Collection Set: 0.0ms
[0.421s][info   ][gc,phases      ] GC(123)   Evacuate Collection Set: 0.1ms
[0.421s][info   ][gc,phases      ] GC(123)   Post Evacuate Collection Set: 0.1ms
[0.421s][info   ][gc,phases      ] GC(123)   Other: 0.1ms
[0.421s][info   ][gc,heap        ] GC(123) Eden regions: 1->0(12)
[0.421s][info   ][gc,heap        ] GC(123) Survivor regions: 0->0(2)
[0.421s][info   ][gc,heap        ] GC(123) Old regions: 141->142
[0.421s][info   ][gc,heap        ] GC(123) Humongous regions: 114->113
[0.421s][info   ][gc,metaspace   ] GC(123) Metaspace: 3896K->3896K(1056768K)
[0.421s][info   ][gc             ] GC(123) Pause Young (Concurrent Start) (G1 Humongous Allocation) 244M->243M(256M) 0.371ms
[0.421s][info   ][gc,cpu         ] GC(123) User=0.00s Sys=0.00s Real=0.00s
[0.421s][info   ][gc             ] GC(124) Concurrent Cycle
[0.421s][info   ][gc,marking     ] GC(124) Concurrent Clear Claimed Marks
[0.421s][info   ][gc,marking     ] GC(124) Concurrent Clear Claimed Marks 0.008ms
[0.421s][info   ][gc,marking     ] GC(124) Concurrent Scan Root Regions
[0.421s][info   ][gc,marking     ] GC(124) Concurrent Scan Root Regions 0.006ms
[0.421s][info   ][gc,marking     ] GC(124) Concurrent Mark (0.421s)
[0.421s][info   ][gc,marking     ] GC(124) Concurrent Mark From Roots
[0.421s][info   ][gc,task        ] GC(124) Using 3 workers of 3 for marking
[0.421s][info   ][gc,start       ] GC(125) Pause Young (Normal) (G1 Evacuation Pause)
[0.421s][info   ][gc,task        ] GC(125) Using 6 workers of 13 for evacuation
[0.422s][info   ][gc,phases      ] GC(125)   Pre Evacuate Collection Set: 0.0ms
[0.422s][info   ][gc,phases      ] GC(125)   Evacuate Collection Set: 0.0ms
[0.422s][info   ][gc,phases      ] GC(125)   Post Evacuate Collection Set: 0.1ms
[0.422s][info   ][gc,phases      ] GC(125)   Other: 0.1ms
[0.422s][info   ][gc,heap        ] GC(125) Eden regions: 0->0(12)
[0.422s][info   ][gc,heap        ] GC(125) Survivor regions: 0->0(2)
[0.422s][info   ][gc,heap        ] GC(125) Old regions: 142->142
[0.422s][info   ][gc,heap        ] GC(125) Humongous regions: 114->113
[0.422s][info   ][gc,metaspace   ] GC(125) Metaspace: 3896K->3896K(1056768K)
[0.422s][info   ][gc             ] GC(125) Pause Young (Normal) (G1 Evacuation Pause) 244M->243M(256M) 0.231ms
[0.422s][info   ][gc,cpu         ] GC(125) User=0.00s Sys=0.00s Real=0.00s
[0.422s][info   ][gc,start       ] GC(126) Pause Young (Normal) (G1 Evacuation Pause)
[0.422s][info   ][gc,task        ] GC(126) Using 6 workers of 13 for evacuation
[0.422s][info   ][gc             ] GC(126) To-space exhausted
[0.422s][info   ][gc,phases      ] GC(126)   Pre Evacuate Collection Set: 0.0ms
[0.422s][info   ][gc,phases      ] GC(126)   Evacuate Collection Set: 0.1ms
[0.422s][info   ][gc,phases      ] GC(126)   Post Evacuate Collection Set: 0.1ms
[0.422s][info   ][gc,phases      ] GC(126)   Other: 0.1ms
[0.422s][info   ][gc,heap        ] GC(126) Eden regions: 1->0(12)
[0.422s][info   ][gc,heap        ] GC(126) Survivor regions: 0->0(2)
[0.422s][info   ][gc,heap        ] GC(126) Old regions: 142->143
[0.422s][info   ][gc,heap        ] GC(126) Humongous regions: 113->113
[0.422s][info   ][gc,metaspace   ] GC(126) Metaspace: 3896K->3896K(1056768K)
[0.422s][info   ][gc             ] GC(126) Pause Young (Normal) (G1 Evacuation Pause) 244M->244M(256M) 0.288ms
[0.422s][info   ][gc,cpu         ] GC(126) User=0.00s Sys=0.00s Real=0.00s
[0.422s][info   ][gc,task        ] GC(127) Using 6 workers of 13 for full compaction
[0.422s][info   ][gc,start       ] GC(127) Pause Full (G1 Evacuation Pause)
[0.422s][info   ][gc,phases,start] GC(127) Phase 1: Mark live objects
[0.423s][info   ][gc,stringtable ] GC(127) Cleaned string and symbol table, strings: 1523 processed, 0 removed, symbols: 17835 processed, 0 removed
[0.423s][info   ][gc,phases      ] GC(127) Phase 1: Mark live objects 0.533ms
[0.423s][info   ][gc,phases,start] GC(127) Phase 2: Prepare for compaction
[0.423s][info   ][gc,phases      ] GC(127) Phase 2: Prepare for compaction 0.287ms
[0.423s][info   ][gc,phases,start] GC(127) Phase 3: Adjust pointers
[0.424s][info   ][gc,phases      ] GC(127) Phase 3: Adjust pointers 0.234ms
[0.424s][info   ][gc,phases,start] GC(127) Phase 4: Compact heap
[0.425s][info   ][gc,phases      ] GC(127) Phase 4: Compact heap 1.453ms
[0.425s][info   ][gc,heap        ] GC(127) Eden regions: 0->0(12)
[0.425s][info   ][gc,heap        ] GC(127) Survivor regions: 0->0(2)
[0.425s][info   ][gc,heap        ] GC(127) Old regions: 143->141
[0.425s][info   ][gc,heap        ] GC(127) Humongous regions: 113->113
[0.425s][info   ][gc,metaspace   ] GC(127) Metaspace: 3896K->3896K(1056768K)
[0.425s][info   ][gc             ] GC(127) Pause Full (G1 Evacuation Pause) 244M->241M(256M) 3.020ms
[0.425s][info   ][gc,cpu         ] GC(127) User=0.01s Sys=0.00s Real=0.00s
[0.425s][info   ][gc,marking     ] GC(124) Concurrent Mark From Roots 4.032ms
[0.425s][info   ][gc,marking     ] GC(124) Concurrent Mark Abort
[0.425s][info   ][gc             ] GC(124) Concurrent Cycle 4.108ms
[0.426s][info   ][gc,start       ] GC(128) Pause Young (Normal) (G1 Evacuation Pause)
[0.426s][info   ][gc,task        ] GC(128) Using 6 workers of 13 for evacuation
[0.426s][info   ][gc             ] GC(128) To-space exhausted
[0.426s][info   ][gc,phases      ] GC(128)   Pre Evacuate Collection Set: 0.0ms
[0.426s][info   ][gc,phases      ] GC(128)   Evacuate Collection Set: 0.1ms
[0.426s][info   ][gc,phases      ] GC(128)   Post Evacuate Collection Set: 0.1ms
[0.426s][info   ][gc,phases      ] GC(128)   Other: 0.1ms
[0.426s][info   ][gc,heap        ] GC(128) Eden regions: 2->0(12)
[0.426s][info   ][gc,heap        ] GC(128) Survivor regions: 0->0(2)
[0.426s][info   ][gc,heap        ] GC(128) Old regions: 141->143
[0.426s][info   ][gc,heap        ] GC(128) Humongous regions: 113->113
[0.426s][info   ][gc,metaspace   ] GC(128) Metaspace: 3896K->3896K(1056768K)
[0.426s][info   ][gc             ] GC(128) Pause Young (Normal) (G1 Evacuation Pause) 243M->243M(256M) 0.312ms
[0.426s][info   ][gc,cpu         ] GC(128) User=0.00s Sys=0.00s Real=0.00s
[0.426s][info   ][gc,task        ] GC(129) Using 6 workers of 13 for full compaction
[0.426s][info   ][gc,start       ] GC(129) Pause Full (G1 Evacuation Pause)
[0.426s][info   ][gc,phases,start] GC(129) Phase 1: Mark live objects
[0.427s][info   ][gc,stringtable ] GC(129) Cleaned string and symbol table, strings: 1523 processed, 0 removed, symbols: 17835 processed, 0 removed
[0.427s][info   ][gc,phases      ] GC(129) Phase 1: Mark live objects 0.525ms
[0.427s][info   ][gc,phases,start] GC(129) Phase 2: Prepare for compaction
[0.427s][info   ][gc,phases      ] GC(129) Phase 2: Prepare for compaction 0.169ms
[0.427s][info   ][gc,phases,start] GC(129) Phase 3: Adjust pointers
[0.427s][info   ][gc,phases      ] GC(129) Phase 3: Adjust pointers 0.258ms
[0.427s][info   ][gc,phases,start] GC(129) Phase 4: Compact heap
[0.429s][info   ][gc,phases      ] GC(129) Phase 4: Compact heap 2.190ms
[0.430s][info   ][gc,heap        ] GC(129) Eden regions: 0->0(12)
[0.430s][info   ][gc,heap        ] GC(129) Survivor regions: 0->0(2)
[0.430s][info   ][gc,heap        ] GC(129) Old regions: 143->141
[0.430s][info   ][gc,heap        ] GC(129) Humongous regions: 113->113
[0.430s][info   ][gc,metaspace   ] GC(129) Metaspace: 3896K->3896K(1056768K)
[0.430s][info   ][gc             ] GC(129) Pause Full (G1 Evacuation Pause) 243M->242M(256M) 3.509ms
[0.430s][info   ][gc,cpu         ] GC(129) User=0.01s Sys=0.00s Real=0.01s
[0.430s][info   ][gc,start       ] GC(130) Pause Young (Concurrent Start) (G1 Evacuation Pause)
[0.430s][info   ][gc,task        ] GC(130) Using 6 workers of 13 for evacuation
[0.430s][info   ][gc             ] GC(130) To-space exhausted
[0.430s][info   ][gc,phases      ] GC(130)   Pre Evacuate Collection Set: 0.0ms
[0.430s][info   ][gc,phases      ] GC(130)   Evacuate Collection Set: 0.1ms
[0.431s][info   ][gc,phases      ] GC(130)   Post Evacuate Collection Set: 0.1ms
[0.431s][info   ][gc,phases      ] GC(130)   Other: 0.1ms
[0.431s][info   ][gc,heap        ] GC(130) Eden regions: 2->0(12)
[0.431s][info   ][gc,heap        ] GC(130) Survivor regions: 0->0(2)
[0.431s][info   ][gc,heap        ] GC(130) Old regions: 141->143
[0.431s][info   ][gc,heap        ] GC(130) Humongous regions: 113->113
[0.431s][info   ][gc,metaspace   ] GC(130) Metaspace: 3896K->3896K(1056768K)
[0.431s][info   ][gc             ] GC(130) Pause Young (Concurrent Start) (G1 Evacuation Pause) 243M->243M(256M) 0.375ms
[0.431s][info   ][gc,cpu         ] GC(130) User=0.00s Sys=0.00s Real=0.00s
[0.431s][info   ][gc,task        ] GC(131) Using 6 workers of 13 for full compaction
[0.431s][info   ][gc             ] GC(132) Concurrent Cycle
[0.431s][info   ][gc,start       ] GC(131) Pause Full (G1 Evacuation Pause)
[0.431s][info   ][gc,marking     ] GC(132) Concurrent Clear Claimed Marks
[0.431s][info   ][gc,marking     ] GC(132) Concurrent Clear Claimed Marks 0.028ms
[0.431s][info   ][gc,marking     ] GC(132) Concurrent Scan Root Regions
[0.431s][info   ][gc,marking     ] GC(132) Concurrent Scan Root Regions 0.007ms
[0.431s][info   ][gc,marking     ] GC(132) Concurrent Mark (0.431s)
[0.431s][info   ][gc,marking     ] GC(132) Concurrent Mark From Roots
[0.431s][info   ][gc,task        ] GC(132) Using 3 workers of 3 for marking
[0.431s][info   ][gc,phases,start] GC(131) Phase 1: Mark live objects
[0.431s][info   ][gc,stringtable ] GC(131) Cleaned string and symbol table, strings: 1523 processed, 0 removed, symbols: 17835 processed, 0 removed
[0.432s][info   ][gc,phases      ] GC(131) Phase 1: Mark live objects 0.559ms
[0.432s][info   ][gc,phases,start] GC(131) Phase 2: Prepare for compaction
[0.432s][info   ][gc,phases      ] GC(131) Phase 2: Prepare for compaction 0.160ms
[0.432s][info   ][gc,phases,start] GC(131) Phase 3: Adjust pointers
[0.432s][info   ][gc,phases      ] GC(131) Phase 3: Adjust pointers 0.242ms
[0.432s][info   ][gc,phases,start] GC(131) Phase 4: Compact heap
[0.433s][info   ][gc,phases      ] GC(131) Phase 4: Compact heap 1.166ms
[0.433s][info   ][gc,heap        ] GC(131) Eden regions: 0->0(12)
[0.433s][info   ][gc,heap        ] GC(131) Survivor regions: 0->0(2)
[0.433s][info   ][gc,heap        ] GC(131) Old regions: 143->141
[0.433s][info   ][gc,heap        ] GC(131) Humongous regions: 113->113
[0.433s][info   ][gc,metaspace   ] GC(131) Metaspace: 3896K->3896K(1056768K)
[0.433s][info   ][gc             ] GC(131) Pause Full (G1 Evacuation Pause) 243M->242M(256M) 2.712ms
[0.433s][info   ][gc,cpu         ] GC(131) User=0.01s Sys=0.00s Real=0.00s
[0.433s][info   ][gc,marking     ] GC(132) Concurrent Mark From Roots 2.753ms
[0.433s][info   ][gc,marking     ] GC(132) Concurrent Mark Abort
[0.433s][info   ][gc             ] GC(132) Concurrent Cycle 2.879ms
[0.434s][info   ][gc,start       ] GC(133) Pause Young (Normal) (G1 Evacuation Pause)
[0.434s][info   ][gc,task        ] GC(133) Using 6 workers of 13 for evacuation
[0.434s][info   ][gc             ] GC(133) To-space exhausted
[0.434s][info   ][gc,phases      ] GC(133)   Pre Evacuate Collection Set: 0.0ms
[0.434s][info   ][gc,phases      ] GC(133)   Evacuate Collection Set: 0.1ms
[0.434s][info   ][gc,phases      ] GC(133)   Post Evacuate Collection Set: 0.1ms
[0.434s][info   ][gc,phases      ] GC(133)   Other: 0.1ms
[0.434s][info   ][gc,heap        ] GC(133) Eden regions: 2->0(12)
[0.434s][info   ][gc,heap        ] GC(133) Survivor regions: 0->0(2)
[0.434s][info   ][gc,heap        ] GC(133) Old regions: 141->143
[0.434s][info   ][gc,heap        ] GC(133) Humongous regions: 113->113
[0.434s][info   ][gc,metaspace   ] GC(133) Metaspace: 3896K->3896K(1056768K)
[0.434s][info   ][gc             ] GC(133) Pause Young (Normal) (G1 Evacuation Pause) 244M->244M(256M) 0.352ms
[0.434s][info   ][gc,cpu         ] GC(133) User=0.00s Sys=0.00s Real=0.00s
[0.434s][info   ][gc,task        ] GC(134) Using 6 workers of 13 for full compaction
[0.434s][info   ][gc,start       ] GC(134) Pause Full (G1 Evacuation Pause)
[0.434s][info   ][gc,phases,start] GC(134) Phase 1: Mark live objects
[0.435s][info   ][gc,stringtable ] GC(134) Cleaned string and symbol table, strings: 1523 processed, 0 removed, symbols: 17835 processed, 0 removed
[0.435s][info   ][gc,phases      ] GC(134) Phase 1: Mark live objects 0.502ms
[0.435s][info   ][gc,phases,start] GC(134) Phase 2: Prepare for compaction
[0.435s][info   ][gc,phases      ] GC(134) Phase 2: Prepare for compaction 0.145ms
[0.435s][info   ][gc,phases,start] GC(134) Phase 3: Adjust pointers
[0.435s][info   ][gc,phases      ] GC(134) Phase 3: Adjust pointers 0.249ms
[0.435s][info   ][gc,phases,start] GC(134) Phase 4: Compact heap
[0.437s][info   ][gc,phases      ] GC(134) Phase 4: Compact heap 2.095ms
[0.438s][info   ][gc,heap        ] GC(134) Eden regions: 0->0(12)
[0.438s][info   ][gc,heap        ] GC(134) Survivor regions: 0->0(2)
[0.438s][info   ][gc,heap        ] GC(134) Old regions: 143->139
[0.438s][info   ][gc,heap        ] GC(134) Humongous regions: 113->113
[0.438s][info   ][gc,metaspace   ] GC(134) Metaspace: 3896K->3896K(1056768K)
[0.438s][info   ][gc             ] GC(134) Pause Full (G1 Evacuation Pause) 244M->242M(256M) 3.351ms
[0.438s][info   ][gc,cpu         ] GC(134) User=0.01s Sys=0.00s Real=0.00s
[0.438s][info   ][gc,start       ] GC(135) Pause Young (Concurrent Start) (G1 Humongous Allocation)
[0.438s][info   ][gc,task        ] GC(135) Using 6 workers of 13 for evacuation
[0.438s][info   ][gc,phases      ] GC(135)   Pre Evacuate Collection Set: 0.0ms
[0.438s][info   ][gc,phases      ] GC(135)   Evacuate Collection Set: 0.1ms
[0.438s][info   ][gc,phases      ] GC(135)   Post Evacuate Collection Set: 0.1ms
[0.438s][info   ][gc,phases      ] GC(135)   Other: 0.1ms
[0.438s][info   ][gc,heap        ] GC(135) Eden regions: 2->0(11)
[0.438s][info   ][gc,heap        ] GC(135) Survivor regions: 0->1(2)
[0.438s][info   ][gc,heap        ] GC(135) Old regions: 139->139
[0.438s][info   ][gc,heap        ] GC(135) Humongous regions: 113->113
[0.438s][info   ][gc,metaspace   ] GC(135) Metaspace: 3896K->3896K(1056768K)
[0.438s][info   ][gc             ] GC(135) Pause Young (Concurrent Start) (G1 Humongous Allocation) 243M->243M(256M) 0.374ms
[0.438s][info   ][gc,cpu         ] GC(135) User=0.00s Sys=0.00s Real=0.00s
[0.439s][info   ][gc             ] GC(136) Concurrent Cycle
[0.439s][info   ][gc,marking     ] GC(136) Concurrent Clear Claimed Marks
[0.439s][info   ][gc,marking     ] GC(136) Concurrent Clear Claimed Marks 0.008ms
[0.439s][info   ][gc,marking     ] GC(136) Concurrent Scan Root Regions
[0.439s][info   ][gc,marking     ] GC(136) Concurrent Scan Root Regions 0.028ms
[0.439s][info   ][gc,marking     ] GC(136) Concurrent Mark (0.439s)
[0.439s][info   ][gc,marking     ] GC(136) Concurrent Mark From Roots
[0.439s][info   ][gc,task        ] GC(136) Using 3 workers of 3 for marking
[0.439s][info   ][gc,start       ] GC(137) Pause Young (Normal) (G1 Humongous Allocation)
[0.439s][info   ][gc,task        ] GC(137) Using 6 workers of 13 for evacuation
[0.439s][info   ][gc             ] GC(137) To-space exhausted
[0.439s][info   ][gc,phases      ] GC(137)   Pre Evacuate Collection Set: 0.0ms
[0.439s][info   ][gc,phases      ] GC(137)   Evacuate Collection Set: 0.1ms
[0.439s][info   ][gc,phases      ] GC(137)   Post Evacuate Collection Set: 0.1ms
[0.439s][info   ][gc,phases      ] GC(137)   Other: 0.1ms
[0.439s][info   ][gc,heap        ] GC(137) Eden regions: 2->0(12)
[0.439s][info   ][gc,heap        ] GC(137) Survivor regions: 1->0(2)
[0.439s][info   ][gc,heap        ] GC(137) Old regions: 139->141
[0.439s][info   ][gc,heap        ] GC(137) Humongous regions: 114->113
[0.439s][info   ][gc,metaspace   ] GC(137) Metaspace: 3896K->3896K(1056768K)
[0.439s][info   ][gc             ] GC(137) Pause Young (Normal) (G1 Humongous Allocation) 245M->244M(256M) 0.322ms
[0.439s][info   ][gc,cpu         ] GC(137) User=0.00s Sys=0.00s Real=0.00s
[0.440s][info   ][gc,start       ] GC(138) Pause Young (Normal) (G1 Evacuation Pause)
[0.440s][info   ][gc,task        ] GC(138) Using 6 workers of 13 for evacuation
[0.440s][info   ][gc             ] GC(138) To-space exhausted
[0.440s][info   ][gc,phases      ] GC(138)   Pre Evacuate Collection Set: 0.0ms
[0.440s][info   ][gc,phases      ] GC(138)   Evacuate Collection Set: 0.0ms
[0.440s][info   ][gc,phases      ] GC(138)   Post Evacuate Collection Set: 0.1ms
[0.440s][info   ][gc,phases      ] GC(138)   Other: 0.1ms
[0.440s][info   ][gc,heap        ] GC(138) Eden regions: 1->0(12)
[0.440s][info   ][gc,heap        ] GC(138) Survivor regions: 0->0(2)
[0.440s][info   ][gc,heap        ] GC(138) Old regions: 141->142
[0.440s][info   ][gc,heap        ] GC(138) Humongous regions: 114->113
[0.440s][info   ][gc,metaspace   ] GC(138) Metaspace: 3896K->3896K(1056768K)
[0.440s][info   ][gc             ] GC(138) Pause Young (Normal) (G1 Evacuation Pause) 246M->245M(256M) 0.273ms
[0.440s][info   ][gc,cpu         ] GC(138) User=0.00s Sys=0.00s Real=0.01s
[0.440s][info   ][gc,start       ] GC(139) Pause Young (Normal) (G1 Humongous Allocation)
[0.440s][info   ][gc,task        ] GC(139) Using 6 workers of 13 for evacuation
[0.440s][info   ][gc,phases      ] GC(139)   Pre Evacuate Collection Set: 0.0ms
[0.440s][info   ][gc,phases      ] GC(139)   Evacuate Collection Set: 0.0ms
[0.440s][info   ][gc,phases      ] GC(139)   Post Evacuate Collection Set: 0.1ms
[0.440s][info   ][gc,phases      ] GC(139)   Other: 0.1ms
[0.440s][info   ][gc,heap        ] GC(139) Eden regions: 1->0(12)
[0.440s][info   ][gc,heap        ] GC(139) Survivor regions: 0->0(2)
[0.440s][info   ][gc,heap        ] GC(139) Old regions: 142->142
[0.440s][info   ][gc,heap        ] GC(139) Humongous regions: 113->113
[0.440s][info   ][gc,metaspace   ] GC(139) Metaspace: 3896K->3896K(1056768K)
[0.440s][info   ][gc             ] GC(139) Pause Young (Normal) (G1 Humongous Allocation) 245M->245M(256M) 0.229ms
[0.440s][info   ][gc,cpu         ] GC(139) User=0.00s Sys=0.00s Real=0.00s
[0.440s][info   ][gc,start       ] GC(140) Pause Young (Normal) (G1 Evacuation Pause)
[0.440s][info   ][gc,task        ] GC(140) Using 6 workers of 13 for evacuation
[0.440s][info   ][gc,phases      ] GC(140)   Pre Evacuate Collection Set: 0.0ms
[0.441s][info   ][gc,phases      ] GC(140)   Evacuate Collection Set: 0.0ms
[0.441s][info   ][gc,phases      ] GC(140)   Post Evacuate Collection Set: 0.0ms
[0.441s][info   ][gc,phases      ] GC(140)   Other: 0.1ms
[0.441s][info   ][gc,heap        ] GC(140) Eden regions: 0->0(12)
[0.441s][info   ][gc,heap        ] GC(140) Survivor regions: 0->0(2)
[0.441s][info   ][gc,heap        ] GC(140) Old regions: 142->142
[0.441s][info   ][gc,heap        ] GC(140) Humongous regions: 114->114
[0.441s][info   ][gc,metaspace   ] GC(140) Metaspace: 3896K->3896K(1056768K)
[0.441s][info   ][gc             ] GC(140) Pause Young (Normal) (G1 Evacuation Pause) 246M->246M(256M) 0.214ms
[0.441s][info   ][gc,cpu         ] GC(140) User=0.00s Sys=0.01s Real=0.00s
[0.441s][info   ][gc,task        ] GC(141) Using 6 workers of 13 for full compaction
[0.441s][info   ][gc,start       ] GC(141) Pause Full (G1 Evacuation Pause)
[0.441s][info   ][gc,phases,start] GC(141) Phase 1: Mark live objects
[0.441s][info   ][gc,stringtable ] GC(141) Cleaned string and symbol table, strings: 1523 processed, 0 removed, symbols: 17835 processed, 0 removed
[0.441s][info   ][gc,phases      ] GC(141) Phase 1: Mark live objects 0.511ms
[0.441s][info   ][gc,phases,start] GC(141) Phase 2: Prepare for compaction
[0.442s][info   ][gc,phases      ] GC(141) Phase 2: Prepare for compaction 0.150ms
[0.442s][info   ][gc,phases,start] GC(141) Phase 3: Adjust pointers
[0.442s][info   ][gc,phases      ] GC(141) Phase 3: Adjust pointers 0.219ms
[0.442s][info   ][gc,phases,start] GC(141) Phase 4: Compact heap
[0.443s][info   ][gc,phases      ] GC(141) Phase 4: Compact heap 0.885ms
[0.443s][info   ][gc,heap        ] GC(141) Eden regions: 0->0(12)
[0.443s][info   ][gc,heap        ] GC(141) Survivor regions: 0->0(2)
[0.443s][info   ][gc,heap        ] GC(141) Old regions: 142->140
[0.443s][info   ][gc,heap        ] GC(141) Humongous regions: 114->114
[0.443s][info   ][gc,metaspace   ] GC(141) Metaspace: 3896K->3896K(1056768K)
[0.443s][info   ][gc             ] GC(141) Pause Full (G1 Evacuation Pause) 246M->243M(256M) 2.300ms
[0.443s][info   ][gc,cpu         ] GC(141) User=0.01s Sys=0.00s Real=0.00s
[0.443s][info   ][gc,marking     ] GC(136) Concurrent Mark From Roots 4.441ms
[0.443s][info   ][gc,marking     ] GC(136) Concurrent Mark Abort
[0.443s][info   ][gc             ] GC(136) Concurrent Cycle 4.552ms
[0.443s][info   ][gc,start       ] GC(142) Pause Young (Concurrent Start) (G1 Humongous Allocation)
[0.443s][info   ][gc,task        ] GC(142) Using 6 workers of 13 for evacuation
[0.443s][info   ][gc             ] GC(142) To-space exhausted
[0.443s][info   ][gc,phases      ] GC(142)   Pre Evacuate Collection Set: 0.0ms
[0.443s][info   ][gc,phases      ] GC(142)   Evacuate Collection Set: 0.1ms
[0.443s][info   ][gc,phases      ] GC(142)   Post Evacuate Collection Set: 0.1ms
[0.444s][info   ][gc,phases      ] GC(142)   Other: 0.1ms
[0.444s][info   ][gc,heap        ] GC(142) Eden regions: 2->0(12)
[0.444s][info   ][gc,heap        ] GC(142) Survivor regions: 0->0(2)
[0.444s][info   ][gc,heap        ] GC(142) Old regions: 140->142
[0.444s][info   ][gc,heap        ] GC(142) Humongous regions: 114->114
[0.444s][info   ][gc,metaspace   ] GC(142) Metaspace: 3896K->3896K(1056768K)
[0.444s][info   ][gc             ] GC(142) Pause Young (Concurrent Start) (G1 Humongous Allocation) 245M->245M(256M) 0.396ms
[0.444s][info   ][gc,cpu         ] GC(142) User=0.00s Sys=0.00s Real=0.00s
[0.444s][info   ][gc             ] GC(143) Concurrent Cycle
[0.444s][info   ][gc,marking     ] GC(143) Concurrent Clear Claimed Marks
[0.444s][info   ][gc,marking     ] GC(143) Concurrent Clear Claimed Marks 0.007ms
[0.444s][info   ][gc,marking     ] GC(143) Concurrent Scan Root Regions
[0.444s][info   ][gc,marking     ] GC(143) Concurrent Scan Root Regions 0.006ms
[0.444s][info   ][gc,marking     ] GC(143) Concurrent Mark (0.444s)
[0.444s][info   ][gc,marking     ] GC(143) Concurrent Mark From Roots
[0.444s][info   ][gc,task        ] GC(143) Using 3 workers of 3 for marking
[0.444s][info   ][gc,start       ] GC(144) Pause Young (Normal) (G1 Humongous Allocation)
[0.444s][info   ][gc,task        ] GC(144) Using 6 workers of 13 for evacuation
[0.444s][info   ][gc,phases      ] GC(144)   Pre Evacuate Collection Set: 0.0ms
[0.444s][info   ][gc,phases      ] GC(144)   Evacuate Collection Set: 0.0ms
[0.444s][info   ][gc,phases      ] GC(144)   Post Evacuate Collection Set: 0.0ms
[0.444s][info   ][gc,phases      ] GC(144)   Other: 0.1ms
[0.444s][info   ][gc,heap        ] GC(144) Eden regions: 0->0(12)
[0.444s][info   ][gc,heap        ] GC(144) Survivor regions: 0->0(2)
[0.444s][info   ][gc,heap        ] GC(144) Old regions: 142->142
[0.444s][info   ][gc,heap        ] GC(144) Humongous regions: 114->114
[0.444s][info   ][gc,metaspace   ] GC(144) Metaspace: 3896K->3896K(1056768K)
[0.444s][info   ][gc             ] GC(144) Pause Young (Normal) (G1 Humongous Allocation) 245M->245M(256M) 0.213ms
[0.444s][info   ][gc,cpu         ] GC(144) User=0.00s Sys=0.00s Real=0.00s
[0.444s][info   ][gc,task        ] GC(145) Using 6 workers of 13 for full compaction
[0.444s][info   ][gc,start       ] GC(145) Pause Full (G1 Humongous Allocation)
[0.444s][info   ][gc,phases,start] GC(145) Phase 1: Mark live objects
[0.445s][info   ][gc,stringtable ] GC(145) Cleaned string and symbol table, strings: 1523 processed, 0 removed, symbols: 17835 processed, 0 removed
[0.445s][info   ][gc,phases      ] GC(145) Phase 1: Mark live objects 0.493ms
[0.445s][info   ][gc,phases,start] GC(145) Phase 2: Prepare for compaction
[0.445s][info   ][gc,phases      ] GC(145) Phase 2: Prepare for compaction 0.145ms
[0.445s][info   ][gc,phases,start] GC(145) Phase 3: Adjust pointers
[0.445s][info   ][gc,phases      ] GC(145) Phase 3: Adjust pointers 0.231ms
[0.445s][info   ][gc,phases,start] GC(145) Phase 4: Compact heap
[0.446s][info   ][gc,phases      ] GC(145) Phase 4: Compact heap 1.257ms
[0.447s][info   ][gc,heap        ] GC(145) Eden regions: 0->0(12)
[0.447s][info   ][gc,heap        ] GC(145) Survivor regions: 0->0(2)
[0.447s][info   ][gc,heap        ] GC(145) Old regions: 142->142
[0.447s][info   ][gc,heap        ] GC(145) Humongous regions: 114->113
[0.447s][info   ][gc,metaspace   ] GC(145) Metaspace: 3896K->3896K(1056768K)
[0.447s][info   ][gc             ] GC(145) Pause Full (G1 Humongous Allocation) 245M->243M(256M) 2.651ms
[0.447s][info   ][gc,cpu         ] GC(145) User=0.01s Sys=0.00s Real=0.00s
[0.447s][info   ][gc,marking     ] GC(143) Concurrent Mark From Roots 3.037ms
[0.447s][info   ][gc,marking     ] GC(143) Concurrent Mark Abort
[0.447s][info   ][gc             ] GC(143) Concurrent Cycle 3.102ms
[0.447s][info   ][gc,start       ] GC(146) Pause Young (Normal) (G1 Evacuation Pause)
[0.447s][info   ][gc,task        ] GC(146) Using 6 workers of 13 for evacuation
[0.447s][info   ][gc,phases      ] GC(146)   Pre Evacuate Collection Set: 0.0ms
[0.447s][info   ][gc,phases      ] GC(146)   Evacuate Collection Set: 0.0ms
[0.447s][info   ][gc,phases      ] GC(146)   Post Evacuate Collection Set: 0.1ms
[0.447s][info   ][gc,phases      ] GC(146)   Other: 0.1ms
[0.447s][info   ][gc,heap        ] GC(146) Eden regions: 0->0(12)
[0.447s][info   ][gc,heap        ] GC(146) Survivor regions: 0->0(2)
[0.447s][info   ][gc,heap        ] GC(146) Old regions: 142->142
[0.447s][info   ][gc,heap        ] GC(146) Humongous regions: 114->114
[0.447s][info   ][gc,metaspace   ] GC(146) Metaspace: 3896K->3896K(1056768K)
[0.447s][info   ][gc             ] GC(146) Pause Young (Normal) (G1 Evacuation Pause) 244M->244M(256M) 0.214ms
[0.447s][info   ][gc,cpu         ] GC(146) User=0.00s Sys=0.00s Real=0.00s
[0.447s][info   ][gc,task        ] GC(147) Using 6 workers of 13 for full compaction
[0.447s][info   ][gc,start       ] GC(147) Pause Full (G1 Evacuation Pause)
[0.447s][info   ][gc,phases,start] GC(147) Phase 1: Mark live objects
[0.448s][info   ][gc,stringtable ] GC(147) Cleaned string and symbol table, strings: 1523 processed, 0 removed, symbols: 17835 processed, 0 removed
[0.448s][info   ][gc,phases      ] GC(147) Phase 1: Mark live objects 0.451ms
[0.448s][info   ][gc,phases,start] GC(147) Phase 2: Prepare for compaction
[0.448s][info   ][gc,phases      ] GC(147) Phase 2: Prepare for compaction 0.134ms
[0.448s][info   ][gc,phases,start] GC(147) Phase 3: Adjust pointers
[0.448s][info   ][gc,phases      ] GC(147) Phase 3: Adjust pointers 0.208ms
[0.448s][info   ][gc,phases,start] GC(147) Phase 4: Compact heap
[0.451s][info   ][gc,phases      ] GC(147) Phase 4: Compact heap 3.007ms
[0.451s][info   ][gc,heap        ] GC(147) Eden regions: 0->0(12)
[0.451s][info   ][gc,heap        ] GC(147) Survivor regions: 0->0(2)
[0.451s][info   ][gc,heap        ] GC(147) Old regions: 142->141
[0.451s][info   ][gc,heap        ] GC(147) Humongous regions: 114->113
[0.451s][info   ][gc,metaspace   ] GC(147) Metaspace: 3896K->3896K(1056768K)
[0.451s][info   ][gc             ] GC(147) Pause Full (G1 Evacuation Pause) 244M->243M(256M) 4.207ms
[0.451s][info   ][gc,cpu         ] GC(147) User=0.01s Sys=0.00s Real=0.01s
[0.452s][info   ][gc,start       ] GC(148) Pause Young (Concurrent Start) (G1 Humongous Allocation)
[0.452s][info   ][gc,task        ] GC(148) Using 6 workers of 13 for evacuation
[0.452s][info   ][gc,phases      ] GC(148)   Pre Evacuate Collection Set: 0.0ms
[0.452s][info   ][gc,phases      ] GC(148)   Evacuate Collection Set: 0.1ms
[0.452s][info   ][gc,phases      ] GC(148)   Post Evacuate Collection Set: 0.1ms
[0.452s][info   ][gc,phases      ] GC(148)   Other: 0.1ms
[0.452s][info   ][gc,heap        ] GC(148) Eden regions: 1->0(11)
[0.452s][info   ][gc,heap        ] GC(148) Survivor regions: 0->1(2)
[0.452s][info   ][gc,heap        ] GC(148) Old regions: 141->141
[0.452s][info   ][gc,heap        ] GC(148) Humongous regions: 113->113
[0.452s][info   ][gc,metaspace   ] GC(148) Metaspace: 3896K->3896K(1056768K)
[0.452s][info   ][gc             ] GC(148) Pause Young (Concurrent Start) (G1 Humongous Allocation) 244M->244M(256M) 0.345ms
[0.452s][info   ][gc,cpu         ] GC(148) User=0.00s Sys=0.00s Real=0.00s
[0.452s][info   ][gc             ] GC(149) Concurrent Cycle
[0.452s][info   ][gc,marking     ] GC(149) Concurrent Clear Claimed Marks
[0.452s][info   ][gc,marking     ] GC(149) Concurrent Clear Claimed Marks 0.009ms
[0.452s][info   ][gc,marking     ] GC(149) Concurrent Scan Root Regions
[0.452s][info   ][gc,marking     ] GC(149) Concurrent Scan Root Regions 0.018ms
[0.452s][info   ][gc,marking     ] GC(149) Concurrent Mark (0.452s)
[0.452s][info   ][gc,marking     ] GC(149) Concurrent Mark From Roots
[0.452s][info   ][gc,task        ] GC(149) Using 3 workers of 3 for marking
[0.452s][info   ][gc,start       ] GC(150) Pause Young (Normal) (G1 Evacuation Pause)
[0.452s][info   ][gc,task        ] GC(150) Using 6 workers of 13 for evacuation
[0.452s][info   ][gc             ] GC(150) To-space exhausted
[0.452s][info   ][gc,phases      ] GC(150)   Pre Evacuate Collection Set: 0.0ms
[0.452s][info   ][gc,phases      ] GC(150)   Evacuate Collection Set: 0.0ms
[0.452s][info   ][gc,phases      ] GC(150)   Post Evacuate Collection Set: 0.1ms
[0.452s][info   ][gc,phases      ] GC(150)   Other: 0.1ms
[0.452s][info   ][gc,heap        ] GC(150) Eden regions: 0->0(12)
[0.452s][info   ][gc,heap        ] GC(150) Survivor regions: 1->0(2)
[0.452s][info   ][gc,heap        ] GC(150) Old regions: 141->142
[0.452s][info   ][gc,heap        ] GC(150) Humongous regions: 114->113
[0.452s][info   ][gc,metaspace   ] GC(150) Metaspace: 3896K->3896K(1056768K)
[0.452s][info   ][gc             ] GC(150) Pause Young (Normal) (G1 Evacuation Pause) 245M->244M(256M) 0.259ms
[0.452s][info   ][gc,cpu         ] GC(150) User=0.00s Sys=0.00s Real=0.00s
[0.453s][info   ][gc,start       ] GC(151) Pause Young (Normal) (G1 Humongous Allocation)
[0.453s][info   ][gc,task        ] GC(151) Using 6 workers of 13 for evacuation
[0.453s][info   ][gc             ] GC(151) To-space exhausted
[0.453s][info   ][gc,phases      ] GC(151)   Pre Evacuate Collection Set: 0.0ms
[0.453s][info   ][gc,phases      ] GC(151)   Evacuate Collection Set: 0.0ms
[0.453s][info   ][gc,phases      ] GC(151)   Post Evacuate Collection Set: 0.1ms
[0.453s][info   ][gc,phases      ] GC(151)   Other: 0.1ms
[0.453s][info   ][gc,heap        ] GC(151) Eden regions: 1->0(12)
[0.453s][info   ][gc,heap        ] GC(151) Survivor regions: 0->0(2)
[0.453s][info   ][gc,heap        ] GC(151) Old regions: 142->143
[0.453s][info   ][gc,heap        ] GC(151) Humongous regions: 113->113
[0.453s][info   ][gc,metaspace   ] GC(151) Metaspace: 3896K->3896K(1056768K)
[0.453s][info   ][gc             ] GC(151) Pause Young (Normal) (G1 Humongous Allocation) 244M->244M(256M) 0.286ms
[0.453s][info   ][gc,cpu         ] GC(151) User=0.00s Sys=0.00s Real=0.00s
[0.453s][info   ][gc,task        ] GC(152) Using 6 workers of 13 for full compaction
[0.453s][info   ][gc,start       ] GC(152) Pause Full (G1 Humongous Allocation)
[0.453s][info   ][gc,phases,start] GC(152) Phase 1: Mark live objects
[0.454s][info   ][gc,stringtable ] GC(152) Cleaned string and symbol table, strings: 1523 processed, 0 removed, symbols: 17835 processed, 0 removed
[0.454s][info   ][gc,phases      ] GC(152) Phase 1: Mark live objects 0.510ms
[0.454s][info   ][gc,phases,start] GC(152) Phase 2: Prepare for compaction
[0.454s][info   ][gc,phases      ] GC(152) Phase 2: Prepare for compaction 0.152ms
[0.454s][info   ][gc,phases,start] GC(152) Phase 3: Adjust pointers
[0.454s][info   ][gc,phases      ] GC(152) Phase 3: Adjust pointers 0.210ms
[0.454s][info   ][gc,phases,start] GC(152) Phase 4: Compact heap
[0.455s][info   ][gc,phases      ] GC(152) Phase 4: Compact heap 1.216ms
[0.456s][info   ][gc,heap        ] GC(152) Eden regions: 0->0(12)
[0.456s][info   ][gc,heap        ] GC(152) Survivor regions: 0->0(2)
[0.456s][info   ][gc,heap        ] GC(152) Old regions: 143->142
[0.456s][info   ][gc,heap        ] GC(152) Humongous regions: 113->113
[0.456s][info   ][gc,metaspace   ] GC(152) Metaspace: 3896K->3896K(1056768K)
[0.456s][info   ][gc             ] GC(152) Pause Full (G1 Humongous Allocation) 244M->243M(256M) 2.654ms
[0.456s][info   ][gc,cpu         ] GC(152) User=0.01s Sys=0.00s Real=0.00s
[0.456s][info   ][gc,marking     ] GC(149) Concurrent Mark From Roots 3.669ms
[0.456s][info   ][gc,marking     ] GC(149) Concurrent Mark Abort
[0.456s][info   ][gc             ] GC(149) Concurrent Cycle 3.765ms
[0.456s][info   ][gc,start       ] GC(153) Pause Young (Normal) (G1 Evacuation Pause)
[0.456s][info   ][gc,task        ] GC(153) Using 6 workers of 13 for evacuation
[0.456s][info   ][gc,phases      ] GC(153)   Pre Evacuate Collection Set: 0.0ms
[0.456s][info   ][gc,phases      ] GC(153)   Evacuate Collection Set: 0.0ms
[0.456s][info   ][gc,phases      ] GC(153)   Post Evacuate Collection Set: 0.0ms
[0.456s][info   ][gc,phases      ] GC(153)   Other: 0.1ms
[0.456s][info   ][gc,heap        ] GC(153) Eden regions: 0->0(12)
[0.456s][info   ][gc,heap        ] GC(153) Survivor regions: 0->0(2)
[0.456s][info   ][gc,heap        ] GC(153) Old regions: 142->142
[0.456s][info   ][gc,heap        ] GC(153) Humongous regions: 114->113
[0.456s][info   ][gc,metaspace   ] GC(153) Metaspace: 3896K->3896K(1056768K)
[0.456s][info   ][gc             ] GC(153) Pause Young (Normal) (G1 Evacuation Pause) 244M->243M(256M) 0.199ms
[0.456s][info   ][gc,cpu         ] GC(153) User=0.00s Sys=0.00s Real=0.00s
[0.456s][info   ][gc,start       ] GC(154) Pause Young (Concurrent Start) (G1 Evacuation Pause)
[0.456s][info   ][gc,task        ] GC(154) Using 6 workers of 13 for evacuation
[0.456s][info   ][gc             ] GC(154) To-space exhausted
[0.456s][info   ][gc,phases      ] GC(154)   Pre Evacuate Collection Set: 0.0ms
[0.456s][info   ][gc,phases      ] GC(154)   Evacuate Collection Set: 0.1ms
[0.456s][info   ][gc,phases      ] GC(154)   Post Evacuate Collection Set: 0.1ms
[0.456s][info   ][gc,phases      ] GC(154)   Other: 0.1ms
[0.456s][info   ][gc,heap        ] GC(154) Eden regions: 1->0(12)
[0.456s][info   ][gc,heap        ] GC(154) Survivor regions: 0->0(2)
[0.456s][info   ][gc,heap        ] GC(154) Old regions: 142->143
[0.456s][info   ][gc,heap        ] GC(154) Humongous regions: 113->113
[0.456s][info   ][gc,metaspace   ] GC(154) Metaspace: 3896K->3896K(1056768K)
[0.456s][info   ][gc             ] GC(154) Pause Young (Concurrent Start) (G1 Evacuation Pause) 243M->243M(256M) 0.310ms
[0.456s][info   ][gc,cpu         ] GC(154) User=0.00s Sys=0.00s Real=0.00s
[0.456s][info   ][gc             ] GC(156) Concurrent Cycle
[0.457s][info   ][gc,marking     ] GC(156) Concurrent Clear Claimed Marks
[0.456s][info   ][gc,task        ] GC(155) Using 6 workers of 13 for full compaction
[0.457s][info   ][gc,marking     ] GC(156) Concurrent Clear Claimed Marks 0.010ms
[0.457s][info   ][gc,marking     ] GC(156) Concurrent Scan Root Regions
[0.457s][info   ][gc,marking     ] GC(156) Concurrent Scan Root Regions 0.009ms
[0.457s][info   ][gc,marking     ] GC(156) Concurrent Mark (0.457s)
[0.457s][info   ][gc,marking     ] GC(156) Concurrent Mark From Roots
[0.457s][info   ][gc,task        ] GC(156) Using 3 workers of 3 for marking
[0.457s][info   ][gc,start       ] GC(155) Pause Full (G1 Evacuation Pause)
[0.457s][info   ][gc,phases,start] GC(155) Phase 1: Mark live objects
[0.457s][info   ][gc,stringtable ] GC(155) Cleaned string and symbol table, strings: 1523 processed, 0 removed, symbols: 17835 processed, 0 removed
[0.457s][info   ][gc,phases      ] GC(155) Phase 1: Mark live objects 0.460ms
[0.457s][info   ][gc,phases,start] GC(155) Phase 2: Prepare for compaction
[0.457s][info   ][gc,phases      ] GC(155) Phase 2: Prepare for compaction 0.133ms
[0.457s][info   ][gc,phases,start] GC(155) Phase 3: Adjust pointers
[0.458s][info   ][gc,phases      ] GC(155) Phase 3: Adjust pointers 0.216ms
[0.458s][info   ][gc,phases,start] GC(155) Phase 4: Compact heap
[0.461s][info   ][gc,phases      ] GC(155) Phase 4: Compact heap 3.599ms
[0.462s][info   ][gc,heap        ] GC(155) Eden regions: 0->0(12)
[0.462s][info   ][gc,heap        ] GC(155) Survivor regions: 0->0(2)
[0.462s][info   ][gc,heap        ] GC(155) Old regions: 143->143
[0.462s][info   ][gc,heap        ] GC(155) Humongous regions: 113->111
[0.462s][info   ][gc,metaspace   ] GC(155) Metaspace: 3896K->3896K(1056768K)
[0.462s][info   ][gc             ] GC(155) Pause Full (G1 Evacuation Pause) 243M->241M(256M) 5.056ms
[0.462s][info   ][gc,cpu         ] GC(155) User=0.01s Sys=0.00s Real=0.01s
[0.462s][info   ][gc,marking     ] GC(156) Concurrent Mark From Roots 5.142ms
[0.462s][info   ][gc,marking     ] GC(156) Concurrent Mark Abort
[0.462s][info   ][gc             ] GC(156) Concurrent Cycle 5.259ms
[0.462s][info   ][gc,start       ] GC(157) Pause Young (Normal) (G1 Evacuation Pause)
[0.462s][info   ][gc,task        ] GC(157) Using 6 workers of 13 for evacuation
[0.462s][info   ][gc             ] GC(157) To-space exhausted
[0.462s][info   ][gc,phases      ] GC(157)   Pre Evacuate Collection Set: 0.0ms
[0.462s][info   ][gc,phases      ] GC(157)   Evacuate Collection Set: 0.1ms
[0.462s][info   ][gc,phases      ] GC(157)   Post Evacuate Collection Set: 0.1ms
[0.462s][info   ][gc,phases      ] GC(157)   Other: 0.1ms
[0.462s][info   ][gc,heap        ] GC(157) Eden regions: 2->0(12)
[0.462s][info   ][gc,heap        ] GC(157) Survivor regions: 0->0(2)
[0.462s][info   ][gc,heap        ] GC(157) Old regions: 143->145
[0.462s][info   ][gc,heap        ] GC(157) Humongous regions: 111->111
[0.462s][info   ][gc,metaspace   ] GC(157) Metaspace: 3896K->3896K(1056768K)
[0.462s][info   ][gc             ] GC(157) Pause Young (Normal) (G1 Evacuation Pause) 243M->243M(256M) 0.349ms
[0.462s][info   ][gc,cpu         ] GC(157) User=0.00s Sys=0.00s Real=0.00s
[0.462s][info   ][gc,task        ] GC(158) Using 6 workers of 13 for full compaction
[0.462s][info   ][gc,start       ] GC(158) Pause Full (G1 Evacuation Pause)
[0.462s][info   ][gc,phases,start] GC(158) Phase 1: Mark live objects
[0.463s][info   ][gc,stringtable ] GC(158) Cleaned string and symbol table, strings: 1523 processed, 0 removed, symbols: 17835 processed, 0 removed
[0.463s][info   ][gc,phases      ] GC(158) Phase 1: Mark live objects 0.571ms
[0.463s][info   ][gc,phases,start] GC(158) Phase 2: Prepare for compaction
[0.463s][info   ][gc,phases      ] GC(158) Phase 2: Prepare for compaction 0.174ms
[0.463s][info   ][gc,phases,start] GC(158) Phase 3: Adjust pointers
[0.463s][info   ][gc,phases      ] GC(158) Phase 3: Adjust pointers 0.239ms
[0.463s][info   ][gc,phases,start] GC(158) Phase 4: Compact heap
[0.466s][info   ][gc,phases      ] GC(158) Phase 4: Compact heap 2.118ms
[0.466s][info   ][gc,heap        ] GC(158) Eden regions: 0->0(12)
[0.466s][info   ][gc,heap        ] GC(158) Survivor regions: 0->0(2)
[0.466s][info   ][gc,heap        ] GC(158) Old regions: 145->142
[0.466s][info   ][gc,heap        ] GC(158) Humongous regions: 111->111
[0.466s][info   ][gc,metaspace   ] GC(158) Metaspace: 3896K->3896K(1056768K)
[0.466s][info   ][gc             ] GC(158) Pause Full (G1 Evacuation Pause) 243M->241M(256M) 3.445ms
[0.466s][info   ][gc,cpu         ] GC(158) User=0.02s Sys=0.00s Real=0.00s
[0.466s][info   ][gc,start       ] GC(159) Pause Young (Concurrent Start) (G1 Evacuation Pause)
[0.466s][info   ][gc,task        ] GC(159) Using 6 workers of 13 for evacuation
[0.467s][info   ][gc             ] GC(159) To-space exhausted
[0.467s][info   ][gc,phases      ] GC(159)   Pre Evacuate Collection Set: 0.0ms
[0.467s][info   ][gc,phases      ] GC(159)   Evacuate Collection Set: 0.1ms
[0.467s][info   ][gc,phases      ] GC(159)   Post Evacuate Collection Set: 0.1ms
[0.467s][info   ][gc,phases      ] GC(159)   Other: 0.1ms
[0.467s][info   ][gc,heap        ] GC(159) Eden regions: 3->0(12)
[0.467s][info   ][gc,heap        ] GC(159) Survivor regions: 0->0(2)
[0.467s][info   ][gc,heap        ] GC(159) Old regions: 142->145
[0.467s][info   ][gc,heap        ] GC(159) Humongous regions: 111->111
[0.467s][info   ][gc,metaspace   ] GC(159) Metaspace: 3896K->3896K(1056768K)
[0.467s][info   ][gc             ] GC(159) Pause Young (Concurrent Start) (G1 Evacuation Pause) 244M->244M(256M) 0.427ms
[0.467s][info   ][gc,cpu         ] GC(159) User=0.00s Sys=0.00s Real=0.00s
[0.467s][info   ][gc,task        ] GC(160) Using 6 workers of 13 for full compaction
[0.467s][info   ][gc             ] GC(161) Concurrent Cycle
[0.467s][info   ][gc,start       ] GC(160) Pause Full (G1 Evacuation Pause)
[0.467s][info   ][gc,marking     ] GC(161) Concurrent Clear Claimed Marks
[0.467s][info   ][gc,marking     ] GC(161) Concurrent Clear Claimed Marks 0.026ms
[0.467s][info   ][gc,marking     ] GC(161) Concurrent Scan Root Regions
[0.467s][info   ][gc,marking     ] GC(161) Concurrent Scan Root Regions 0.006ms
[0.467s][info   ][gc,marking     ] GC(161) Concurrent Mark (0.467s)
[0.467s][info   ][gc,marking     ] GC(161) Concurrent Mark From Roots
[0.467s][info   ][gc,task        ] GC(161) Using 3 workers of 3 for marking
[0.467s][info   ][gc,phases,start] GC(160) Phase 1: Mark live objects
[0.468s][info   ][gc,stringtable ] GC(160) Cleaned string and symbol table, strings: 1523 processed, 0 removed, symbols: 17835 processed, 0 removed
[0.468s][info   ][gc,phases      ] GC(160) Phase 1: Mark live objects 0.583ms
[0.468s][info   ][gc,phases,start] GC(160) Phase 2: Prepare for compaction
[0.468s][info   ][gc,phases      ] GC(160) Phase 2: Prepare for compaction 0.154ms
[0.468s][info   ][gc,phases,start] GC(160) Phase 3: Adjust pointers
[0.468s][info   ][gc,phases      ] GC(160) Phase 3: Adjust pointers 0.234ms
[0.468s][info   ][gc,phases,start] GC(160) Phase 4: Compact heap
[0.470s][info   ][gc,phases      ] GC(160) Phase 4: Compact heap 1.915ms
[0.470s][info   ][gc,heap        ] GC(160) Eden regions: 0->0(12)
[0.470s][info   ][gc,heap        ] GC(160) Survivor regions: 0->0(2)
[0.470s][info   ][gc,heap        ] GC(160) Old regions: 145->143
[0.470s][info   ][gc,heap        ] GC(160) Humongous regions: 111->111
[0.470s][info   ][gc,metaspace   ] GC(160) Metaspace: 3896K->3896K(1056768K)
[0.470s][info   ][gc             ] GC(160) Pause Full (G1 Evacuation Pause) 244M->241M(256M) 3.504ms
[0.470s][info   ][gc,cpu         ] GC(160) User=0.01s Sys=0.00s Real=0.01s
[0.471s][info   ][gc,marking     ] GC(161) Concurrent Mark From Roots 3.555ms
[0.471s][info   ][gc,marking     ] GC(161) Concurrent Mark Abort
[0.471s][info   ][gc             ] GC(161) Concurrent Cycle 3.660ms
[0.471s][info   ][gc,start       ] GC(162) Pause Young (Normal) (G1 Evacuation Pause)
[0.471s][info   ][gc,task        ] GC(162) Using 6 workers of 13 for evacuation
[0.471s][info   ][gc             ] GC(162) To-space exhausted
[0.471s][info   ][gc,phases      ] GC(162)   Pre Evacuate Collection Set: 0.0ms
[0.471s][info   ][gc,phases      ] GC(162)   Evacuate Collection Set: 0.1ms
[0.471s][info   ][gc,phases      ] GC(162)   Post Evacuate Collection Set: 0.1ms
[0.471s][info   ][gc,phases      ] GC(162)   Other: 0.1ms
[0.471s][info   ][gc,heap        ] GC(162) Eden regions: 2->0(12)
[0.471s][info   ][gc,heap        ] GC(162) Survivor regions: 0->0(2)
[0.471s][info   ][gc,heap        ] GC(162) Old regions: 143->145
[0.471s][info   ][gc,heap        ] GC(162) Humongous regions: 111->111
[0.471s][info   ][gc,metaspace   ] GC(162) Metaspace: 3896K->3896K(1056768K)
[0.471s][info   ][gc             ] GC(162) Pause Young (Normal) (G1 Evacuation Pause) 243M->243M(256M) 0.318ms
[0.471s][info   ][gc,cpu         ] GC(162) User=0.00s Sys=0.00s Real=0.00s
[0.471s][info   ][gc,task        ] GC(163) Using 6 workers of 13 for full compaction
[0.471s][info   ][gc,start       ] GC(163) Pause Full (G1 Evacuation Pause)
[0.471s][info   ][gc,phases,start] GC(163) Phase 1: Mark live objects
[0.472s][info   ][gc,stringtable ] GC(163) Cleaned string and symbol table, strings: 1523 processed, 0 removed, symbols: 17835 processed, 0 removed
[0.472s][info   ][gc,phases      ] GC(163) Phase 1: Mark live objects 0.522ms
[0.472s][info   ][gc,phases,start] GC(163) Phase 2: Prepare for compaction
[0.472s][info   ][gc,phases      ] GC(163) Phase 2: Prepare for compaction 0.160ms
[0.472s][info   ][gc,phases,start] GC(163) Phase 3: Adjust pointers
[0.472s][info   ][gc,phases      ] GC(163) Phase 3: Adjust pointers 0.298ms
[0.472s][info   ][gc,phases,start] GC(163) Phase 4: Compact heap
[0.473s][info   ][gc,phases      ] GC(163) Phase 4: Compact heap 1.010ms
[0.474s][info   ][gc,heap        ] GC(163) Eden regions: 0->0(12)
[0.474s][info   ][gc,heap        ] GC(163) Survivor regions: 0->0(2)
[0.474s][info   ][gc,heap        ] GC(163) Old regions: 145->143
[0.474s][info   ][gc,heap        ] GC(163) Humongous regions: 111->111
[0.474s][info   ][gc,metaspace   ] GC(163) Metaspace: 3896K->3896K(1056768K)
[0.474s][info   ][gc             ] GC(163) Pause Full (G1 Evacuation Pause) 243M->241M(256M) 2.347ms
[0.474s][info   ][gc,cpu         ] GC(163) User=0.01s Sys=0.00s Real=0.00s
[0.474s][info   ][gc,start       ] GC(164) Pause Young (Concurrent Start) (G1 Humongous Allocation)
[0.474s][info   ][gc,task        ] GC(164) Using 6 workers of 13 for evacuation
[0.474s][info   ][gc,phases      ] GC(164)   Pre Evacuate Collection Set: 0.0ms
[0.474s][info   ][gc,phases      ] GC(164)   Evacuate Collection Set: 0.1ms
[0.474s][info   ][gc,phases      ] GC(164)   Post Evacuate Collection Set: 0.0ms
[0.474s][info   ][gc,phases      ] GC(164)   Other: 0.1ms
[0.474s][info   ][gc,heap        ] GC(164) Eden regions: 1->0(11)
[0.474s][info   ][gc,heap        ] GC(164) Survivor regions: 0->1(2)
[0.474s][info   ][gc,heap        ] GC(164) Old regions: 143->143
[0.474s][info   ][gc,heap        ] GC(164) Humongous regions: 111->111
[0.474s][info   ][gc,metaspace   ] GC(164) Metaspace: 3896K->3896K(1056768K)
[0.474s][info   ][gc             ] GC(164) Pause Young (Concurrent Start) (G1 Humongous Allocation) 242M->241M(256M) 0.312ms
[0.474s][info   ][gc,cpu         ] GC(164) User=0.00s Sys=0.00s Real=0.00s
[0.474s][info   ][gc             ] GC(165) Concurrent Cycle
[0.474s][info   ][gc,marking     ] GC(165) Concurrent Clear Claimed Marks
[0.474s][info   ][gc,marking     ] GC(165) Concurrent Clear Claimed Marks 0.009ms
[0.474s][info   ][gc,marking     ] GC(165) Concurrent Scan Root Regions
[0.474s][info   ][gc,marking     ] GC(165) Concurrent Scan Root Regions 0.024ms
[0.474s][info   ][gc,marking     ] GC(165) Concurrent Mark (0.474s)
[0.474s][info   ][gc,marking     ] GC(165) Concurrent Mark From Roots
[0.474s][info   ][gc,task        ] GC(165) Using 3 workers of 3 for marking
[0.474s][info   ][gc,start       ] GC(166) Pause Young (Normal) (G1 Evacuation Pause)
[0.474s][info   ][gc,task        ] GC(166) Using 6 workers of 13 for evacuation
[0.475s][info   ][gc             ] GC(166) To-space exhausted
[0.475s][info   ][gc,phases      ] GC(166)   Pre Evacuate Collection Set: 0.0ms
[0.475s][info   ][gc,phases      ] GC(166)   Evacuate Collection Set: 0.1ms
[0.475s][info   ][gc,phases      ] GC(166)   Post Evacuate Collection Set: 0.1ms
[0.475s][info   ][gc,phases      ] GC(166)   Other: 0.1ms
[0.475s][info   ][gc,heap        ] GC(166) Eden regions: 0->0(12)
[0.475s][info   ][gc,heap        ] GC(166) Survivor regions: 1->0(2)
[0.475s][info   ][gc,heap        ] GC(166) Old regions: 143->144
[0.475s][info   ][gc,heap        ] GC(166) Humongous regions: 112->111
[0.475s][info   ][gc,metaspace   ] GC(166) Metaspace: 3896K->3896K(1056768K)
[0.475s][info   ][gc             ] GC(166) Pause Young (Normal) (G1 Evacuation Pause) 242M->241M(256M) 0.288ms
[0.475s][info   ][gc,cpu         ] GC(166) User=0.00s Sys=0.00s Real=0.00s
[0.475s][info   ][gc,start       ] GC(167) Pause Young (Normal) (G1 Humongous Allocation)
[0.475s][info   ][gc,task        ] GC(167) Using 6 workers of 13 for evacuation
[0.475s][info   ][gc             ] GC(167) To-space exhausted
[0.475s][info   ][gc,phases      ] GC(167)   Pre Evacuate Collection Set: 0.0ms
[0.475s][info   ][gc,phases      ] GC(167)   Evacuate Collection Set: 0.0ms
[0.475s][info   ][gc,phases      ] GC(167)   Post Evacuate Collection Set: 0.1ms
[0.475s][info   ][gc,phases      ] GC(167)   Other: 0.1ms
[0.475s][info   ][gc,heap        ] GC(167) Eden regions: 1->0(12)
[0.475s][info   ][gc,heap        ] GC(167) Survivor regions: 0->0(2)
[0.475s][info   ][gc,heap        ] GC(167) Old regions: 144->145
[0.475s][info   ][gc,heap        ] GC(167) Humongous regions: 111->111
[0.475s][info   ][gc,metaspace   ] GC(167) Metaspace: 3896K->3896K(1056768K)
[0.475s][info   ][gc             ] GC(167) Pause Young (Normal) (G1 Humongous Allocation) 242M->242M(256M) 0.279ms
[0.475s][info   ][gc,cpu         ] GC(167) User=0.00s Sys=0.00s Real=0.00s
[0.475s][info   ][gc,task        ] GC(168) Using 6 workers of 13 for full compaction
[0.475s][info   ][gc,start       ] GC(168) Pause Full (G1 Humongous Allocation)
[0.476s][info   ][gc,phases,start] GC(168) Phase 1: Mark live objects
[0.476s][info   ][gc,stringtable ] GC(168) Cleaned string and symbol table, strings: 1523 processed, 0 removed, symbols: 17835 processed, 0 removed
[0.476s][info   ][gc,phases      ] GC(168) Phase 1: Mark live objects 0.472ms
[0.476s][info   ][gc,phases,start] GC(168) Phase 2: Prepare for compaction
[0.476s][info   ][gc,phases      ] GC(168) Phase 2: Prepare for compaction 0.200ms
[0.476s][info   ][gc,phases,start] GC(168) Phase 3: Adjust pointers
[0.477s][info   ][gc,phases      ] GC(168) Phase 3: Adjust pointers 0.214ms
[0.477s][info   ][gc,phases,start] GC(168) Phase 4: Compact heap
[0.479s][info   ][gc,phases      ] GC(168) Phase 4: Compact heap 2.202ms
[0.479s][info   ][gc,heap        ] GC(168) Eden regions: 0->0(12)
[0.479s][info   ][gc,heap        ] GC(168) Survivor regions: 0->0(2)
[0.479s][info   ][gc,heap        ] GC(168) Old regions: 145->144
[0.479s][info   ][gc,heap        ] GC(168) Humongous regions: 111->111
[0.479s][info   ][gc,metaspace   ] GC(168) Metaspace: 3896K->3896K(1056768K)
[0.479s][info   ][gc             ] GC(168) Pause Full (G1 Humongous Allocation) 242M->242M(256M) 3.646ms
[0.479s][info   ][gc,cpu         ] GC(168) User=0.01s Sys=0.00s Real=0.00s
[0.479s][info   ][gc,marking     ] GC(165) Concurrent Mark From Roots 4.681ms
[0.479s][info   ][gc,marking     ] GC(165) Concurrent Mark Abort
[0.479s][info   ][gc             ] GC(165) Concurrent Cycle 4.800ms
[0.479s][info   ][gc,start       ] GC(169) Pause Young (Normal) (G1 Evacuation Pause)
[0.479s][info   ][gc,task        ] GC(169) Using 6 workers of 13 for evacuation
[0.479s][info   ][gc,phases      ] GC(169)   Pre Evacuate Collection Set: 0.0ms
[0.479s][info   ][gc,phases      ] GC(169)   Evacuate Collection Set: 0.0ms
[0.479s][info   ][gc,phases      ] GC(169)   Post Evacuate Collection Set: 0.1ms
[0.479s][info   ][gc,phases      ] GC(169)   Other: 0.1ms
[0.479s][info   ][gc,heap        ] GC(169) Eden regions: 0->0(12)
[0.479s][info   ][gc,heap        ] GC(169) Survivor regions: 0->0(2)
[0.479s][info   ][gc,heap        ] GC(169) Old regions: 144->144
[0.479s][info   ][gc,heap        ] GC(169) Humongous regions: 112->112
[0.479s][info   ][gc,metaspace   ] GC(169) Metaspace: 3896K->3896K(1056768K)
[0.479s][info   ][gc             ] GC(169) Pause Young (Normal) (G1 Evacuation Pause) 243M->243M(256M) 0.231ms
[0.479s][info   ][gc,cpu         ] GC(169) User=0.00s Sys=0.00s Real=0.00s
[0.479s][info   ][gc,task        ] GC(170) Using 6 workers of 13 for full compaction
[0.479s][info   ][gc,start       ] GC(170) Pause Full (G1 Evacuation Pause)
[0.480s][info   ][gc,phases,start] GC(170) Phase 1: Mark live objects
[0.480s][info   ][gc,stringtable ] GC(170) Cleaned string and symbol table, strings: 1523 processed, 0 removed, symbols: 17835 processed, 0 removed
[0.480s][info   ][gc,phases      ] GC(170) Phase 1: Mark live objects 0.508ms
[0.480s][info   ][gc,phases,start] GC(170) Phase 2: Prepare for compaction
[0.480s][info   ][gc,phases      ] GC(170) Phase 2: Prepare for compaction 0.267ms
[0.480s][info   ][gc,phases,start] GC(170) Phase 3: Adjust pointers
[0.481s][info   ][gc,phases      ] GC(170) Phase 3: Adjust pointers 0.297ms
[0.481s][info   ][gc,phases,start] GC(170) Phase 4: Compact heap
[0.484s][info   ][gc,phases      ] GC(170) Phase 4: Compact heap 3.170ms
[0.484s][info   ][gc,heap        ] GC(170) Eden regions: 0->0(12)
[0.484s][info   ][gc,heap        ] GC(170) Survivor regions: 0->0(2)
[0.484s][info   ][gc,heap        ] GC(170) Old regions: 144->143
[0.484s][info   ][gc,heap        ] GC(170) Humongous regions: 112->112
[0.484s][info   ][gc,metaspace   ] GC(170) Metaspace: 3896K->3896K(1056768K)
[0.484s][info   ][gc             ] GC(170) Pause Full (G1 Evacuation Pause) 243M->243M(256M) 4.600ms
[0.484s][info   ][gc,cpu         ] GC(170) User=0.01s Sys=0.00s Real=0.01s
[0.485s][info   ][gc,start       ] GC(171) Pause Young (Concurrent Start) (G1 Evacuation Pause)
[0.485s][info   ][gc,task        ] GC(171) Using 6 workers of 13 for evacuation
[0.485s][info   ][gc             ] GC(171) To-space exhausted
[0.485s][info   ][gc,phases      ] GC(171)   Pre Evacuate Collection Set: 0.0ms
[0.485s][info   ][gc,phases      ] GC(171)   Evacuate Collection Set: 0.2ms
[0.485s][info   ][gc,phases      ] GC(171)   Post Evacuate Collection Set: 0.1ms
[0.485s][info   ][gc,phases      ] GC(171)   Other: 0.1ms
[0.485s][info   ][gc,heap        ] GC(171) Eden regions: 1->0(12)
[0.485s][info   ][gc,heap        ] GC(171) Survivor regions: 0->0(2)
[0.485s][info   ][gc,heap        ] GC(171) Old regions: 143->144
[0.485s][info   ][gc,heap        ] GC(171) Humongous regions: 112->112
[0.485s][info   ][gc,metaspace   ] GC(171) Metaspace: 3896K->3896K(1056768K)
[0.485s][info   ][gc             ] GC(171) Pause Young (Concurrent Start) (G1 Evacuation Pause) 244M->244M(256M) 0.513ms
[0.485s][info   ][gc,cpu         ] GC(171) User=0.00s Sys=0.00s Real=0.00s
[0.485s][info   ][gc,task        ] GC(172) Using 6 workers of 13 for full compaction
[0.485s][info   ][gc             ] GC(173) Concurrent Cycle
[0.485s][info   ][gc,start       ] GC(172) Pause Full (G1 Evacuation Pause)
[0.485s][info   ][gc,marking     ] GC(173) Concurrent Clear Claimed Marks
[0.485s][info   ][gc,marking     ] GC(173) Concurrent Clear Claimed Marks 0.029ms
[0.485s][info   ][gc,marking     ] GC(173) Concurrent Scan Root Regions
[0.485s][info   ][gc,marking     ] GC(173) Concurrent Scan Root Regions 0.007ms
[0.485s][info   ][gc,marking     ] GC(173) Concurrent Mark (0.485s)
[0.485s][info   ][gc,marking     ] GC(173) Concurrent Mark From Roots
[0.485s][info   ][gc,task        ] GC(173) Using 3 workers of 3 for marking
[0.485s][info   ][gc,phases,start] GC(172) Phase 1: Mark live objects
[0.486s][info   ][gc,stringtable ] GC(172) Cleaned string and symbol table, strings: 1523 processed, 0 removed, symbols: 17835 processed, 0 removed
[0.486s][info   ][gc,phases      ] GC(172) Phase 1: Mark live objects 0.585ms
[0.486s][info   ][gc,phases,start] GC(172) Phase 2: Prepare for compaction
[0.486s][info   ][gc,phases      ] GC(172) Phase 2: Prepare for compaction 0.171ms
[0.486s][info   ][gc,phases,start] GC(172) Phase 3: Adjust pointers
[0.486s][info   ][gc,phases      ] GC(172) Phase 3: Adjust pointers 0.226ms
[0.487s][info   ][gc,phases,start] GC(172) Phase 4: Compact heap
[0.488s][info   ][gc,phases      ] GC(172) Phase 4: Compact heap 1.920ms
[0.489s][info   ][gc,heap        ] GC(172) Eden regions: 0->0(12)
[0.489s][info   ][gc,heap        ] GC(172) Survivor regions: 0->0(2)
[0.489s][info   ][gc,heap        ] GC(172) Old regions: 144->144
[0.489s][info   ][gc,heap        ] GC(172) Humongous regions: 112->111
[0.489s][info   ][gc,metaspace   ] GC(172) Metaspace: 3896K->3896K(1056768K)
[0.489s][info   ][gc             ] GC(172) Pause Full (G1 Evacuation Pause) 244M->242M(256M) 3.523ms
[0.489s][info   ][gc,cpu         ] GC(172) User=0.01s Sys=0.00s Real=0.00s
[0.489s][info   ][gc,marking     ] GC(173) Concurrent Mark From Roots 3.565ms
[0.489s][info   ][gc,marking     ] GC(173) Concurrent Mark Abort
[0.489s][info   ][gc             ] GC(173) Concurrent Cycle 3.680ms
[0.489s][info   ][gc,start       ] GC(174) Pause Young (Concurrent Start) (G1 Humongous Allocation)
[0.489s][info   ][gc,task        ] GC(174) Using 6 workers of 13 for evacuation
[0.489s][info   ][gc             ] GC(174) To-space exhausted
[0.489s][info   ][gc,phases      ] GC(174)   Pre Evacuate Collection Set: 0.0ms
[0.489s][info   ][gc,phases      ] GC(174)   Evacuate Collection Set: 0.1ms
[0.489s][info   ][gc,phases      ] GC(174)   Post Evacuate Collection Set: 0.1ms
[0.489s][info   ][gc,phases      ] GC(174)   Other: 0.1ms
[0.489s][info   ][gc,heap        ] GC(174) Eden regions: 1->0(12)
[0.489s][info   ][gc,heap        ] GC(174) Survivor regions: 0->0(2)
[0.489s][info   ][gc,heap        ] GC(174) Old regions: 144->145
[0.489s][info   ][gc,heap        ] GC(174) Humongous regions: 111->111
[0.489s][info   ][gc,metaspace   ] GC(174) Metaspace: 3896K->3896K(1056768K)
[0.489s][info   ][gc             ] GC(174) Pause Young (Concurrent Start) (G1 Humongous Allocation) 242M->242M(256M) 0.407ms
[0.489s][info   ][gc,cpu         ] GC(174) User=0.00s Sys=0.00s Real=0.00s
[0.489s][info   ][gc             ] GC(175) Concurrent Cycle
[0.489s][info   ][gc,marking     ] GC(175) Concurrent Clear Claimed Marks
[0.489s][info   ][gc,marking     ] GC(175) Concurrent Clear Claimed Marks 0.008ms
[0.489s][info   ][gc,marking     ] GC(175) Concurrent Scan Root Regions
[0.489s][info   ][gc,marking     ] GC(175) Concurrent Scan Root Regions 0.007ms
[0.489s][info   ][gc,marking     ] GC(175) Concurrent Mark (0.489s)
[0.489s][info   ][gc,marking     ] GC(175) Concurrent Mark From Roots
[0.489s][info   ][gc,task        ] GC(175) Using 3 workers of 3 for marking
[0.489s][info   ][gc,start       ] GC(176) Pause Young (Normal) (G1 Humongous Allocation)
[0.489s][info   ][gc,task        ] GC(176) Using 6 workers of 13 for evacuation
[0.490s][info   ][gc,phases      ] GC(176)   Pre Evacuate Collection Set: 0.0ms
[0.490s][info   ][gc,phases      ] GC(176)   Evacuate Collection Set: 0.0ms
[0.490s][info   ][gc,phases      ] GC(176)   Post Evacuate Collection Set: 0.0ms
[0.490s][info   ][gc,phases      ] GC(176)   Other: 0.1ms
[0.490s][info   ][gc,heap        ] GC(176) Eden regions: 0->0(12)
[0.490s][info   ][gc,heap        ] GC(176) Survivor regions: 0->0(2)
[0.490s][info   ][gc,heap        ] GC(176) Old regions: 145->145
[0.490s][info   ][gc,heap        ] GC(176) Humongous regions: 111->111
[0.490s][info   ][gc,metaspace   ] GC(176) Metaspace: 3896K->3896K(1056768K)
[0.490s][info   ][gc             ] GC(176) Pause Young (Normal) (G1 Humongous Allocation) 242M->242M(256M) 0.233ms
[0.490s][info   ][gc,cpu         ] GC(176) User=0.00s Sys=0.00s Real=0.01s
[0.490s][info   ][gc,task        ] GC(177) Using 6 workers of 13 for full compaction
[0.490s][info   ][gc,start       ] GC(177) Pause Full (G1 Humongous Allocation)
[0.490s][info   ][gc,phases,start] GC(177) Phase 1: Mark live objects
[0.490s][info   ][gc,stringtable ] GC(177) Cleaned string and symbol table, strings: 1523 processed, 0 removed, symbols: 17835 processed, 0 removed
[0.491s][info   ][gc,phases      ] GC(177) Phase 1: Mark live objects 0.581ms
[0.491s][info   ][gc,phases,start] GC(177) Phase 2: Prepare for compaction
[0.491s][info   ][gc,phases      ] GC(177) Phase 2: Prepare for compaction 0.164ms
[0.491s][info   ][gc,phases,start] GC(177) Phase 3: Adjust pointers
[0.491s][info   ][gc,phases      ] GC(177) Phase 3: Adjust pointers 0.253ms
[0.491s][info   ][gc,phases,start] GC(177) Phase 4: Compact heap
[0.492s][info   ][gc,phases      ] GC(177) Phase 4: Compact heap 0.871ms
[0.492s][info   ][gc,heap        ] GC(177) Eden regions: 0->0(12)
[0.492s][info   ][gc,heap        ] GC(177) Survivor regions: 0->0(2)
[0.492s][info   ][gc,heap        ] GC(177) Old regions: 145->142
[0.492s][info   ][gc,heap        ] GC(177) Humongous regions: 111->111
[0.492s][info   ][gc,metaspace   ] GC(177) Metaspace: 3896K->3896K(1056768K)
[0.492s][info   ][gc             ] GC(177) Pause Full (G1 Humongous Allocation) 242M->242M(256M) 2.423ms
[0.492s][info   ][gc,cpu         ] GC(177) User=0.01s Sys=0.00s Real=0.00s
[0.492s][info   ][gc,marking     ] GC(175) Concurrent Mark From Roots 2.827ms
[0.492s][info   ][gc,marking     ] GC(175) Concurrent Mark Abort
[0.492s][info   ][gc             ] GC(175) Concurrent Cycle 2.900ms
[0.493s][info   ][gc,start       ] GC(178) Pause Young (Normal) (G1 Evacuation Pause)
[0.493s][info   ][gc,task        ] GC(178) Using 6 workers of 13 for evacuation
[0.493s][info   ][gc             ] GC(178) To-space exhausted
[0.493s][info   ][gc,phases      ] GC(178)   Pre Evacuate Collection Set: 0.0ms
[0.493s][info   ][gc,phases      ] GC(178)   Evacuate Collection Set: 0.1ms
[0.493s][info   ][gc,phases      ] GC(178)   Post Evacuate Collection Set: 0.1ms
[0.493s][info   ][gc,phases      ] GC(178)   Other: 0.1ms
[0.493s][info   ][gc,heap        ] GC(178) Eden regions: 2->0(12)
[0.493s][info   ][gc,heap        ] GC(178) Survivor regions: 0->0(2)
[0.493s][info   ][gc,heap        ] GC(178) Old regions: 142->144
[0.493s][info   ][gc,heap        ] GC(178) Humongous regions: 112->111
[0.493s][info   ][gc,metaspace   ] GC(178) Metaspace: 3896K->3896K(1056768K)
[0.493s][info   ][gc             ] GC(178) Pause Young (Normal) (G1 Evacuation Pause) 245M->244M(256M) 0.312ms
[0.493s][info   ][gc,cpu         ] GC(178) User=0.00s Sys=0.00s Real=0.00s
[0.493s][info   ][gc,start       ] GC(179) Pause Young (Concurrent Start) (G1 Evacuation Pause)
[0.493s][info   ][gc,task        ] GC(179) Using 6 workers of 13 for evacuation
[0.493s][info   ][gc             ] GC(179) To-space exhausted
[0.493s][info   ][gc,phases      ] GC(179)   Pre Evacuate Collection Set: 0.0ms
[0.493s][info   ][gc,phases      ] GC(179)   Evacuate Collection Set: 0.1ms
[0.493s][info   ][gc,phases      ] GC(179)   Post Evacuate Collection Set: 0.1ms
[0.493s][info   ][gc,phases      ] GC(179)   Other: 0.1ms
[0.493s][info   ][gc,heap        ] GC(179) Eden regions: 1->0(12)
[0.493s][info   ][gc,heap        ] GC(179) Survivor regions: 0->0(2)
[0.493s][info   ][gc,heap        ] GC(179) Old regions: 144->145
[0.493s][info   ][gc,heap        ] GC(179) Humongous regions: 111->111
[0.493s][info   ][gc,metaspace   ] GC(179) Metaspace: 3896K->3896K(1056768K)
[0.493s][info   ][gc             ] GC(179) Pause Young (Concurrent Start) (G1 Evacuation Pause) 244M->244M(256M) 0.332ms
[0.493s][info   ][gc,cpu         ] GC(179) User=0.00s Sys=0.01s Real=0.00s
[0.493s][info   ][gc,task        ] GC(180) Using 6 workers of 13 for full compaction
[0.493s][info   ][gc             ] GC(181) Concurrent Cycle
[0.494s][info   ][gc,marking     ] GC(181) Concurrent Clear Claimed Marks
[0.494s][info   ][gc,marking     ] GC(181) Concurrent Clear Claimed Marks 0.011ms
[0.494s][info   ][gc,marking     ] GC(181) Concurrent Scan Root Regions
[0.494s][info   ][gc,marking     ] GC(181) Concurrent Scan Root Regions 0.009ms
[0.494s][info   ][gc,marking     ] GC(181) Concurrent Mark (0.494s)
[0.494s][info   ][gc,start       ] GC(180) Pause Full (G1 Evacuation Pause)
[0.494s][info   ][gc,marking     ] GC(181) Concurrent Mark From Roots
[0.494s][info   ][gc,task        ] GC(181) Using 3 workers of 3 for marking
[0.494s][info   ][gc,phases,start] GC(180) Phase 1: Mark live objects
[0.494s][info   ][gc,stringtable ] GC(180) Cleaned string and symbol table, strings: 1523 processed, 0 removed, symbols: 17835 processed, 0 removed
[0.494s][info   ][gc,phases      ] GC(180) Phase 1: Mark live objects 0.502ms
[0.494s][info   ][gc,phases,start] GC(180) Phase 2: Prepare for compaction
[0.495s][info   ][gc,phases      ] GC(180) Phase 2: Prepare for compaction 0.154ms
[0.495s][info   ][gc,phases,start] GC(180) Phase 3: Adjust pointers
[0.495s][info   ][gc,phases      ] GC(180) Phase 3: Adjust pointers 0.245ms
[0.495s][info   ][gc,phases,start] GC(180) Phase 4: Compact heap
[0.496s][info   ][gc,phases      ] GC(180) Phase 4: Compact heap 1.617ms
[0.497s][info   ][gc,heap        ] GC(180) Eden regions: 0->0(12)
[0.497s][info   ][gc,heap        ] GC(180) Survivor regions: 0->0(2)
[0.497s][info   ][gc,heap        ] GC(180) Old regions: 145->142
[0.497s][info   ][gc,heap        ] GC(180) Humongous regions: 111->111
[0.497s][info   ][gc,metaspace   ] GC(180) Metaspace: 3896K->3896K(1056768K)
[0.497s][info   ][gc             ] GC(180) Pause Full (G1 Evacuation Pause) 244M->242M(256M) 3.148ms
[0.497s][info   ][gc,cpu         ] GC(180) User=0.01s Sys=0.00s Real=0.00s
[0.497s][info   ][gc,marking     ] GC(181) Concurrent Mark From Roots 3.210ms
[0.497s][info   ][gc,marking     ] GC(181) Concurrent Mark Abort
[0.497s][info   ][gc             ] GC(181) Concurrent Cycle 3.313ms
[0.497s][info   ][gc,start       ] GC(182) Pause Young (Concurrent Start) (G1 Humongous Allocation)
[0.497s][info   ][gc,task        ] GC(182) Using 6 workers of 13 for evacuation
[0.497s][info   ][gc,phases      ] GC(182)   Pre Evacuate Collection Set: 0.0ms
[0.497s][info   ][gc,phases      ] GC(182)   Evacuate Collection Set: 0.1ms
[0.497s][info   ][gc,phases      ] GC(182)   Post Evacuate Collection Set: 0.1ms
[0.497s][info   ][gc,phases      ] GC(182)   Other: 0.1ms
[0.497s][info   ][gc,heap        ] GC(182) Eden regions: 2->0(11)
[0.497s][info   ][gc,heap        ] GC(182) Survivor regions: 0->1(2)
[0.497s][info   ][gc,heap        ] GC(182) Old regions: 142->142
[0.497s][info   ][gc,heap        ] GC(182) Humongous regions: 111->111
[0.497s][info   ][gc,metaspace   ] GC(182) Metaspace: 3896K->3896K(1056768K)
[0.497s][info   ][gc             ] GC(182) Pause Young (Concurrent Start) (G1 Humongous Allocation) 243M->242M(256M) 0.366ms
[0.497s][info   ][gc,cpu         ] GC(182) User=0.00s Sys=0.00s Real=0.00s
[0.497s][info   ][gc             ] GC(183) Concurrent Cycle
[0.497s][info   ][gc,marking     ] GC(183) Concurrent Clear Claimed Marks
[0.497s][info   ][gc,marking     ] GC(183) Concurrent Clear Claimed Marks 0.007ms
[0.497s][info   ][gc,marking     ] GC(183) Concurrent Scan Root Regions
[0.497s][info   ][gc,marking     ] GC(183) Concurrent Scan Root Regions 0.017ms
[0.497s][info   ][gc,marking     ] GC(183) Concurrent Mark (0.497s)
[0.497s][info   ][gc,marking     ] GC(183) Concurrent Mark From Roots
[0.497s][info   ][gc,task        ] GC(183) Using 3 workers of 3 for marking
[0.498s][info   ][gc,start       ] GC(184) Pause Young (Normal) (G1 Humongous Allocation)
[0.498s][info   ][gc,task        ] GC(184) Using 6 workers of 13 for evacuation
[0.498s][info   ][gc             ] GC(184) To-space exhausted
[0.498s][info   ][gc,phases      ] GC(184)   Pre Evacuate Collection Set: 0.0ms
[0.498s][info   ][gc,phases      ] GC(184)   Evacuate Collection Set: 0.1ms
[0.498s][info   ][gc,phases      ] GC(184)   Post Evacuate Collection Set: 0.1ms
[0.498s][info   ][gc,phases      ] GC(184)   Other: 0.1ms
[0.498s][info   ][gc,heap        ] GC(184) Eden regions: 1->0(12)
[0.498s][info   ][gc,heap        ] GC(184) Survivor regions: 1->0(2)
[0.498s][info   ][gc,heap        ] GC(184) Old regions: 142->144
[0.498s][info   ][gc,heap        ] GC(184) Humongous regions: 112->111
[0.498s][info   ][gc,metaspace   ] GC(184) Metaspace: 3896K->3896K(1056768K)
[0.498s][info   ][gc             ] GC(184) Pause Young (Normal) (G1 Humongous Allocation) 244M->243M(256M) 0.314ms
[0.498s][info   ][gc,cpu         ] GC(184) User=0.00s Sys=0.00s Real=0.00s
[0.498s][info   ][gc,start       ] GC(185) Pause Young (Normal) (G1 Evacuation Pause)
[0.498s][info   ][gc,task        ] GC(185) Using 6 workers of 13 for evacuation
[0.498s][info   ][gc,phases      ] GC(185)   Pre Evacuate Collection Set: 0.0ms
[0.498s][info   ][gc,phases      ] GC(185)   Evacuate Collection Set: 0.0ms
[0.498s][info   ][gc,phases      ] GC(185)   Post Evacuate Collection Set: 0.1ms
[0.498s][info   ][gc,phases      ] GC(185)   Other: 0.1ms
[0.498s][info   ][gc,heap        ] GC(185) Eden regions: 0->0(12)
[0.498s][info   ][gc,heap        ] GC(185) Survivor regions: 0->0(2)
[0.498s][info   ][gc,heap        ] GC(185) Old regions: 144->144
[0.498s][info   ][gc,heap        ] GC(185) Humongous regions: 112->112
[0.498s][info   ][gc,metaspace   ] GC(185) Metaspace: 3896K->3896K(1056768K)
[0.498s][info   ][gc             ] GC(185) Pause Young (Normal) (G1 Evacuation Pause) 244M->244M(256M) 0.249ms
[0.498s][info   ][gc,cpu         ] GC(185) User=0.00s Sys=0.00s Real=0.00s
[0.498s][info   ][gc,task        ] GC(186) Using 6 workers of 13 for full compaction
[0.498s][info   ][gc,start       ] GC(186) Pause Full (G1 Evacuation Pause)
[0.499s][info   ][gc,phases,start] GC(186) Phase 1: Mark live objects
[0.499s][info   ][gc,stringtable ] GC(186) Cleaned string and symbol table, strings: 1523 processed, 0 removed, symbols: 17835 processed, 0 removed
[0.499s][info   ][gc,phases      ] GC(186) Phase 1: Mark live objects 0.532ms
[0.499s][info   ][gc,phases,start] GC(186) Phase 2: Prepare for compaction
[0.499s][info   ][gc,phases      ] GC(186) Phase 2: Prepare for compaction 0.187ms
[0.499s][info   ][gc,phases,start] GC(186) Phase 3: Adjust pointers
[0.500s][info   ][gc,phases      ] GC(186) Phase 3: Adjust pointers 0.216ms
[0.500s][info   ][gc,phases,start] GC(186) Phase 4: Compact heap
[0.501s][info   ][gc,phases      ] GC(186) Phase 4: Compact heap 1.261ms
[0.501s][info   ][gc,heap        ] GC(186) Eden regions: 0->0(12)
[0.501s][info   ][gc,heap        ] GC(186) Survivor regions: 0->0(2)
[0.501s][info   ][gc,heap        ] GC(186) Old regions: 144->143
[0.501s][info   ][gc,heap        ] GC(186) Humongous regions: 112->112
[0.501s][info   ][gc,metaspace   ] GC(186) Metaspace: 3896K->3896K(1056768K)
[0.501s][info   ][gc             ] GC(186) Pause Full (G1 Evacuation Pause) 244M->243M(256M) 2.735ms
[0.501s][info   ][gc,cpu         ] GC(186) User=0.01s Sys=0.00s Real=0.01s
[0.501s][info   ][gc,marking     ] GC(183) Concurrent Mark From Roots 3.701ms
[0.501s][info   ][gc,marking     ] GC(183) Concurrent Mark Abort
[0.501s][info   ][gc             ] GC(183) Concurrent Cycle 3.790ms
[0.501s][info   ][gc,start       ] GC(187) Pause Young (Concurrent Start) (G1 Humongous Allocation)
[0.501s][info   ][gc,task        ] GC(187) Using 6 workers of 13 for evacuation
[0.502s][info   ][gc             ] GC(187) To-space exhausted
[0.502s][info   ][gc,phases      ] GC(187)   Pre Evacuate Collection Set: 0.0ms
[0.502s][info   ][gc,phases      ] GC(187)   Evacuate Collection Set: 0.1ms
[0.502s][info   ][gc,phases      ] GC(187)   Post Evacuate Collection Set: 0.1ms
[0.502s][info   ][gc,phases      ] GC(187)   Other: 0.1ms
[0.502s][info   ][gc,heap        ] GC(187) Eden regions: 1->0(12)
[0.502s][info   ][gc,heap        ] GC(187) Survivor regions: 0->0(2)
[0.502s][info   ][gc,heap        ] GC(187) Old regions: 143->144
[0.502s][info   ][gc,heap        ] GC(187) Humongous regions: 112->112
[0.502s][info   ][gc,metaspace   ] GC(187) Metaspace: 3896K->3896K(1056768K)
[0.502s][info   ][gc             ] GC(187) Pause Young (Concurrent Start) (G1 Humongous Allocation) 243M->243M(256M) 0.367ms
[0.502s][info   ][gc,cpu         ] GC(187) User=0.00s Sys=0.00s Real=0.00s
[0.502s][info   ][gc             ] GC(188) Concurrent Cycle
[0.502s][info   ][gc,marking     ] GC(188) Concurrent Clear Claimed Marks
[0.502s][info   ][gc,marking     ] GC(188) Concurrent Clear Claimed Marks 0.007ms
[0.502s][info   ][gc,marking     ] GC(188) Concurrent Scan Root Regions
[0.502s][info   ][gc,marking     ] GC(188) Concurrent Scan Root Regions 0.007ms
[0.502s][info   ][gc,marking     ] GC(188) Concurrent Mark (0.502s)
[0.502s][info   ][gc,marking     ] GC(188) Concurrent Mark From Roots
[0.502s][info   ][gc,task        ] GC(188) Using 3 workers of 3 for marking
[0.502s][info   ][gc,start       ] GC(189) Pause Young (Normal) (G1 Humongous Allocation)
[0.502s][info   ][gc,task        ] GC(189) Using 6 workers of 13 for evacuation
[0.502s][info   ][gc,phases      ] GC(189)   Pre Evacuate Collection Set: 0.0ms
[0.502s][info   ][gc,phases      ] GC(189)   Evacuate Collection Set: 0.0ms
[0.502s][info   ][gc,phases      ] GC(189)   Post Evacuate Collection Set: 0.0ms
[0.502s][info   ][gc,phases      ] GC(189)   Other: 0.1ms
[0.502s][info   ][gc,heap        ] GC(189) Eden regions: 0->0(12)
[0.502s][info   ][gc,heap        ] GC(189) Survivor regions: 0->0(2)
[0.502s][info   ][gc,heap        ] GC(189) Old regions: 144->144
[0.502s][info   ][gc,heap        ] GC(189) Humongous regions: 112->112
[0.502s][info   ][gc,metaspace   ] GC(189) Metaspace: 3896K->3896K(1056768K)
[0.502s][info   ][gc             ] GC(189) Pause Young (Normal) (G1 Humongous Allocation) 243M->243M(256M) 0.234ms
[0.502s][info   ][gc,cpu         ] GC(189) User=0.00s Sys=0.00s Real=0.00s
[0.502s][info   ][gc,task        ] GC(190) Using 6 workers of 13 for full compaction
[0.502s][info   ][gc,start       ] GC(190) Pause Full (G1 Humongous Allocation)
[0.502s][info   ][gc,phases,start] GC(190) Phase 1: Mark live objects
[0.503s][info   ][gc,stringtable ] GC(190) Cleaned string and symbol table, strings: 1523 processed, 0 removed, symbols: 17835 processed, 0 removed
[0.503s][info   ][gc,phases      ] GC(190) Phase 1: Mark live objects 0.476ms
[0.503s][info   ][gc,phases,start] GC(190) Phase 2: Prepare for compaction
[0.503s][info   ][gc,phases      ] GC(190) Phase 2: Prepare for compaction 0.141ms
[0.503s][info   ][gc,phases,start] GC(190) Phase 3: Adjust pointers
[0.503s][info   ][gc,phases      ] GC(190) Phase 3: Adjust pointers 0.224ms
[0.503s][info   ][gc,phases,start] GC(190) Phase 4: Compact heap
[0.504s][info   ][gc,phases      ] GC(190) Phase 4: Compact heap 1.151ms
[0.504s][info   ][gc,heap        ] GC(190) Eden regions: 0->0(12)
[0.504s][info   ][gc,heap        ] GC(190) Survivor regions: 0->0(2)
[0.505s][info   ][gc,heap        ] GC(190) Old regions: 144->143
[0.505s][info   ][gc,heap        ] GC(190) Humongous regions: 112->112
[0.505s][info   ][gc,metaspace   ] GC(190) Metaspace: 3896K->3896K(1056768K)
[0.505s][info   ][gc             ] GC(190) Pause Full (G1 Humongous Allocation) 243M->243M(256M) 2.469ms
[0.505s][info   ][gc,cpu         ] GC(190) User=0.01s Sys=0.00s Real=0.00s
[0.505s][info   ][gc,marking     ] GC(188) Concurrent Mark From Roots 2.860ms
[0.505s][info   ][gc,marking     ] GC(188) Concurrent Mark Abort
[0.505s][info   ][gc             ] GC(188) Concurrent Cycle 2.937ms
[0.505s][info   ][gc,start       ] GC(191) Pause Young (Normal) (G1 Evacuation Pause)
[0.505s][info   ][gc,task        ] GC(191) Using 6 workers of 13 for evacuation
[0.505s][info   ][gc,phases      ] GC(191)   Pre Evacuate Collection Set: 0.0ms
[0.505s][info   ][gc,phases      ] GC(191)   Evacuate Collection Set: 0.0ms
[0.505s][info   ][gc,phases      ] GC(191)   Post Evacuate Collection Set: 0.0ms
[0.505s][info   ][gc,phases      ] GC(191)   Other: 0.1ms
[0.505s][info   ][gc,heap        ] GC(191) Eden regions: 0->0(12)
[0.505s][info   ][gc,heap        ] GC(191) Survivor regions: 0->0(2)
[0.505s][info   ][gc,heap        ] GC(191) Old regions: 143->143
[0.505s][info   ][gc,heap        ] GC(191) Humongous regions: 113->112
[0.505s][info   ][gc,metaspace   ] GC(191) Metaspace: 3896K->3896K(1056768K)
[0.505s][info   ][gc             ] GC(191) Pause Young (Normal) (G1 Evacuation Pause) 244M->243M(256M) 0.232ms
[0.505s][info   ][gc,cpu         ] GC(191) User=0.00s Sys=0.00s Real=0.00s
[0.505s][info   ][gc,start       ] GC(192) Pause Young (Concurrent Start) (G1 Evacuation Pause)
[0.505s][info   ][gc,task        ] GC(192) Using 6 workers of 13 for evacuation
[0.506s][info   ][gc             ] GC(192) To-space exhausted
[0.506s][info   ][gc,phases      ] GC(192)   Pre Evacuate Collection Set: 0.0ms
[0.506s][info   ][gc,phases      ] GC(192)   Evacuate Collection Set: 0.1ms
[0.506s][info   ][gc,phases      ] GC(192)   Post Evacuate Collection Set: 0.1ms
[0.506s][info   ][gc,phases      ] GC(192)   Other: 0.1ms
[0.506s][info   ][gc,heap        ] GC(192) Eden regions: 1->0(12)
[0.506s][info   ][gc,heap        ] GC(192) Survivor regions: 0->0(2)
[0.506s][info   ][gc,heap        ] GC(192) Old regions: 143->144
[0.506s][info   ][gc,heap        ] GC(192) Humongous regions: 112->112
[0.506s][info   ][gc,metaspace   ] GC(192) Metaspace: 3896K->3896K(1056768K)
[0.506s][info   ][gc             ] GC(192) Pause Young (Concurrent Start) (G1 Evacuation Pause) 244M->244M(256M) 0.338ms
[0.506s][info   ][gc,cpu         ] GC(192) User=0.00s Sys=0.00s Real=0.00s
[0.506s][info   ][gc             ] GC(194) Concurrent Cycle
[0.506s][info   ][gc,marking     ] GC(194) Concurrent Clear Claimed Marks
[0.506s][info   ][gc,task        ] GC(193) Using 6 workers of 13 for full compaction
[0.506s][info   ][gc,marking     ] GC(194) Concurrent Clear Claimed Marks 0.010ms
[0.506s][info   ][gc,marking     ] GC(194) Concurrent Scan Root Regions
[0.506s][info   ][gc,marking     ] GC(194) Concurrent Scan Root Regions 0.009ms
[0.506s][info   ][gc,marking     ] GC(194) Concurrent Mark (0.506s)
[0.506s][info   ][gc,marking     ] GC(194) Concurrent Mark From Roots
[0.506s][info   ][gc,task        ] GC(194) Using 3 workers of 3 for marking
[0.506s][info   ][gc,start       ] GC(193) Pause Full (G1 Evacuation Pause)
[0.506s][info   ][gc,phases,start] GC(193) Phase 1: Mark live objects
[0.507s][info   ][gc,stringtable ] GC(193) Cleaned string and symbol table, strings: 1523 processed, 0 removed, symbols: 17835 processed, 0 removed
[0.507s][info   ][gc,phases      ] GC(193) Phase 1: Mark live objects 0.463ms
[0.507s][info   ][gc,phases,start] GC(193) Phase 2: Prepare for compaction
[0.507s][info   ][gc,phases      ] GC(193) Phase 2: Prepare for compaction 0.239ms
[0.507s][info   ][gc,phases,start] GC(193) Phase 3: Adjust pointers
[0.507s][info   ][gc,phases      ] GC(193) Phase 3: Adjust pointers 0.262ms
[0.507s][info   ][gc,phases,start] GC(193) Phase 4: Compact heap
[0.508s][info   ][gc,phases      ] GC(193) Phase 4: Compact heap 1.090ms
[0.508s][info   ][gc,heap        ] GC(193) Eden regions: 0->0(12)
[0.508s][info   ][gc,heap        ] GC(193) Survivor regions: 0->0(2)
[0.508s][info   ][gc,heap        ] GC(193) Old regions: 144->143
[0.508s][info   ][gc,heap        ] GC(193) Humongous regions: 112->112
[0.508s][info   ][gc,metaspace   ] GC(193) Metaspace: 3896K->3896K(1056768K)
[0.508s][info   ][gc             ] GC(193) Pause Full (G1 Evacuation Pause) 244M->243M(256M) 2.572ms
[0.508s][info   ][gc,cpu         ] GC(193) User=0.01s Sys=0.00s Real=0.00s
[0.508s][info   ][gc,marking     ] GC(194) Concurrent Mark From Roots 2.642ms
[0.508s][info   ][gc,marking     ] GC(194) Concurrent Mark Abort
[0.508s][info   ][gc             ] GC(194) Concurrent Cycle 2.749ms
[0.509s][info   ][gc,start       ] GC(195) Pause Young (Concurrent Start) (G1 Humongous Allocation)
[0.509s][info   ][gc,task        ] GC(195) Using 6 workers of 13 for evacuation
[0.509s][info   ][gc             ] GC(195) To-space exhausted
[0.509s][info   ][gc,phases      ] GC(195)   Pre Evacuate Collection Set: 0.0ms
[0.509s][info   ][gc,phases      ] GC(195)   Evacuate Collection Set: 0.1ms
[0.509s][info   ][gc,phases      ] GC(195)   Post Evacuate Collection Set: 0.1ms
[0.509s][info   ][gc,phases      ] GC(195)   Other: 0.1ms
[0.509s][info   ][gc,heap        ] GC(195) Eden regions: 1->0(12)
[0.509s][info   ][gc,heap        ] GC(195) Survivor regions: 0->0(2)
[0.509s][info   ][gc,heap        ] GC(195) Old regions: 143->144
[0.509s][info   ][gc,heap        ] GC(195) Humongous regions: 112->112
[0.509s][info   ][gc,metaspace   ] GC(195) Metaspace: 3896K->3896K(1056768K)
[0.509s][info   ][gc             ] GC(195) Pause Young (Concurrent Start) (G1 Humongous Allocation) 244M->244M(256M) 0.331ms
[0.509s][info   ][gc,cpu         ] GC(195) User=0.00s Sys=0.00s Real=0.00s
[0.509s][info   ][gc             ] GC(196) Concurrent Cycle
[0.509s][info   ][gc,marking     ] GC(196) Concurrent Clear Claimed Marks
[0.509s][info   ][gc,marking     ] GC(196) Concurrent Clear Claimed Marks 0.006ms
[0.509s][info   ][gc,marking     ] GC(196) Concurrent Scan Root Regions
[0.509s][info   ][gc,marking     ] GC(196) Concurrent Scan Root Regions 0.006ms
[0.509s][info   ][gc,marking     ] GC(196) Concurrent Mark (0.509s)
[0.509s][info   ][gc,marking     ] GC(196) Concurrent Mark From Roots
[0.509s][info   ][gc,task        ] GC(196) Using 3 workers of 3 for marking
[0.509s][info   ][gc,start       ] GC(197) Pause Young (Normal) (G1 Humongous Allocation)
[0.509s][info   ][gc,task        ] GC(197) Using 6 workers of 13 for evacuation
[0.509s][info   ][gc,phases      ] GC(197)   Pre Evacuate Collection Set: 0.0ms
[0.509s][info   ][gc,phases      ] GC(197)   Evacuate Collection Set: 0.0ms
[0.509s][info   ][gc,phases      ] GC(197)   Post Evacuate Collection Set: 0.0ms
[0.509s][info   ][gc,phases      ] GC(197)   Other: 0.0ms
[0.509s][info   ][gc,heap        ] GC(197) Eden regions: 0->0(12)
[0.509s][info   ][gc,heap        ] GC(197) Survivor regions: 0->0(2)
[0.509s][info   ][gc,heap        ] GC(197) Old regions: 144->144
[0.509s][info   ][gc,heap        ] GC(197) Humongous regions: 112->112
[0.509s][info   ][gc,metaspace   ] GC(197) Metaspace: 3896K->3896K(1056768K)
[0.509s][info   ][gc             ] GC(197) Pause Young (Normal) (G1 Humongous Allocation) 244M->244M(256M) 0.189ms
[0.509s][info   ][gc,cpu         ] GC(197) User=0.00s Sys=0.00s Real=0.00s
[0.509s][info   ][gc,task        ] GC(198) Using 6 workers of 13 for full compaction
[0.509s][info   ][gc,start       ] GC(198) Pause Full (G1 Humongous Allocation)
[0.509s][info   ][gc,phases,start] GC(198) Phase 1: Mark live objects
[0.510s][info   ][gc,stringtable ] GC(198) Cleaned string and symbol table, strings: 1523 processed, 0 removed, symbols: 17835 processed, 0 removed
[0.510s][info   ][gc,phases      ] GC(198) Phase 1: Mark live objects 0.444ms
[0.510s][info   ][gc,phases,start] GC(198) Phase 2: Prepare for compaction
[0.510s][info   ][gc,phases      ] GC(198) Phase 2: Prepare for compaction 0.227ms
[0.510s][info   ][gc,phases,start] GC(198) Phase 3: Adjust pointers
[0.510s][info   ][gc,phases      ] GC(198) Phase 3: Adjust pointers 0.270ms
[0.510s][info   ][gc,phases,start] GC(198) Phase 4: Compact heap
[0.512s][info   ][gc,phases      ] GC(198) Phase 4: Compact heap 1.487ms
[0.512s][info   ][gc,heap        ] GC(198) Eden regions: 0->0(12)
[0.512s][info   ][gc,heap        ] GC(198) Survivor regions: 0->0(2)
[0.512s][info   ][gc,heap        ] GC(198) Old regions: 144->143
[0.512s][info   ][gc,heap        ] GC(198) Humongous regions: 112->112
[0.512s][info   ][gc,metaspace   ] GC(198) Metaspace: 3896K->3896K(1056768K)
[0.512s][info   ][gc             ] GC(198) Pause Full (G1 Humongous Allocation) 244M->243M(256M) 2.906ms
[0.512s][info   ][gc,cpu         ] GC(198) User=0.01s Sys=0.00s Real=0.01s
[0.512s][info   ][gc,marking     ] GC(196) Concurrent Mark From Roots 3.260ms
[0.512s][info   ][gc,marking     ] GC(196) Concurrent Mark Abort
[0.512s][info   ][gc             ] GC(196) Concurrent Cycle 3.332ms
[0.512s][info   ][gc,start       ] GC(199) Pause Young (Normal) (G1 Evacuation Pause)
[0.512s][info   ][gc,task        ] GC(199) Using 6 workers of 13 for evacuation
[0.512s][info   ][gc,phases      ] GC(199)   Pre Evacuate Collection Set: 0.0ms
[0.512s][info   ][gc,phases      ] GC(199)   Evacuate Collection Set: 0.0ms
[0.512s][info   ][gc,phases      ] GC(199)   Post Evacuate Collection Set: 0.0ms
[0.513s][info   ][gc,phases      ] GC(199)   Other: 0.1ms
[0.513s][info   ][gc,heap        ] GC(199) Eden regions: 0->0(12)
[0.513s][info   ][gc,heap        ] GC(199) Survivor regions: 0->0(2)
[0.513s][info   ][gc,heap        ] GC(199) Old regions: 143->143
[0.513s][info   ][gc,heap        ] GC(199) Humongous regions: 113->112
[0.513s][info   ][gc,metaspace   ] GC(199) Metaspace: 3896K->3896K(1056768K)
[0.513s][info   ][gc             ] GC(199) Pause Young (Normal) (G1 Evacuation Pause) 244M->243M(256M) 0.212ms
[0.513s][info   ][gc,cpu         ] GC(199) User=0.00s Sys=0.00s Real=0.00s
[0.513s][info   ][gc,start       ] GC(200) Pause Young (Concurrent Start) (G1 Humongous Allocation)
[0.513s][info   ][gc,task        ] GC(200) Using 6 workers of 13 for evacuation
[0.513s][info   ][gc             ] GC(200) To-space exhausted
[0.513s][info   ][gc,phases      ] GC(200)   Pre Evacuate Collection Set: 0.0ms
[0.513s][info   ][gc,phases      ] GC(200)   Evacuate Collection Set: 0.1ms
[0.513s][info   ][gc,phases      ] GC(200)   Post Evacuate Collection Set: 0.1ms
[0.513s][info   ][gc,phases      ] GC(200)   Other: 0.1ms
[0.513s][info   ][gc,heap        ] GC(200) Eden regions: 1->0(12)
[0.513s][info   ][gc,heap        ] GC(200) Survivor regions: 0->0(2)
[0.513s][info   ][gc,heap        ] GC(200) Old regions: 143->144
[0.513s][info   ][gc,heap        ] GC(200) Humongous regions: 112->112
[0.513s][info   ][gc,metaspace   ] GC(200) Metaspace: 3896K->3896K(1056768K)
[0.513s][info   ][gc             ] GC(200) Pause Young (Concurrent Start) (G1 Humongous Allocation) 244M->244M(256M) 0.310ms
[0.513s][info   ][gc,cpu         ] GC(200) User=0.00s Sys=0.00s Real=0.00s
[0.513s][info   ][gc             ] GC(201) Concurrent Cycle
[0.513s][info   ][gc,marking     ] GC(201) Concurrent Clear Claimed Marks
[0.513s][info   ][gc,marking     ] GC(201) Concurrent Clear Claimed Marks 0.008ms
[0.513s][info   ][gc,marking     ] GC(201) Concurrent Scan Root Regions
[0.513s][info   ][gc,marking     ] GC(201) Concurrent Scan Root Regions 0.006ms
[0.513s][info   ][gc,marking     ] GC(201) Concurrent Mark (0.513s)
[0.513s][info   ][gc,marking     ] GC(201) Concurrent Mark From Roots
[0.513s][info   ][gc,start       ] GC(202) Pause Young (Normal) (G1 Humongous Allocation)
[0.513s][info   ][gc,task        ] GC(201) Using 3 workers of 3 for marking
[0.513s][info   ][gc,task        ] GC(202) Using 6 workers of 13 for evacuation
[0.513s][info   ][gc,phases      ] GC(202)   Pre Evacuate Collection Set: 0.0ms
[0.513s][info   ][gc,phases      ] GC(202)   Evacuate Collection Set: 0.0ms
[0.513s][info   ][gc,phases      ] GC(202)   Post Evacuate Collection Set: 0.0ms
[0.513s][info   ][gc,phases      ] GC(202)   Other: 0.1ms
[0.513s][info   ][gc,heap        ] GC(202) Eden regions: 0->0(12)
[0.513s][info   ][gc,heap        ] GC(202) Survivor regions: 0->0(2)
[0.513s][info   ][gc,heap        ] GC(202) Old regions: 144->144
[0.513s][info   ][gc,heap        ] GC(202) Humongous regions: 112->112
[0.513s][info   ][gc,metaspace   ] GC(202) Metaspace: 3896K->3896K(1056768K)
[0.513s][info   ][gc             ] GC(202) Pause Young (Normal) (G1 Humongous Allocation) 244M->244M(256M) 0.225ms
[0.513s][info   ][gc,cpu         ] GC(202) User=0.00s Sys=0.00s Real=0.00s
[0.513s][info   ][gc,task        ] GC(203) Using 6 workers of 13 for full compaction
[0.513s][info   ][gc,start       ] GC(203) Pause Full (G1 Humongous Allocation)
[0.514s][info   ][gc,phases,start] GC(203) Phase 1: Mark live objects
[0.514s][info   ][gc,stringtable ] GC(203) Cleaned string and symbol table, strings: 1523 processed, 0 removed, symbols: 17835 processed, 0 removed
[0.514s][info   ][gc,phases      ] GC(203) Phase 1: Mark live objects 0.499ms
[0.514s][info   ][gc,phases,start] GC(203) Phase 2: Prepare for compaction
[0.514s][info   ][gc,phases      ] GC(203) Phase 2: Prepare for compaction 0.236ms
[0.514s][info   ][gc,phases,start] GC(203) Phase 3: Adjust pointers
[0.515s][info   ][gc,phases      ] GC(203) Phase 3: Adjust pointers 0.248ms
[0.515s][info   ][gc,phases,start] GC(203) Phase 4: Compact heap
[0.516s][info   ][gc,phases      ] GC(203) Phase 4: Compact heap 1.093ms
[0.516s][info   ][gc,heap        ] GC(203) Eden regions: 0->0(12)
[0.516s][info   ][gc,heap        ] GC(203) Survivor regions: 0->0(2)
[0.516s][info   ][gc,heap        ] GC(203) Old regions: 144->143
[0.516s][info   ][gc,heap        ] GC(203) Humongous regions: 112->112
[0.516s][info   ][gc,metaspace   ] GC(203) Metaspace: 3896K->3896K(1056768K)
[0.516s][info   ][gc             ] GC(203) Pause Full (G1 Humongous Allocation) 244M->243M(256M) 2.576ms
[0.516s][info   ][gc,cpu         ] GC(203) User=0.01s Sys=0.00s Real=0.00s
[0.516s][info   ][gc,marking     ] GC(201) Concurrent Mark From Roots 2.955ms
[0.516s][info   ][gc,marking     ] GC(201) Concurrent Mark Abort
[0.516s][info   ][gc             ] GC(201) Concurrent Cycle 3.033ms
[0.516s][info   ][gc,start       ] GC(204) Pause Young (Normal) (G1 Evacuation Pause)
[0.516s][info   ][gc,task        ] GC(204) Using 6 workers of 13 for evacuation
[0.516s][info   ][gc,phases      ] GC(204)   Pre Evacuate Collection Set: 0.0ms
[0.516s][info   ][gc,phases      ] GC(204)   Evacuate Collection Set: 0.0ms
[0.516s][info   ][gc,phases      ] GC(204)   Post Evacuate Collection Set: 0.0ms
[0.516s][info   ][gc,phases      ] GC(204)   Other: 0.1ms
[0.516s][info   ][gc,heap        ] GC(204) Eden regions: 0->0(12)
[0.516s][info   ][gc,heap        ] GC(204) Survivor regions: 0->0(2)
[0.516s][info   ][gc,heap        ] GC(204) Old regions: 143->143
[0.516s][info   ][gc,heap        ] GC(204) Humongous regions: 113->113
[0.516s][info   ][gc,metaspace   ] GC(204) Metaspace: 3896K->3896K(1056768K)
[0.516s][info   ][gc             ] GC(204) Pause Young (Normal) (G1 Evacuation Pause) 244M->244M(256M) 0.227ms
[0.516s][info   ][gc,cpu         ] GC(204) User=0.00s Sys=0.00s Real=0.00s
[0.516s][info   ][gc,task        ] GC(205) Using 6 workers of 13 for full compaction
[0.516s][info   ][gc,start       ] GC(205) Pause Full (G1 Evacuation Pause)
[0.516s][info   ][gc,phases,start] GC(205) Phase 1: Mark live objects
[0.517s][info   ][gc,stringtable ] GC(205) Cleaned string and symbol table, strings: 1523 processed, 0 removed, symbols: 17835 processed, 0 removed
[0.517s][info   ][gc,phases      ] GC(205) Phase 1: Mark live objects 0.463ms
[0.517s][info   ][gc,phases,start] GC(205) Phase 2: Prepare for compaction
[0.517s][info   ][gc,phases      ] GC(205) Phase 2: Prepare for compaction 0.274ms
[0.517s][info   ][gc,phases,start] GC(205) Phase 3: Adjust pointers
[0.517s][info   ][gc,phases      ] GC(205) Phase 3: Adjust pointers 0.159ms
[0.517s][info   ][gc,phases,start] GC(205) Phase 4: Compact heap
[0.518s][info   ][gc,phases      ] GC(205) Phase 4: Compact heap 0.552ms
[0.518s][info   ][gc,heap        ] GC(205) Eden regions: 0->0(12)
[0.518s][info   ][gc,heap        ] GC(205) Survivor regions: 0->0(2)
[0.518s][info   ][gc,heap        ] GC(205) Old regions: 143->141
[0.518s][info   ][gc,heap        ] GC(205) Humongous regions: 113->113
[0.518s][info   ][gc,metaspace   ] GC(205) Metaspace: 3896K->3896K(1056768K)
[0.518s][info   ][gc             ] GC(205) Pause Full (G1 Evacuation Pause) 244M->244M(256M) 1.709ms
[0.518s][info   ][gc,cpu         ] GC(205) User=0.01s Sys=0.00s Real=0.00s
[0.519s][info   ][gc,start       ] GC(206) Pause Young (Concurrent Start) (G1 Humongous Allocation)
[0.519s][info   ][gc,task        ] GC(206) Using 6 workers of 13 for evacuation
[0.519s][info   ][gc             ] GC(206) To-space exhausted
[0.519s][info   ][gc,phases      ] GC(206)   Pre Evacuate Collection Set: 0.0ms
[0.519s][info   ][gc,phases      ] GC(206)   Evacuate Collection Set: 0.1ms
[0.519s][info   ][gc,phases      ] GC(206)   Post Evacuate Collection Set: 0.1ms
[0.519s][info   ][gc,phases      ] GC(206)   Other: 0.1ms
[0.519s][info   ][gc,heap        ] GC(206) Eden regions: 2->0(12)
[0.519s][info   ][gc,heap        ] GC(206) Survivor regions: 0->0(2)
[0.519s][info   ][gc,heap        ] GC(206) Old regions: 141->142
[0.519s][info   ][gc,heap        ] GC(206) Humongous regions: 113->113
[0.519s][info   ][gc,metaspace   ] GC(206) Metaspace: 3896K->3896K(1056768K)
[0.519s][info   ][gc             ] GC(206) Pause Young (Concurrent Start) (G1 Humongous Allocation) 246M->245M(256M) 0.324ms
[0.519s][info   ][gc,cpu         ] GC(206) User=0.00s Sys=0.00s Real=0.00s
[0.519s][info   ][gc             ] GC(207) Concurrent Cycle
[0.519s][info   ][gc,marking     ] GC(207) Concurrent Clear Claimed Marks
[0.519s][info   ][gc,marking     ] GC(207) Concurrent Clear Claimed Marks 0.008ms
[0.519s][info   ][gc,marking     ] GC(207) Concurrent Scan Root Regions
[0.519s][info   ][gc,marking     ] GC(207) Concurrent Scan Root Regions 0.005ms
[0.519s][info   ][gc,marking     ] GC(207) Concurrent Mark (0.519s)
[0.519s][info   ][gc,marking     ] GC(207) Concurrent Mark From Roots
[0.519s][info   ][gc,task        ] GC(207) Using 3 workers of 3 for marking
[0.519s][info   ][gc,start       ] GC(208) Pause Young (Normal) (G1 Humongous Allocation)
[0.519s][info   ][gc,task        ] GC(208) Using 6 workers of 13 for evacuation
[0.519s][info   ][gc,phases      ] GC(208)   Pre Evacuate Collection Set: 0.0ms
[0.519s][info   ][gc,phases      ] GC(208)   Evacuate Collection Set: 0.0ms
[0.519s][info   ][gc,phases      ] GC(208)   Post Evacuate Collection Set: 0.0ms
[0.519s][info   ][gc,phases      ] GC(208)   Other: 0.0ms
[0.519s][info   ][gc,heap        ] GC(208) Eden regions: 0->0(12)
[0.519s][info   ][gc,heap        ] GC(208) Survivor regions: 0->0(2)
[0.519s][info   ][gc,heap        ] GC(208) Old regions: 142->142
[0.519s][info   ][gc,heap        ] GC(208) Humongous regions: 114->114
[0.519s][info   ][gc,metaspace   ] GC(208) Metaspace: 3896K->3896K(1056768K)
[0.519s][info   ][gc             ] GC(208) Pause Young (Normal) (G1 Humongous Allocation) 246M->246M(256M) 0.195ms
[0.519s][info   ][gc,cpu         ] GC(208) User=0.00s Sys=0.00s Real=0.00s
[0.519s][info   ][gc,task        ] GC(209) Using 6 workers of 13 for full compaction
[0.519s][info   ][gc,start       ] GC(209) Pause Full (G1 Humongous Allocation)
[0.520s][info   ][gc,phases,start] GC(209) Phase 1: Mark live objects
[0.520s][info   ][gc,stringtable ] GC(209) Cleaned string and symbol table, strings: 1523 processed, 0 removed, symbols: 17835 processed, 0 removed
[0.520s][info   ][gc,phases      ] GC(209) Phase 1: Mark live objects 0.401ms
[0.520s][info   ][gc,phases,start] GC(209) Phase 2: Prepare for compaction
[0.520s][info   ][gc,phases      ] GC(209) Phase 2: Prepare for compaction 0.164ms
[0.520s][info   ][gc,phases,start] GC(209) Phase 3: Adjust pointers
[0.520s][info   ][gc,phases      ] GC(209) Phase 3: Adjust pointers 0.198ms
[0.520s][info   ][gc,phases,start] GC(209) Phase 4: Compact heap
[0.524s][info   ][gc,phases      ] GC(209) Phase 4: Compact heap 3.087ms
[0.524s][info   ][gc,heap        ] GC(209) Eden regions: 0->0(12)
[0.524s][info   ][gc,heap        ] GC(209) Survivor regions: 0->0(2)
[0.524s][info   ][gc,heap        ] GC(209) Old regions: 142->141
[0.524s][info   ][gc,heap        ] GC(209) Humongous regions: 114->113
[0.524s][info   ][gc,metaspace   ] GC(209) Metaspace: 3896K->3896K(1056768K)
[0.524s][info   ][gc             ] GC(209) Pause Full (G1 Humongous Allocation) 246M->244M(256M) 4.371ms
[0.524s][info   ][gc,cpu         ] GC(209) User=0.01s Sys=0.00s Real=0.01s
[0.524s][info   ][gc,marking     ] GC(207) Concurrent Mark From Roots 4.751ms
[0.524s][info   ][gc,marking     ] GC(207) Concurrent Mark Abort
[0.524s][info   ][gc             ] GC(207) Concurrent Cycle 4.817ms
[0.524s][info   ][gc,start       ] GC(210) Pause Young (Concurrent Start) (G1 Humongous Allocation)
[0.524s][info   ][gc,task        ] GC(210) Using 6 workers of 13 for evacuation
[0.524s][info   ][gc,phases      ] GC(210)   Pre Evacuate Collection Set: 0.0ms
[0.524s][info   ][gc,phases      ] GC(210)   Evacuate Collection Set: 0.1ms
[0.524s][info   ][gc,phases      ] GC(210)   Post Evacuate Collection Set: 0.0ms
[0.524s][info   ][gc,phases      ] GC(210)   Other: 0.1ms
[0.524s][info   ][gc,heap        ] GC(210) Eden regions: 0->0(12)
[0.524s][info   ][gc,heap        ] GC(210) Survivor regions: 0->0(2)
[0.524s][info   ][gc,heap        ] GC(210) Old regions: 141->141
[0.524s][info   ][gc,heap        ] GC(210) Humongous regions: 114->113
[0.524s][info   ][gc,metaspace   ] GC(210) Metaspace: 3896K->3896K(1056768K)
[0.524s][info   ][gc             ] GC(210) Pause Young (Concurrent Start) (G1 Humongous Allocation) 245M->244M(256M) 0.299ms
[0.524s][info   ][gc,cpu         ] GC(210) User=0.00s Sys=0.00s Real=0.00s
[0.524s][info   ][gc             ] GC(211) Concurrent Cycle
[0.524s][info   ][gc,marking     ] GC(211) Concurrent Clear Claimed Marks
[0.524s][info   ][gc,marking     ] GC(211) Concurrent Clear Claimed Marks 0.006ms
[0.524s][info   ][gc,marking     ] GC(211) Concurrent Scan Root Regions
[0.524s][info   ][gc,marking     ] GC(211) Concurrent Scan Root Regions 0.005ms
[0.524s][info   ][gc,marking     ] GC(211) Concurrent Mark (0.524s)
[0.524s][info   ][gc,marking     ] GC(211) Concurrent Mark From Roots
[0.524s][info   ][gc,task        ] GC(211) Using 3 workers of 3 for marking
[0.524s][info   ][gc,start       ] GC(212) Pause Young (Normal) (G1 Humongous Allocation)
[0.524s][info   ][gc,task        ] GC(212) Using 6 workers of 13 for evacuation
[0.525s][info   ][gc,phases      ] GC(212)   Pre Evacuate Collection Set: 0.0ms
[0.525s][info   ][gc,phases      ] GC(212)   Evacuate Collection Set: 0.0ms
[0.525s][info   ][gc,phases      ] GC(212)   Post Evacuate Collection Set: 0.1ms
[0.525s][info   ][gc,phases      ] GC(212)   Other: 0.0ms
[0.525s][info   ][gc,heap        ] GC(212) Eden regions: 1->0(12)
[0.525s][info   ][gc,heap        ] GC(212) Survivor regions: 0->0(2)
[0.525s][info   ][gc,heap        ] GC(212) Old regions: 141->141
[0.525s][info   ][gc,heap        ] GC(212) Humongous regions: 114->113
[0.525s][info   ][gc,metaspace   ] GC(212) Metaspace: 3896K->3896K(1056768K)
[0.525s][info   ][gc             ] GC(212) Pause Young (Normal) (G1 Humongous Allocation) 245M->244M(256M) 0.213ms
[0.525s][info   ][gc,cpu         ] GC(212) User=0.00s Sys=0.00s Real=0.00s
[0.525s][info   ][gc,start       ] GC(213) Pause Young (Normal) (G1 Humongous Allocation)
[0.525s][info   ][gc,task        ] GC(213) Using 6 workers of 13 for evacuation
[0.525s][info   ][gc             ] GC(213) To-space exhausted
[0.525s][info   ][gc,phases      ] GC(213)   Pre Evacuate Collection Set: 0.0ms
[0.525s][info   ][gc,phases      ] GC(213)   Evacuate Collection Set: 0.0ms
[0.525s][info   ][gc,phases      ] GC(213)   Post Evacuate Collection Set: 0.1ms
[0.525s][info   ][gc,phases      ] GC(213)   Other: 0.1ms
[0.525s][info   ][gc,heap        ] GC(213) Eden regions: 1->0(12)
[0.525s][info   ][gc,heap        ] GC(213) Survivor regions: 0->0(2)
[0.525s][info   ][gc,heap        ] GC(213) Old regions: 141->142
[0.525s][info   ][gc,heap        ] GC(213) Humongous regions: 114->114
[0.525s][info   ][gc,metaspace   ] GC(213) Metaspace: 3896K->3896K(1056768K)
[0.525s][info   ][gc             ] GC(213) Pause Young (Normal) (G1 Humongous Allocation) 245M->245M(256M) 0.237ms
[0.525s][info   ][gc,cpu         ] GC(213) User=0.00s Sys=0.00s Real=0.00s
[0.525s][info   ][gc,task        ] GC(214) Using 6 workers of 13 for full compaction
[0.525s][info   ][gc,start       ] GC(214) Pause Full (G1 Humongous Allocation)
[0.525s][info   ][gc,phases,start] GC(214) Phase 1: Mark live objects
[0.526s][info   ][gc,stringtable ] GC(214) Cleaned string and symbol table, strings: 1523 processed, 0 removed, symbols: 17835 processed, 0 removed
[0.526s][info   ][gc,phases      ] GC(214) Phase 1: Mark live objects 0.494ms
[0.526s][info   ][gc,phases,start] GC(214) Phase 2: Prepare for compaction
[0.526s][info   ][gc,phases      ] GC(214) Phase 2: Prepare for compaction 0.210ms
[0.526s][info   ][gc,phases,start] GC(214) Phase 3: Adjust pointers
[0.526s][info   ][gc,phases      ] GC(214) Phase 3: Adjust pointers 0.166ms
[0.526s][info   ][gc,phases,start] GC(214) Phase 4: Compact heap
[0.527s][info   ][gc,phases      ] GC(214) Phase 4: Compact heap 0.865ms
[0.527s][info   ][gc,heap        ] GC(214) Eden regions: 0->0(12)
[0.527s][info   ][gc,heap        ] GC(214) Survivor regions: 0->0(2)
[0.527s][info   ][gc,heap        ] GC(214) Old regions: 142->141
[0.527s][info   ][gc,heap        ] GC(214) Humongous regions: 114->114
[0.527s][info   ][gc,metaspace   ] GC(214) Metaspace: 3896K->3896K(1056768K)
[0.527s][info   ][gc             ] GC(214) Pause Full (G1 Humongous Allocation) 245M->245M(256M) 2.240ms
[0.527s][info   ][gc,cpu         ] GC(214) User=0.01s Sys=0.00s Real=0.00s
[0.527s][info   ][gc,marking     ] GC(211) Concurrent Mark From Roots 2.994ms
[0.527s][info   ][gc,marking     ] GC(211) Concurrent Mark Abort
[0.527s][info   ][gc             ] GC(211) Concurrent Cycle 3.058ms
[0.527s][info   ][gc,start       ] GC(215) Pause Young (Normal) (G1 Evacuation Pause)
[0.527s][info   ][gc,task        ] GC(215) Using 6 workers of 13 for evacuation
[0.528s][info   ][gc,phases      ] GC(215)   Pre Evacuate Collection Set: 0.0ms
[0.528s][info   ][gc,phases      ] GC(215)   Evacuate Collection Set: 0.0ms
[0.528s][info   ][gc,phases      ] GC(215)   Post Evacuate Collection Set: 0.0ms
[0.528s][info   ][gc,phases      ] GC(215)   Other: 0.0ms
[0.528s][info   ][gc,heap        ] GC(215) Eden regions: 0->0(12)
[0.528s][info   ][gc,heap        ] GC(215) Survivor regions: 0->0(2)
[0.528s][info   ][gc,heap        ] GC(215) Old regions: 141->141
[0.528s][info   ][gc,heap        ] GC(215) Humongous regions: 115->115
[0.528s][info   ][gc,metaspace   ] GC(215) Metaspace: 3896K->3896K(1056768K)
[0.528s][info   ][gc             ] GC(215) Pause Young (Normal) (G1 Evacuation Pause) 246M->246M(256M) 0.205ms
[0.528s][info   ][gc,cpu         ] GC(215) User=0.00s Sys=0.00s Real=0.00s
[0.528s][info   ][gc,task        ] GC(216) Using 6 workers of 13 for full compaction
[0.528s][info   ][gc,start       ] GC(216) Pause Full (G1 Evacuation Pause)
[0.528s][info   ][gc,phases,start] GC(216) Phase 1: Mark live objects
[0.528s][info   ][gc,stringtable ] GC(216) Cleaned string and symbol table, strings: 1523 processed, 0 removed, symbols: 17835 processed, 0 removed
[0.528s][info   ][gc,phases      ] GC(216) Phase 1: Mark live objects 0.426ms
[0.528s][info   ][gc,phases,start] GC(216) Phase 2: Prepare for compaction
[0.528s][info   ][gc,phases      ] GC(216) Phase 2: Prepare for compaction 0.264ms
[0.528s][info   ][gc,phases,start] GC(216) Phase 3: Adjust pointers
[0.529s][info   ][gc,phases      ] GC(216) Phase 3: Adjust pointers 0.149ms
[0.529s][info   ][gc,phases,start] GC(216) Phase 4: Compact heap
[0.529s][info   ][gc,phases      ] GC(216) Phase 4: Compact heap 0.457ms
[0.529s][info   ][gc,heap        ] GC(216) Eden regions: 0->0(12)
[0.529s][info   ][gc,heap        ] GC(216) Survivor regions: 0->0(2)
[0.529s][info   ][gc,heap        ] GC(216) Old regions: 141->141
[0.529s][info   ][gc,heap        ] GC(216) Humongous regions: 115->115
[0.529s][info   ][gc,metaspace   ] GC(216) Metaspace: 3896K->3896K(1056768K)
[0.529s][info   ][gc             ] GC(216) Pause Full (G1 Evacuation Pause) 246M->246M(256M) 1.535ms
[0.529s][info   ][gc,cpu         ] GC(216) User=0.00s Sys=0.00s Real=0.00s
[0.529s][info   ][gc,task        ] GC(217) Using 6 workers of 13 for full compaction
[0.529s][info   ][gc,start       ] GC(217) Pause Full (G1 Evacuation Pause)
[0.529s][info   ][gc,phases,start] GC(217) Phase 1: Mark live objects
[0.530s][info   ][gc,stringtable ] GC(217) Cleaned string and symbol table, strings: 1523 processed, 13 removed, symbols: 17835 processed, 0 removed
[0.530s][info   ][gc,phases      ] GC(217) Phase 1: Mark live objects 0.427ms
[0.530s][info   ][gc,phases,start] GC(217) Phase 2: Prepare for compaction
[0.530s][info   ][gc,phases      ] GC(217) Phase 2: Prepare for compaction 0.210ms
[0.530s][info   ][gc,phases,start] GC(217) Phase 3: Adjust pointers
[0.530s][info   ][gc,phases      ] GC(217) Phase 3: Adjust pointers 0.178ms
[0.530s][info   ][gc,phases,start] GC(217) Phase 4: Compact heap
[0.531s][info   ][gc,phases      ] GC(217) Phase 4: Compact heap 1.329ms
[0.532s][info   ][gc,heap        ] GC(217) Eden regions: 0->0(12)
[0.532s][info   ][gc,heap        ] GC(217) Survivor regions: 0->0(2)
[0.532s][info   ][gc,heap        ] GC(217) Old regions: 141->141
[0.532s][info   ][gc,heap        ] GC(217) Humongous regions: 115->115
[0.532s][info   ][gc,metaspace   ] GC(217) Metaspace: 3896K->3896K(1056768K)
[0.532s][info   ][gc             ] GC(217) Pause Full (G1 Evacuation Pause) 246M->246M(256M) 2.397ms
[0.532s][info   ][gc,cpu         ] GC(217) User=0.01s Sys=0.00s Real=0.01s
[0.532s][info   ][gc,start       ] GC(218) Pause Young (Concurrent Start) (G1 Evacuation Pause)
[0.532s][info   ][gc,task        ] GC(218) Using 6 workers of 13 for evacuation
[0.532s][info   ][gc,phases      ] GC(218)   Pre Evacuate Collection Set: 0.0ms
[0.532s][info   ][gc,phases      ] GC(218)   Evacuate Collection Set: 0.1ms
[0.532s][info   ][gc,phases      ] GC(218)   Post Evacuate Collection Set: 0.0ms
[0.532s][info   ][gc,phases      ] GC(218)   Other: 0.1ms
[0.532s][info   ][gc,heap        ] GC(218) Eden regions: 0->0(12)
[0.532s][info   ][gc,heap        ] GC(218) Survivor regions: 0->0(2)
[0.532s][info   ][gc,heap        ] GC(218) Old regions: 141->141
[0.532s][info   ][gc,heap        ] GC(218) Humongous regions: 115->115
[0.532s][info   ][gc,metaspace   ] GC(218) Metaspace: 3896K->3896K(1056768K)
[0.532s][info   ][gc             ] GC(218) Pause Young (Concurrent Start) (G1 Evacuation Pause) 246M->246M(256M) 0.252ms
[0.532s][info   ][gc,cpu         ] GC(218) User=0.00s Sys=0.00s Real=0.00s
[0.532s][info   ][gc             ] GC(220) Concurrent Cycle
[0.532s][info   ][gc,task        ] GC(219) Using 6 workers of 13 for full compaction
[0.532s][info   ][gc,marking     ] GC(220) Concurrent Clear Claimed Marks
[0.532s][info   ][gc,start       ] GC(219) Pause Full (G1 Evacuation Pause)
[0.532s][info   ][gc,marking     ] GC(220) Concurrent Clear Claimed Marks 0.035ms
[0.532s][info   ][gc,marking     ] GC(220) Concurrent Scan Root Regions
[0.532s][info   ][gc,marking     ] GC(220) Concurrent Scan Root Regions 0.007ms
[0.532s][info   ][gc,marking     ] GC(220) Concurrent Mark (0.532s)
[0.532s][info   ][gc,marking     ] GC(220) Concurrent Mark From Roots
[0.532s][info   ][gc,task        ] GC(220) Using 3 workers of 3 for marking
[0.532s][info   ][gc,phases,start] GC(219) Phase 1: Mark live objects
[0.533s][info   ][gc,stringtable ] GC(219) Cleaned string and symbol table, strings: 1510 processed, 0 removed, symbols: 17835 processed, 0 removed
[0.533s][info   ][gc,phases      ] GC(219) Phase 1: Mark live objects 0.437ms
[0.533s][info   ][gc,phases,start] GC(219) Phase 2: Prepare for compaction
[0.533s][info   ][gc,phases      ] GC(219) Phase 2: Prepare for compaction 0.208ms
[0.533s][info   ][gc,phases,start] GC(219) Phase 3: Adjust pointers
[0.533s][info   ][gc,phases      ] GC(219) Phase 3: Adjust pointers 0.168ms
[0.533s][info   ][gc,phases,start] GC(219) Phase 4: Compact heap
[0.534s][info   ][gc,phases      ] GC(219) Phase 4: Compact heap 0.335ms
[0.534s][info   ][gc,heap        ] GC(219) Eden regions: 0->0(12)
[0.534s][info   ][gc,heap        ] GC(219) Survivor regions: 0->0(2)
[0.534s][info   ][gc,heap        ] GC(219) Old regions: 141->141
[0.534s][info   ][gc,heap        ] GC(219) Humongous regions: 115->115
[0.534s][info   ][gc,metaspace   ] GC(219) Metaspace: 3896K->3896K(1056768K)
[0.534s][info   ][gc             ] GC(219) Pause Full (G1 Evacuation Pause) 246M->246M(256M) 1.616ms
[0.534s][info   ][gc,cpu         ] GC(219) User=0.00s Sys=0.00s Real=0.00s
[0.534s][info   ][gc,task        ] GC(221) Using 6 workers of 13 for full compaction
[0.534s][info   ][gc,start       ] GC(221) Pause Full (G1 Evacuation Pause)
[0.534s][info   ][gc,phases,start] GC(221) Phase 1: Mark live objects
[0.534s][info   ][gc,stringtable ] GC(221) Cleaned string and symbol table, strings: 1510 processed, 0 removed, symbols: 17835 processed, 0 removed
[0.534s][info   ][gc,phases      ] GC(221) Phase 1: Mark live objects 0.396ms
[0.534s][info   ][gc,phases,start] GC(221) Phase 2: Prepare for compaction
[0.534s][info   ][gc,phases      ] GC(221) Phase 2: Prepare for compaction 0.184ms
[0.534s][info   ][gc,phases,start] GC(221) Phase 3: Adjust pointers
[0.535s][info   ][gc,phases      ] GC(221) Phase 3: Adjust pointers 0.167ms
[0.535s][info   ][gc,phases,start] GC(221) Phase 4: Compact heap
[0.536s][info   ][gc,phases      ] GC(221) Phase 4: Compact heap 0.970ms
[0.536s][info   ][gc,heap        ] GC(221) Eden regions: 0->0(12)
[0.536s][info   ][gc,heap        ] GC(221) Survivor regions: 0->0(2)
[0.536s][info   ][gc,heap        ] GC(221) Old regions: 141->140
[0.536s][info   ][gc,heap        ] GC(221) Humongous regions: 115->115
[0.536s][info   ][gc,metaspace   ] GC(221) Metaspace: 3896K->3896K(1056768K)
[0.536s][info   ][gc             ] GC(221) Pause Full (G1 Evacuation Pause) 246M->246M(256M) 1.953ms
[0.536s][info   ][gc,cpu         ] GC(221) User=0.01s Sys=0.00s Real=0.00s
[0.536s][info   ][gc,marking     ] GC(220) Concurrent Mark From Roots 3.688ms
[0.536s][info   ][gc,marking     ] GC(220) Concurrent Mark Abort
[0.536s][info   ][gc             ] GC(220) Concurrent Cycle 3.794ms
[0.536s][info   ][gc,start       ] GC(222) Pause Young (Normal) (G1 Evacuation Pause)
[0.536s][info   ][gc,task        ] GC(222) Using 6 workers of 13 for evacuation
[0.536s][info   ][gc             ] GC(222) To-space exhausted
[0.536s][info   ][gc,phases      ] GC(222)   Pre Evacuate Collection Set: 0.0ms
[0.536s][info   ][gc,phases      ] GC(222)   Evacuate Collection Set: 0.0ms
[0.536s][info   ][gc,phases      ] GC(222)   Post Evacuate Collection Set: 0.1ms
[0.536s][info   ][gc,phases      ] GC(222)   Other: 0.1ms
[0.536s][info   ][gc,heap        ] GC(222) Eden regions: 1->0(12)
[0.536s][info   ][gc,heap        ] GC(222) Survivor regions: 0->0(2)
[0.536s][info   ][gc,heap        ] GC(222) Old regions: 140->141
[0.536s][info   ][gc,heap        ] GC(222) Humongous regions: 115->115
[0.536s][info   ][gc,metaspace   ] GC(222) Metaspace: 3896K->3896K(1056768K)
[0.536s][info   ][gc             ] GC(222) Pause Young (Normal) (G1 Evacuation Pause) 247M->247M(256M) 0.226ms
[0.536s][info   ][gc,cpu         ] GC(222) User=0.00s Sys=0.00s Real=0.00s
[0.536s][info   ][gc,task        ] GC(223) Using 6 workers of 13 for full compaction
[0.536s][info   ][gc,start       ] GC(223) Pause Full (G1 Evacuation Pause)
[0.536s][info   ][gc,phases,start] GC(223) Phase 1: Mark live objects
[0.537s][info   ][gc,stringtable ] GC(223) Cleaned string and symbol table, strings: 1510 processed, 0 removed, symbols: 17835 processed, 0 removed
[0.537s][info   ][gc,phases      ] GC(223) Phase 1: Mark live objects 0.420ms
[0.537s][info   ][gc,phases,start] GC(223) Phase 2: Prepare for compaction
[0.537s][info   ][gc,phases      ] GC(223) Phase 2: Prepare for compaction 0.223ms
[0.537s][info   ][gc,phases,start] GC(223) Phase 3: Adjust pointers
[0.537s][info   ][gc,phases      ] GC(223) Phase 3: Adjust pointers 0.155ms
[0.537s][info   ][gc,phases,start] GC(223) Phase 4: Compact heap
[0.538s][info   ][gc,phases      ] GC(223) Phase 4: Compact heap 0.643ms
[0.538s][info   ][gc,heap        ] GC(223) Eden regions: 0->0(12)
[0.538s][info   ][gc,heap        ] GC(223) Survivor regions: 0->0(2)
[0.538s][info   ][gc,heap        ] GC(223) Old regions: 141->141
[0.538s][info   ][gc,heap        ] GC(223) Humongous regions: 115->115
[0.538s][info   ][gc,metaspace   ] GC(223) Metaspace: 3896K->3896K(1056768K)
[0.538s][info   ][gc             ] GC(223) Pause Full (G1 Evacuation Pause) 247M->246M(256M) 1.679ms
[0.538s][info   ][gc,cpu         ] GC(223) User=0.00s Sys=0.00s Real=0.00s
[0.538s][info   ][gc,task        ] GC(224) Using 6 workers of 13 for full compaction
[0.538s][info   ][gc,start       ] GC(224) Pause Full (G1 Evacuation Pause)
[0.538s][info   ][gc,phases,start] GC(224) Phase 1: Mark live objects
[0.538s][info   ][gc,stringtable ] GC(224) Cleaned string and symbol table, strings: 1510 processed, 0 removed, symbols: 17835 processed, 0 removed
[0.538s][info   ][gc,phases      ] GC(224) Phase 1: Mark live objects 0.390ms
[0.538s][info   ][gc,phases,start] GC(224) Phase 2: Prepare for compaction
[0.539s][info   ][gc,phases      ] GC(224) Phase 2: Prepare for compaction 0.223ms
[0.539s][info   ][gc,phases,start] GC(224) Phase 3: Adjust pointers
[0.539s][info   ][gc,phases      ] GC(224) Phase 3: Adjust pointers 0.178ms
[0.539s][info   ][gc,phases,start] GC(224) Phase 4: Compact heap
[0.540s][info   ][gc,phases      ] GC(224) Phase 4: Compact heap 0.948ms
[0.540s][info   ][gc,heap        ] GC(224) Eden regions: 0->0(12)
[0.540s][info   ][gc,heap        ] GC(224) Survivor regions: 0->0(2)
[0.540s][info   ][gc,heap        ] GC(224) Old regions: 141->140
[0.540s][info   ][gc,heap        ] GC(224) Humongous regions: 115->115
[0.540s][info   ][gc,metaspace   ] GC(224) Metaspace: 3896K->3896K(1056768K)
[0.540s][info   ][gc             ] GC(224) Pause Full (G1 Evacuation Pause) 246M->246M(256M) 1.979ms
[0.540s][info   ][gc,cpu         ] GC(224) User=0.01s Sys=0.00s Real=0.01s
[0.540s][info   ][gc,start       ] GC(225) Pause Young (Concurrent Start) (G1 Humongous Allocation)
[0.540s][info   ][gc,task        ] GC(225) Using 6 workers of 13 for evacuation
[0.540s][info   ][gc             ] GC(225) To-space exhausted
[0.541s][info   ][gc,phases      ] GC(225)   Pre Evacuate Collection Set: 0.0ms
[0.541s][info   ][gc,phases      ] GC(225)   Evacuate Collection Set: 0.1ms
[0.541s][info   ][gc,phases      ] GC(225)   Post Evacuate Collection Set: 0.1ms
[0.541s][info   ][gc,phases      ] GC(225)   Other: 0.1ms
[0.541s][info   ][gc,heap        ] GC(225) Eden regions: 1->0(12)
[0.541s][info   ][gc,heap        ] GC(225) Survivor regions: 0->0(2)
[0.541s][info   ][gc,heap        ] GC(225) Old regions: 140->141
[0.541s][info   ][gc,heap        ] GC(225) Humongous regions: 115->115
[0.541s][info   ][gc,metaspace   ] GC(225) Metaspace: 3896K->3896K(1056768K)
[0.541s][info   ][gc             ] GC(225) Pause Young (Concurrent Start) (G1 Humongous Allocation) 247M->247M(256M) 0.314ms
[0.541s][info   ][gc,cpu         ] GC(225) User=0.00s Sys=0.00s Real=0.00s
[0.541s][info   ][gc             ] GC(226) Concurrent Cycle
[0.541s][info   ][gc,marking     ] GC(226) Concurrent Clear Claimed Marks
[0.541s][info   ][gc,marking     ] GC(226) Concurrent Clear Claimed Marks 0.006ms
[0.541s][info   ][gc,marking     ] GC(226) Concurrent Scan Root Regions
[0.541s][info   ][gc,marking     ] GC(226) Concurrent Scan Root Regions 0.006ms
[0.541s][info   ][gc,marking     ] GC(226) Concurrent Mark (0.541s)
[0.541s][info   ][gc,marking     ] GC(226) Concurrent Mark From Roots
[0.541s][info   ][gc,task        ] GC(226) Using 3 workers of 3 for marking
[0.541s][info   ][gc,start       ] GC(227) Pause Young (Normal) (G1 Humongous Allocation)
[0.541s][info   ][gc,task        ] GC(227) Using 6 workers of 13 for evacuation
[0.541s][info   ][gc,phases      ] GC(227)   Pre Evacuate Collection Set: 0.0ms
[0.541s][info   ][gc,phases      ] GC(227)   Evacuate Collection Set: 0.0ms
[0.541s][info   ][gc,phases      ] GC(227)   Post Evacuate Collection Set: 0.0ms
[0.541s][info   ][gc,phases      ] GC(227)   Other: 0.1ms
[0.541s][info   ][gc,heap        ] GC(227) Eden regions: 0->0(12)
[0.541s][info   ][gc,heap        ] GC(227) Survivor regions: 0->0(2)
[0.541s][info   ][gc,heap        ] GC(227) Old regions: 141->141
[0.541s][info   ][gc,heap        ] GC(227) Humongous regions: 115->115
[0.541s][info   ][gc,metaspace   ] GC(227) Metaspace: 3896K->3896K(1056768K)
[0.541s][info   ][gc             ] GC(227) Pause Young (Normal) (G1 Humongous Allocation) 247M->247M(256M) 0.215ms
[0.541s][info   ][gc,cpu         ] GC(227) User=0.00s Sys=0.00s Real=0.00s
[0.541s][info   ][gc,task        ] GC(228) Using 6 workers of 13 for full compaction
[0.541s][info   ][gc,start       ] GC(228) Pause Full (G1 Humongous Allocation)
[0.541s][info   ][gc,phases,start] GC(228) Phase 1: Mark live objects
[0.542s][info   ][gc,stringtable ] GC(228) Cleaned string and symbol table, strings: 1510 processed, 0 removed, symbols: 17835 processed, 0 removed
[0.542s][info   ][gc,phases      ] GC(228) Phase 1: Mark live objects 0.411ms
[0.542s][info   ][gc,phases,start] GC(228) Phase 2: Prepare for compaction
[0.542s][info   ][gc,phases      ] GC(228) Phase 2: Prepare for compaction 0.226ms
[0.542s][info   ][gc,phases,start] GC(228) Phase 3: Adjust pointers
[0.542s][info   ][gc,phases      ] GC(228) Phase 3: Adjust pointers 0.174ms
[0.542s][info   ][gc,phases,start] GC(228) Phase 4: Compact heap
[0.543s][info   ][gc,phases      ] GC(228) Phase 4: Compact heap 0.934ms
[0.543s][info   ][gc,heap        ] GC(228) Eden regions: 0->0(12)
[0.543s][info   ][gc,heap        ] GC(228) Survivor regions: 0->0(2)
[0.543s][info   ][gc,heap        ] GC(228) Old regions: 141->141
[0.543s][info   ][gc,heap        ] GC(228) Humongous regions: 115->115
[0.543s][info   ][gc,metaspace   ] GC(228) Metaspace: 3896K->3896K(1056768K)
[0.543s][info   ][gc             ] GC(228) Pause Full (G1 Humongous Allocation) 247M->246M(256M) 2.184ms
[0.543s][info   ][gc,cpu         ] GC(228) User=0.00s Sys=0.01s Real=0.00s
[0.543s][info   ][gc,task        ] GC(229) Using 6 workers of 13 for full compaction
[0.543s][info   ][gc,start       ] GC(229) Pause Full (G1 Humongous Allocation)
[0.543s][info   ][gc,phases,start] GC(229) Phase 1: Mark live objects
[0.544s][info   ][gc,stringtable ] GC(229) Cleaned string and symbol table, strings: 1510 processed, 0 removed, symbols: 17835 processed, 0 removed
[0.544s][info   ][gc,phases      ] GC(229) Phase 1: Mark live objects 0.421ms
[0.544s][info   ][gc,phases,start] GC(229) Phase 2: Prepare for compaction
[0.544s][info   ][gc,phases      ] GC(229) Phase 2: Prepare for compaction 0.253ms
[0.544s][info   ][gc,phases,start] GC(229) Phase 3: Adjust pointers
[0.544s][info   ][gc,phases      ] GC(229) Phase 3: Adjust pointers 0.166ms
[0.544s][info   ][gc,phases,start] GC(229) Phase 4: Compact heap
[0.545s][info   ][gc,phases      ] GC(229) Phase 4: Compact heap 0.480ms
[0.545s][info   ][gc,heap        ] GC(229) Eden regions: 0->0(12)
[0.545s][info   ][gc,heap        ] GC(229) Survivor regions: 0->0(2)
[0.545s][info   ][gc,heap        ] GC(229) Old regions: 141->141
[0.545s][info   ][gc,heap        ] GC(229) Humongous regions: 115->115
[0.545s][info   ][gc,metaspace   ] GC(229) Metaspace: 3896K->3896K(1056768K)
[0.545s][info   ][gc             ] GC(229) Pause Full (G1 Humongous Allocation) 246M->246M(256M) 1.566ms
[0.545s][info   ][gc,cpu         ] GC(229) User=0.01s Sys=0.00s Real=0.00s
[0.545s][info   ][gc,marking     ] GC(226) Concurrent Mark From Roots 4.184ms
[0.545s][info   ][gc,marking     ] GC(226) Concurrent Mark Abort
[0.545s][info   ][gc             ] GC(226) Concurrent Cycle 4.242ms
[0.545s][info   ][gc,start       ] GC(230) Pause Young (Normal) (G1 Evacuation Pause)
[0.545s][info   ][gc,task        ] GC(230) Using 6 workers of 13 for evacuation
[0.545s][info   ][gc,phases      ] GC(230)   Pre Evacuate Collection Set: 0.0ms
[0.545s][info   ][gc,phases      ] GC(230)   Evacuate Collection Set: 0.1ms
[0.545s][info   ][gc,phases      ] GC(230)   Post Evacuate Collection Set: 0.0ms
[0.545s][info   ][gc,phases      ] GC(230)   Other: 0.0ms
[0.545s][info   ][gc,heap        ] GC(230) Eden regions: 0->0(12)
[0.545s][info   ][gc,heap        ] GC(230) Survivor regions: 0->0(2)
[0.545s][info   ][gc,heap        ] GC(230) Old regions: 141->141
[0.545s][info   ][gc,heap        ] GC(230) Humongous regions: 115->115
[0.545s][info   ][gc,metaspace   ] GC(230) Metaspace: 3897K->3897K(1056768K)
[0.545s][info   ][gc             ] GC(230) Pause Young (Normal) (G1 Evacuation Pause) 246M->246M(256M) 0.226ms
[0.545s][info   ][gc,cpu         ] GC(230) User=0.00s Sys=0.00s Real=0.00s
[0.545s][info   ][gc,task        ] GC(231) Using 6 workers of 13 for full compaction
[0.545s][info   ][gc,start       ] GC(231) Pause Full (G1 Evacuation Pause)
[0.545s][info   ][gc,phases,start] GC(231) Phase 1: Mark live objects
[0.546s][info   ][gc,stringtable ] GC(231) Cleaned string and symbol table, strings: 1510 processed, 0 removed, symbols: 17835 processed, 0 removed
[0.546s][info   ][gc,phases      ] GC(231) Phase 1: Mark live objects 0.394ms
[0.546s][info   ][gc,phases,start] GC(231) Phase 2: Prepare for compaction
[0.546s][info   ][gc,phases      ] GC(231) Phase 2: Prepare for compaction 0.166ms
[0.546s][info   ][gc,phases,start] GC(231) Phase 3: Adjust pointers
[0.546s][info   ][gc,phases      ] GC(231) Phase 3: Adjust pointers 0.184ms
[0.546s][info   ][gc,phases,start] GC(231) Phase 4: Compact heap
[0.546s][info   ][gc,phases      ] GC(231) Phase 4: Compact heap 0.163ms
[0.546s][info   ][gc,heap        ] GC(231) Eden regions: 0->0(153)
[0.546s][info   ][gc,heap        ] GC(231) Survivor regions: 0->0(2)
[0.546s][info   ][gc,heap        ] GC(231) Old regions: 141->6
[0.546s][info   ][gc,heap        ] GC(231) Humongous regions: 115->0
[0.546s][info   ][gc,metaspace   ] GC(231) Metaspace: 3897K->3897K(1056768K)
[0.546s][info   ][gc             ] GC(231) Pause Full (G1 Evacuation Pause) 246M->0M(256M) 1.139ms
[0.546s][info   ][gc,cpu         ] GC(231) User=0.00s Sys=0.00s Real=0.00s
[0.548s][info   ][gc,heap,exit   ] Heap
[0.548s][info   ][gc,heap,exit   ]  garbage-first heap   total 262144K, used 533K [0x00000007f0000000, 0x0000000800000000)
[0.548s][info   ][gc,heap,exit   ]   region size 1024K, 1 young (1024K), 0 survivors (0K)
[0.548s][info   ][gc,heap,exit   ]  Metaspace       used 3935K, capacity 4490K, committed 4864K, reserved 1056768K
[0.548s][info   ][gc,heap,exit   ]   class space    used 335K, capacity 386K, committed 512K, reserved 1048576K
